13:06:14|INFO   |[1] 'einstein podolsky rosen steering' route=A_openalex_native cand=353 links=286 t=42.7s credits=2566 rem=None store=64174 s2calls=0/0
13:06:14|INFO   |[2] 'mirage mediation' route=A_openalex_native cand=122 links=110 t=23.0s credits=2566 rem=None store=64174 s2calls=0/0
13:06:14|INFO   |[3] 'full duplex cellular' route=A_openalex_native cand=154 links=153 t=16.3s credits=2566 rem=None store=64174 s2calls=0/0
13:06:14|INFO   |[4] 'deep metric learning' route=A_openalex_native cand=1473 links=1469 t=199.9s credits=2566 rem=None store=64174 s2calls=0/0
13:06:14|INFO   |[5] 'graphene quantum dot' route=A_openalex_native cand=8308 links=8249 t=1461.2s credits=2566 rem=None store=64174 s2calls=0/0
13:06:14|INFO   |[6] 'tensor complementarity' route=A_openalex_native cand=168 links=168 t=36.4s credits=2566 rem=None store=64174 s2calls=0/0
13:06:15|INFO   |[7] 'proton radius puzzle' route=A_openalex_native cand=244 links=240 t=65.2s credits=2566 rem=None store=64174 s2calls=0/0
13:06:15|INFO   |[8] 'massive mu mimo' route=A_openalex_native cand=344 links=336 t=82.6s credits=2566 rem=None store=64174 s2calls=0/0
13:06:15|INFO   |[9] 'adenomyoma' route=A_openalex_native cand=1260 links=1260 t=264.9s credits=2566 rem=None store=64174 s2calls=0/0
13:06:15|INFO   |[10] 'mmwave cellular network' route=A_openalex_native cand=314 links=270 t=93.1s credits=2566 rem=None store=64174 s2calls=0/0
13:06:15|INFO   |[11] 'body area sensor network' route=A_openalex_native cand=540 links=488 t=156.4s credits=2566 rem=None store=64174 s2calls=0/0
13:06:15|INFO   |[12] 'gaussian belief' route=A_openalex_native cand=325 links=324 t=92.4s credits=2566 rem=None store=64174 s2calls=0/0
13:06:15|INFO   |[13] 'natural supersymmetry' route=A_openalex_native cand=188 links=186 t=50.0s credits=2566 rem=None store=64174 s2calls=0/0
13:06:15|INFO   |[14] 'planar pixel sensor' route=A_openalex_native cand=110 links=109 t=42.0s credits=2566 rem=None store=64174 s2calls=0/0
13:06:15|INFO   |[15] 'single layer mos2' route=A_openalex_native cand=656 links=611 t=131.6s credits=2566 rem=None store=64174 s2calls=0/0
13:06:15|INFO   |[16] 'feas superconductor' route=A_openalex_native cand=143 links=134 t=62.9s credits=2566 rem=None store=64174 s2calls=0/0
13:06:15|INFO   |[17] 'convolutional sparse coding' route=A_openalex_native cand=509 links=493 t=142.6s credits=2566 rem=None store=64174 s2calls=0/0
13:06:15|INFO   |[18] 'photosynthetic complex' route=A_openalex_native cand=1060 links=1059 t=205.5s credits=2566 rem=None store=64174 s2calls=0/0
13:06:15|INFO   |[19] 'ionization injection' route=A_openalex_native cand=231 links=229 t=62.7s credits=2566 rem=None store=64174 s2calls=0/0
13:06:15|INFO   |[20] 'hom hopf algebras' route=A_openalex_native cand=100 links=79 t=67.1s credits=2566 rem=None store=64174 s2calls=0/0
13:06:15|INFO   |[21] 'beam energy scan' route=A_openalex_native cand=806 links=798 t=151.0s credits=2566 rem=None store=64174 s2calls=0/0
13:06:15|INFO   |[22] 'sparse recovery' route=A_openalex_native cand=3561 links=3469 t=893.4s credits=2566 rem=None store=64174 s2calls=0/0
13:06:15|INFO   |[23] 'rf energy harvesting' route=A_openalex_native cand=2902 links=2604 t=745.6s credits=2566 rem=None store=64174 s2calls=0/0
13:06:15|INFO   |[24] 'adversarial example' route=A_openalex_native cand=8824 links=8823 t=1586.3s credits=2566 rem=None store=64174 s2calls=0/0
13:06:15|INFO   |[25] 'interfacial dzyaloshinskii moriya intera' route=A_openalex_native cand=651 links=499 t=159.9s credits=2566 rem=None store=64174 s2calls=0/0
13:06:15|INFO   |[26] 'quark lepton complementarity' route=A_openalex_native cand=101 links=93 t=55.1s credits=2566 rem=None store=64174 s2calls=0/0
13:06:15|INFO   |[27] 'calcium imaging' route=B_s2_index cand=8043 links=7229 t=2116.3s credits=2566 rem=None store=64174 s2calls=0/0
13:06:15|INFO   |[28] 'maximum conformality' route=B_s2_index cand=149 links=104 t=42.9s credits=2566 rem=None store=64174 s2calls=0/0
13:06:15|INFO   |[29] 'type iii seesaw' route=B_s2_index cand=189 links=150 t=229.2s credits=2566 rem=None store=64174 s2calls=0/0
13:06:15|INFO   |[30] 'grand lebesgue space' route=B_s2_index cand=289 links=233 t=226.1s credits=2566 rem=None store=64174 s2calls=0/0
13:06:15|INFO   |[31] 'eddington inspired born infeld gravity' route=B_s2_index cand=134 links=89 t=94.1s credits=2566 rem=None store=64174 s2calls=0/0
13:06:16|INFO   |[32] 'polar code' route=B_s2_index cand=4058 links=3559 t=1023.0s credits=2566 rem=None store=64174 s2calls=0/0
13:06:16|INFO   |[33] 'top forward backward asymmetry' route=B_s2_index cand=45 links=35 t=38.8s credits=2566 rem=None store=64174 s2calls=0/0
13:06:16|INFO   |[34] 'chern insulator' route=B_s2_index cand=1469 links=1244 t=442.1s credits=2566 rem=None store=64174 s2calls=0/0
13:06:16|INFO   |[35] 'symmetry fractionalization' route=B_s2_index cand=131 links=95 t=83.6s credits=2566 rem=None store=64174 s2calls=0/0
13:06:16|INFO   |[36] 'redback millisecond pulsar' route=B_s2_index cand=52 links=39 t=58.8s credits=2566 rem=None store=64174 s2calls=0/0
13:06:16|INFO   |[37] 'horava gravity' route=B_s2_index cand=248 links=66 t=89.7s credits=2566 rem=None store=64174 s2calls=0/0
13:06:16|INFO   |[38] 'detector in pp collision' route=B_s2_index cand=198 links=74 t=80.0s credits=2566 rem=None store=64174 s2calls=0/0
13:06:16|INFO   |[39] 'quantum machine learning' route=B_s2_index cand=2457 links=2121 t=767.2s credits=2566 rem=None store=64174 s2calls=0/0
13:06:16|INFO   |[40] 'ising nanowire' route=B_s2_index cand=115 links=102 t=108.6s credits=2566 rem=None store=64174 s2calls=0/0
13:06:16|INFO   |[41] 'monocular slam' route=B_s2_index cand=694 links=630 t=246.1s credits=2566 rem=None store=64174 s2calls=0/0
13:06:16|INFO   |[42] 'mock modular' route=B_s2_index cand=354 links=246 t=64.7s credits=2566 rem=None store=64174 s2calls=0/0
13:08:23|INFO   |[43] 'spin liquid candidate' route=B_s2_index cand=327 links=263 t=126.7s credits=2566 rem=0 store=64841 s2calls=4/2
13:10:07|INFO   |[44] 'horndeski gravity' route=B_s2_index cand=227 links=182 t=104.0s credits=2566 rem=0 store=66182 s2calls=7/4
13:11:49|INFO   |[45] 'survey science verification data' route=B_s2_index cand=30 links=26 t=102.1s credits=2566 rem=0 store=67694 s2calls=8/4
13:13:27|INFO   |[46] 'fog computing' route=B_s2_index cand=9775 links=9189 t=431.7s credits=2566 rem=0 store=68975 s2calls=11/4
13:15:39|INFO   |[47] 'quantum anomalous hall' route=B_s2_index cand=1978 links=1689 t=563.4s credits=2566 rem=0 store=70994 s2calls=12/4
13:17:21|INFO   |[48] 'klein tunneling' route=B_s2_index cand=681 links=549 t=233.5s credits=2566 rem=0 store=72310 s2calls=13/4
13:17:43|INFO   |[49] 'deep face recognition' route=B_s2_index cand=297 links=282 t=123.0s credits=2566 rem=0 store=73307 s2calls=14/4
13:20:55|INFO   |[50] 'group lasso' route=B_s2_index cand=2038 links=1738 t=545.6s credits=2566 rem=0 store=75463 s2calls=33/15
13:21:16|INFO   |[51] 'grammatical error correction' route=B_s2_index cand=608 links=533 t=234.9s credits=2566 rem=0 store=76375 s2calls=35/15
13:27:32|INFO   |[52] 'poly ionic liquid' route=B_s2_index cand=1897 links=526 t=397.3s credits=2566 rem=0 store=80956 s2calls=38/15
13:29:19|INFO   |[53] 'conductivity in graphene' route=B_s2_index cand=2508 links=637 t=483.0s credits=2566 rem=0 store=82901 s2calls=40/16
13:31:27|INFO   |[54] 'state quantum key distribution' route=B_s2_index cand=300 links=260 t=127.9s credits=2566 rem=0 store=84619 s2calls=43/18
13:31:50|INFO   |[55] 'monolayer wse2' route=B_s2_index cand=754 links=497 t=257.9s credits=2566 rem=0 store=85314 s2calls=47/21
13:32:33|INFO   |[56] 'spin orbit coupled fermi gas' route=B_s2_index cand=91 links=77 t=65.9s credits=2566 rem=0 store=85755 s2calls=48/21
13:32:34|INFO   |[57] 'relay network' route=B_s2_index cand=10461 links=8535 t=1578.4s credits=2566 rem=0 store=86137 s2calls=48/21
13:32:34|INFO   |[58] 'generalized proca' route=B_s2_index cand=107 links=94 t=44.2s credits=2566 rem=0 store=86233 s2calls=48/21
13:35:44|INFO   |[59] 'differential game' route=B_s2_index cand=6283 links=5554 t=1767.4s credits=2566 rem=0 store=88220 s2calls=57/25
13:36:09|INFO   |[60] 'monolayer mos' route=B_s2_index cand=534 links=328 t=214.9s credits=2566 rem=0 store=88316 s2calls=58/25
13:37:22|INFO   |[61] 'orbital feshbach resonance' route=B_s2_index cand=44 links=34 t=72.9s credits=2566 rem=0 store=89398 s2calls=59/25
13:37:30|INFO   |[62] 'java bytecode' route=B_s2_index cand=1144 links=920 t=295.6s credits=2566 rem=0 store=90065 s2calls=60/25
13:38:02|INFO   |[63] 'holographic thermalization' route=B_s2_index cand=141 links=68 t=39.3s credits=2566 rem=0 store=90140 s2calls=61/25
13:38:27|INFO   |[64] 'local differential privacy' route=B_s2_index cand=1219 links=1109 t=353.8s credits=2566 rem=0 store=90883 s2calls=64/25
13:38:53|INFO   |[65] 'superconformal chern simons theory' route=B_s2_index cand=123 links=75 t=82.7s credits=2566 rem=0 store=91333 s2calls=66/25
13:39:52|INFO   |[66] 'unsupervised feature learning' route=B_s2_index cand=943 links=835 t=248.0s credits=2566 rem=0 store=91458 s2calls=70/27
13:41:58|INFO   |[67] 'density dependent viscosity' route=B_s2_index cand=375 links=298 t=126.0s credits=2566 rem=0 store=93230 s2calls=71/27
13:47:18|INFO   |[68] 'graphene growth' route=B_s2_index cand=2008 links=1745 t=556.0s credits=2566 rem=0 store=97916 s2calls=78/28
13:48:11|INFO   |[69] 'participatory sensing' route=B_s2_index cand=1540 links=1201 t=558.2s credits=2566 rem=0 store=98512 s2calls=79/28
13:49:17|INFO   |[70] 'audio tagging' route=B_s2_index cand=295 links=186 t=119.6s credits=2566 rem=0 store=99450 s2calls=80/28
13:49:18|INFO   |[71] 'monocular depth estimation' route=B_s2_index cand=1829 links=1700 t=651.1s credits=2566 rem=0 store=100010 s2calls=80/28
13:49:18|INFO   |[72] 'fidelity susceptibility' route=B_s2_index cand=316 links=281 t=67.2s credits=2566 rem=0 store=100297 s2calls=80/28
13:51:07|INFO   |[73] 'mathieu moonshine' route=B_s2_index cand=81 links=54 t=108.1s credits=2566 rem=0 store=101060 s2calls=89/34
13:52:23|INFO   |[74] 'sequence to sequence learning' route=B_s2_index cand=488 links=413 t=186.1s credits=2566 rem=0 store=102229 s2calls=90/34
13:52:34|INFO   |[75] 'graphical lasso' route=B_s2_index cand=657 links=587 t=195.6s credits=2566 rem=0 store=103160 s2calls=91/34
13:53:14|INFO   |[76] 'anisotropic dark energy' route=B_s2_index cand=197 links=143 t=127.2s credits=2566 rem=0 store=103308 s2calls=92/34
13:53:51|INFO   |[77] 'diphoton rate' route=B_s2_index cand=84 links=58 t=76.8s credits=2566 rem=0 store=103366 s2calls=94/34
13:54:11|INFO   |[78] 'stanley depth' route=B_s2_index cand=159 links=132 t=107.9s credits=2566 rem=0 store=104213 s2calls=96/35
13:54:54|INFO   |[79] 'codes for distributed storage' route=B_s2_index cand=343 links=162 t=42.5s credits=2566 rem=0 store=104553 s2calls=97/35
13:55:24|INFO   |[80] 'topological insulators and superconducto' route=B_s2_index cand=360 links=237 t=92.9s credits=2566 rem=0 store=105515 s2calls=103/38
13:56:07|INFO   |[81] 'distributed storage' route=B_s2_index cand=7776 links=6468 t=2304.4s credits=2566 rem=0 store=105617 s2calls=104/38
13:56:32|INFO   |[82] 'superluminous supernova' route=B_s2_index cand=169 links=153 t=68.3s credits=2566 rem=0 store=106497 s2calls=105/38
13:57:56|INFO   |[83] 'nonlinear massive gravity' route=B_s2_index cand=61 links=55 t=109.1s credits=2566 rem=0 store=106934 s2calls=107/38
13:58:14|INFO   |[84] 'hénon map' route=B_s2_index cand=1571 links=835 t=299.7s credits=2566 rem=0 store=107251 s2calls=108/38
13:58:54|INFO   |[85] 'brane tiling' route=B_s2_index cand=112 links=87 t=57.7s credits=2566 rem=0 store=108097 s2calls=111/39
14:03:53|INFO   |[86] 'electrons in graphene' route=B_s2_index cand=1061 links=629 t=339.5s credits=2566 rem=0 store=112828 s2calls=116/42
14:05:28|INFO   |[87] 'hyperbolic metamaterial' route=B_s2_index cand=1752 links=1630 t=535.7s credits=2566 rem=0 store=113284 s2calls=119/42
14:06:46|INFO   |[88] 'ricci dark energy' route=B_s2_index cand=242 links=181 t=78.6s credits=2566 rem=0 store=114908 s2calls=120/42
14:06:47|INFO   |[89] 'medicago truncatula' route=B_s2_index cand=5280 links=4709 t=1489.3s credits=2566 rem=0 store=114982 s2calls=120/42
14:06:49|INFO   |[90] 'salient object detection' route=B_s2_index cand=2766 links=2554 t=715.4s credits=2566 rem=0 store=115286 s2calls=121/42
14:06:58|INFO   |[91] 'ipv6 address' route=B_s2_index cand=1818 links=1270 t=484.4s credits=2566 rem=0 store=115792 s2calls=124/42
14:08:18|INFO   |[92] 'lhc signature' route=B_s2_index cand=180 links=137 t=91.2s credits=2566 rem=0 store=115926 s2calls=125/42
14:08:18|INFO   |[93] 'zero forcing number' route=B_s2_index cand=226 links=191 t=79.8s credits=2566 rem=0 store=116125 s2calls=125/42
14:08:19|INFO   |[94] 'semimetal state' route=B_s2_index cand=321 links=266 t=89.5s credits=2566 rem=0 store=116392 s2calls=125/42
14:09:58|INFO   |[95] 'interacting holographic dark energy' route=B_s2_index cand=156 links=113 t=99.3s credits=2566 rem=0 store=117950 s2calls=158/53
14:11:37|INFO   |[96] 'graphene on sic' route=B_s2_index cand=1263 links=914 t=290.1s credits=2566 rem=0 store=118874 s2calls=162/55
14:11:42|INFO   |[97] 'iron pnictide superconductor' route=B_s2_index cand=677 links=556 t=204.7s credits=2566 rem=0 store=119103 s2calls=163/55
14:13:06|INFO   |[98] 'ba fe co' route=B_s2_index cand=77 links=26 t=89.1s credits=2566 rem=0 store=120185 s2calls=164/55
14:13:42|INFO   |[99] 'quantum spin hall' route=B_s2_index cand=2626 links=2266 t=588.6s credits=2566 rem=0 store=121138 s2calls=166/56
14:14:08|INFO   |[100] 'galactic center gamma ray excess' route=B_s2_index cand=109 links=92 t=61.1s credits=2566 rem=0 store=121234 s2calls=169/56
14:14:08|INFO   |[101] 'stochastic variational inference' route=B_s2_index cand=426 links=353 t=145.1s credits=2566 rem=0 store=121255 s2calls=169/56
14:15:48|INFO   |[102] 'cone metric space' route=B_s2_index cand=1247 links=973 t=350.4s credits=2566 rem=0 store=122690 s2calls=173/56
14:19:05|INFO   |[103] 'fine grained recognition' route=B_s2_index cand=552 links=503 t=297.0s credits=2566 rem=0 store=125817 s2calls=174/56
14:19:05|INFO   |[104] 'conductivity of graphene' route=B_s2_index cand=2508 links=1903 t=297.6s credits=2566 rem=0 store=125959 s2calls=174/56
14:19:05|INFO   |[105] 'fractional p laplacian' route=B_s2_index cand=661 links=414 t=197.1s credits=2566 rem=0 store=126101 s2calls=174/56
14:20:26|INFO   |[106] 'on shell diagram' route=B_s2_index cand=106 links=69 t=80.3s credits=2566 rem=0 store=126549 s2calls=177/56
14:21:38|INFO   |[107] 'soft theorem' route=B_s2_index cand=364 links=281 t=153.1s credits=2566 rem=0 store=127915 s2calls=178/56
14:22:17|INFO   |[108] 'thin film equation' route=B_s2_index cand=582 links=472 t=192.5s credits=2566 rem=0 store=128429 s2calls=179/56
14:22:18|INFO   |[109] 'cloud radio' route=B_s2_index cand=2370 links=2215 t=515.9s credits=2566 rem=0 store=128736 s2calls=179/56
14:23:00|INFO   |[110] 'entanglement negativity' route=B_s2_index cand=259 links=212 t=81.7s credits=2566 rem=0 store=129313 s2calls=181/56
14:23:02|INFO   |[111] 'majorana edge' route=B_s2_index cand=441 links=372 t=44.7s credits=2566 rem=0 store=130020 s2calls=182/56
14:23:02|INFO   |[112] 'ultrastrong coupling regime' route=B_s2_index cand=432 links=348 t=156.4s credits=2566 rem=0 store=130048 s2calls=182/56
14:23:22|INFO   |[113] 'diagrammatic monte carlo' route=B_s2_index cand=222 links=193 t=63.7s credits=2566 rem=0 store=130254 s2calls=189/57
14:24:21|INFO   |[114] 'states in bilayer graphene' route=B_s2_index cand=133 links=99 t=78.5s credits=2566 rem=0 store=130352 s2calls=190/57
14:24:23|INFO   |[115] 'egret excess' route=B_s2_index cand=28 links=25 t=61.0s credits=2566 rem=0 store=130730 s2calls=191/57
14:27:05|INFO   |[116] 'tropical curve' route=B_s2_index cand=422 links=325 t=164.1s credits=2566 rem=0 store=132925 s2calls=192/57
14:27:52|INFO   |[117] 'dipolar bose einstein condensate' route=B_s2_index cand=507 links=346 t=208.9s credits=2566 rem=0 store=133752 s2calls=193/57
14:28:31|INFO   |[118] 'type iax' route=B_s2_index cand=97 links=91 t=39.0s credits=2566 rem=0 store=134953 s2calls=194/57
14:29:10|INFO   |[119] 'gated bilayer graphene' route=B_s2_index cand=190 links=150 t=125.2s credits=2566 rem=0 store=135108 s2calls=195/57
14:29:50|INFO   |[120] 'cu cu collision' route=B_s2_index cand=400 links=86 t=79.0s credits=2566 rem=0 store=135977 s2calls=204/61
14:30:33|INFO   |[121] 'deep recurrent neural network' route=B_s2_index cand=1395 links=1280 t=452.3s credits=2566 rem=0 store=136145 s2calls=206/61
14:35:54|INFO   |[122] 'd2d network' route=B_s2_index cand=1058 links=864 t=363.4s credits=2566 rem=0 store=140650 s2calls=210/63
14:37:19|INFO   |[123] 'loop of henle' route=B_s2_index cand=1284 links=925 t=406.4s credits=2566 rem=0 store=142117 s2calls=212/64
14:37:51|INFO   |[124] 'miso broadcast channel' route=B_s2_index cand=231 links=175 t=117.7s credits=2566 rem=0 store=143041 s2calls=213/64
14:38:48|INFO   |[125] 'light wimp' route=B_s2_index cand=152 links=116 t=89.0s credits=2566 rem=0 store=143514 s2calls=214/64
14:38:57|INFO   |[126] 'soft wall ads' route=B_s2_index cand=166 links=132 t=65.3s credits=2566 rem=0 store=144401 s2calls=215/64
14:38:58|INFO   |[127] 'full cdf data set' route=B_s2_index cand=36 links=23 t=9.7s credits=2566 rem=0 store=144770 s2calls=215/64
14:38:59|INFO   |[128] 'correlation filter' route=B_s2_index cand=3835 links=3269 t=956.5s credits=2566 rem=0 store=144794 s2calls=216/64
14:40:26|INFO   |[129] 'networks for action recognition' route=B_s2_index cand=335 links=139 t=88.2s credits=2566 rem=0 store=145298 s2calls=221/67
14:40:45|INFO   |[130] 'little rip' route=B_s2_index cand=136 links=110 t=108.5s credits=2566 rem=0 store=146076 s2calls=224/67
14:41:54|INFO   |[131] 'emergent gravity' route=B_s2_index cand=443 links=356 t=175.5s credits=2566 rem=0 store=146104 s2calls=236/68
14:45:46|INFO   |[132] 'multi label image' route=B_s2_index cand=698 links=627 t=231.7s credits=2566 rem=0 store=149568 s2calls=237/68
14:47:06|INFO   |[133] 'mobile cloud computing' route=B_s2_index cand=4188 links=3544 t=1076.0s credits=2566 rem=0 store=151050 s2calls=238/68
14:47:31|INFO   |[134] 'semimetal candidate' route=B_s2_index cand=248 links=213 t=104.3s credits=2566 rem=0 store=151955 s2calls=239/68
14:48:40|INFO   |[135] 'hidden charm pentaquark' route=B_s2_index cand=256 links=199 t=69.6s credits=2566 rem=0 store=152509 s2calls=240/68
14:48:41|INFO   |[136] 'singlet triplet qubit' route=B_s2_index cand=216 links=178 t=94.5s credits=2566 rem=0 store=152713 s2calls=240/68
14:50:44|INFO   |[137] 'modulo theory' route=B_s2_index cand=2254 links=1869 t=617.0s credits=2566 rem=0 store=154717 s2calls=243/68
14:51:04|INFO   |[138] 'doped topological insulator' route=B_s2_index cand=439 links=371 t=142.8s credits=2566 rem=0 store=155009 s2calls=244/68
14:51:52|INFO   |[139] 'photonic topological insulator' route=B_s2_index cand=384 links=352 t=68.1s credits=2566 rem=0 store=155707 s2calls=245/68
14:52:54|INFO   |[140] 'proton coupled folate transporter' route=B_s2_index cand=350 links=320 t=110.4s credits=2566 rem=0 store=156710 s2calls=253/71
14:53:29|INFO   |[141] 'instanton representation of plebanski' route=B_s2_index cand=38 links=29 t=34.9s credits=2566 rem=0 store=157842 s2calls=254/71
14:55:12|INFO   |[142] 'wireless backhaul' route=B_s2_index cand=1466 links=1320 t=391.3s credits=2566 rem=0 store=158414 s2calls=255/71
14:55:32|INFO   |[143] 'analog network coding' route=B_s2_index cand=419 links=376 t=122.7s credits=2566 rem=0 store=159093 s2calls=256/71
14:57:05|INFO   |[144] 'light front holography' route=B_s2_index cand=125 links=105 t=113.4s credits=2566 rem=0 store=160293 s2calls=259/73
14:57:06|INFO   |[145] 'graphene p n' route=B_s2_index cand=338 links=229 t=94.1s credits=2566 rem=0 store=160908 s2calls=259/73
14:58:25|INFO   |[146] 'science verification data' route=B_s2_index cand=123 links=99 t=79.3s credits=2566 rem=0 store=161724 s2calls=262/74
14:59:15|INFO   |[147] 'f theory gut' route=B_s2_index cand=136 links=97 t=50.3s credits=2566 rem=0 store=163232 s2calls=263/74
15:00:16|INFO   |[148] 'iron arsenide' route=B_s2_index cand=531 links=426 t=189.8s credits=2566 rem=0 store=163679 s2calls=264/74
15:00:36|INFO   |[149] 'integer additive set indexer' route=B_s2_index cand=50 links=44 t=80.6s credits=2566 rem=0 store=163724 s2calls=268/75
15:04:26|INFO   |[150] 'unsupervised representation learning' route=B_s2_index cand=786 links=680 t=230.4s credits=2566 rem=0 store=167317 s2calls=269/75
15:06:05|INFO   |[151] 'rainbow connection number' route=B_s2_index cand=304 links=254 t=98.2s credits=2566 rem=0 store=169402 s2calls=270/75
15:08:11|INFO   |[152] 'elliptic and triangular flow' route=B_s2_index cand=200 links=137 t=126.4s credits=2566 rem=0 store=170279 s2calls=272/76
15:09:18|INFO   |[153] 'q bernstein polynomial' route=B_s2_index cand=135 links=92 t=67.1s credits=2566 rem=0 store=171481 s2calls=273/76
15:09:45|INFO   |[154] 'cloud radio access network' route=B_s2_index cand=2304 links=2159 t=26.6s credits=2566 rem=0 store=171851 s2calls=280/80
15:11:12|INFO   |[155] 'optical flow estimation' route=B_s2_index cand=2180 links=1947 t=655.7s credits=2566 rem=0 store=173088 s2calls=283/82
15:11:27|INFO   |[156] 'dantzig selector' route=B_s2_index cand=321 links=266 t=102.1s credits=2566 rem=0 store=173341 s2calls=284/82
15:12:34|INFO   |[157] 'chiral three nucleon' route=B_s2_index cand=94 links=84 t=81.6s credits=2566 rem=0 store=174516 s2calls=286/83
15:12:42|INFO   |[158] 'weyl semimetal taas' route=B_s2_index cand=142 links=110 t=74.1s credits=2566 rem=0 store=174624 s2calls=289/84
15:12:43|INFO   |[159] 'split thickness skin graft' route=B_s2_index cand=4692 links=3516 t=1251.0s credits=2566 rem=0 store=175260 s2calls=290/85
15:15:28|INFO   |[160] 'exoplanet host star' route=B_s2_index cand=479 links=391 t=164.7s credits=2566 rem=0 store=177114 s2calls=299/90
15:16:21|INFO   |[161] 'top quark forward backward asymmetry' route=B_s2_index cand=103 links=79 t=53.4s credits=2566 rem=0 store=177923 s2calls=300/90
15:17:54|INFO   |[162] 'agt relation' route=B_s2_index cand=79 links=56 t=92.7s credits=2566 rem=0 store=179434 s2calls=305/94
15:17:55|INFO   |[163] 'split graph' route=B_s2_index cand=1083 links=917 t=320.7s credits=2566 rem=0 store=179669 s2calls=305/94
15:19:16|INFO   |[164] 'douglas rachford algorithm' route=B_s2_index cand=152 links=108 t=81.7s credits=2566 rem=0 store=180140 s2calls=308/95
15:21:04|INFO   |[165] 'inverse magnetic catalysis' route=B_s2_index cand=212 links=172 t=107.8s credits=2566 rem=0 store=181767 s2calls=309/95
15:22:20|INFO   |[166] 'graphene plasmon' route=B_s2_index cand=916 links=815 t=264.9s credits=2566 rem=0 store=182929 s2calls=312/96
15:24:06|INFO   |[167] 'variational auto encoder' route=B_s2_index cand=2233 links=1956 t=683.9s credits=2566 rem=0 store=184889 s2calls=324/98
15:25:12|INFO   |[168] 'text classification' route=B_s2_index cand=19272 links=16590 t=4612.2s credits=2566 rem=0 store=186320 s2calls=325/98
15:25:13|INFO   |[169] 'green cellular network' route=B_s2_index cand=237 links=197 t=67.0s credits=2566 rem=0 store=186892 s2calls=325/98
15:26:27|INFO   |[170] 'optimal power flow' route=B_s2_index cand=10890 links=9708 t=2741.2s credits=2566 rem=0 store=186899 s2calls=327/98
15:26:28|INFO   |[171] 'quantum spectral curve' route=B_s2_index cand=164 links=112 t=76.2s credits=2566 rem=0 store=187017 s2calls=327/98
15:26:29|INFO   |[172] 'zigzag graphene nanoribbon' route=B_s2_index cand=1103 links=1001 t=325.3s credits=2566 rem=0 store=187604 s2calls=328/98
15:26:31|INFO   |[173] 'phantom divide' route=B_s2_index cand=446 links=349 t=77.8s credits=2566 rem=0 store=187615 s2calls=328/98
15:28:08|INFO   |[174] 'distributed chaos' route=B_s2_index cand=77 links=71 t=98.4s credits=2566 rem=0 store=188055 s2calls=335/100
15:29:44|INFO   |[175] 'superluminal neutrino' route=B_s2_index cand=209 links=178 t=96.4s credits=2566 rem=0 store=189707 s2calls=336/100
15:30:59|INFO   |[176] 'decoy state' route=B_s2_index cand=970 links=823 t=271.4s credits=2566 rem=0 store=191123 s2calls=337/100
15:31:10|INFO   |[177] 'tensor train' route=B_s2_index cand=1062 links=926 t=279.6s credits=2566 rem=0 store=191718 s2calls=340/102
15:32:28|INFO   |[178] 'object proposal' route=B_s2_index cand=1080 links=969 t=361.1s credits=2566 rem=0 store=192267 s2calls=343/102
15:33:28|INFO   |[179] 'benjamin ono equation' route=B_s2_index cand=491 links=336 t=223.5s credits=2566 rem=0 store=193415 s2calls=344/102
15:34:33|INFO   |[180] 'cognitive interference channel' route=B_s2_index cand=141 links=135 t=65.0s credits=2566 rem=0 store=194996 s2calls=345/102
15:34:35|INFO   |[181] 'few layer black phosphorus' route=B_s2_index cand=492 links=370 t=127.3s credits=2566 rem=0 store=195039 s2calls=346/102
15:35:35|INFO   |[182] 'topological edge state' route=B_s2_index cand=1501 links=1317 t=275.7s credits=2566 rem=0 store=195763 s2calls=347/102
15:35:56|INFO   |[183] 'gaussian mimo' route=B_s2_index cand=243 links=228 t=82.8s credits=2566 rem=0 store=196348 s2calls=348/102
15:35:56|INFO   |[184] 'instantly decodable network' route=B_s2_index cand=142 links=128 t=80.6s credits=2566 rem=0 store=196463 s2calls=348/102
15:36:17|INFO   |[185] 'restricted isometry' route=B_s2_index cand=1640 links=1433 t=306.8s credits=2566 rem=0 store=197152 s2calls=356/102
15:37:38|INFO   |[186] 'generalized forchheimer' route=B_s2_index cand=45 links=39 t=80.3s credits=2566 rem=0 store=198323 s2calls=357/102
15:38:23|INFO   |[187] 'maximum correntropy' route=B_s2_index cand=943 links=915 t=167.8s credits=2566 rem=0 store=198826 s2calls=358/102
15:38:46|INFO   |[188] 'noncommutative motive' route=B_s2_index cand=77 links=58 t=68.1s credits=2566 rem=0 store=198887 s2calls=359/102
15:39:17|INFO   |[189] 'community question answering' route=B_s2_index cand=1046 links=881 t=201.2s credits=2566 rem=0 store=200554 s2calls=360/102
15:39:43|INFO   |[190] 'direct collapse black hole' route=B_s2_index cand=135 links=118 t=56.6s credits=2566 rem=0 store=200678 s2calls=361/102
15:39:51|INFO   |[191] 'topological insulator bi2se3' route=B_s2_index cand=650 links=393 t=87.2s credits=2566 rem=0 store=200825 s2calls=364/104
15:40:11|INFO   |[192] 'spin orbit coupled fermi' route=B_s2_index cand=120 links=102 t=53.6s credits=2566 rem=0 store=200849 s2calls=368/108
15:40:44|INFO   |[193] 'dirac fermions in graphene' route=B_s2_index cand=315 links=244 t=61.4s credits=2566 rem=0 store=201806 s2calls=374/112
15:42:13|INFO   |[194] 'high dimensional gaussian' route=B_s2_index cand=414 links=339 t=142.6s credits=2566 rem=0 store=202875 s2calls=380/113
15:42:14|INFO   |[195] 'posterior contraction' route=B_s2_index cand=257 links=206 t=122.5s credits=2566 rem=0 store=203102 s2calls=380/113
15:43:24|INFO   |[196] 'chern simons modified gravity' route=B_s2_index cand=149 links=96 t=71.1s credits=2566 rem=0 store=204294 s2calls=382/113
15:43:25|INFO   |[197] 'critical gravity' route=B_s2_index cand=91 links=80 t=71.1s credits=2566 rem=0 store=204716 s2calls=382/113
15:44:23|INFO   |[198] 'twist bend nematic' route=B_s2_index cand=352 links=288 t=58.0s credits=2566 rem=0 store=205409 s2calls=388/117
15:45:22|INFO   |[199] 'regenerating code' route=B_s2_index cand=658 links=530 t=116.6s credits=2566 rem=0 store=206759 s2calls=391/119
15:45:43|INFO   |[200] 'quantum reading' route=B_s2_index cand=94 links=83 t=80.0s credits=2566 rem=0 store=207210 s2calls=393/119
15:50:37|INFO   |[201] 'signless laplacian' route=B_s2_index cand=1177 links=1023 t=315.6s credits=2566 rem=0 store=212243 s2calls=396/119
15:50:37|INFO   |deadline reached: no new concepts started
15:51:23|INFO   |[202] 'relative locality' route=B_s2_index cand=100 links=83 t=45.4s credits=2566 rem=0 store=213428 s2calls=397/119
15:52:47|INFO   |[203] 'learning neural network' route=B_s2_index cand=5517 links=4334 t=1010.5s credits=2566 rem=0 store=214980 s2calls=421/129
15:54:02|INFO   |[204] 'higher spin gravity' route=B_s2_index cand=345 links=252 t=75.3s credits=2566 rem=0 store=216352 s2calls=422/129
15:54:08|INFO   |[205] 'cnn feature' route=B_s2_index cand=2535 links=2056 t=505.5s credits=2566 rem=0 store=216463 s2calls=423/129
15:55:41|INFO   |[206] 'higgs model with t parity' route=B_s2_index cand=311 links=207 t=99.0s credits=2566 rem=0 store=217767 s2calls=424/129
15:57:58|INFO   |[207] 'holographic qcd' route=B_s2_index cand=825 links=688 t=229.4s credits=2566 rem=0 store=220663 s2calls=425/129
15:58:14|INFO   |[208] 'microwave digestion' route=B_s2_index cand=4699 links=4030 t=1049.3s credits=2566 rem=0 store=220926 s2calls=427/129
15:59:24|INFO   |[209] 'superconducting dome' route=B_s2_index cand=663 links=536 t=222.8s credits=2566 rem=0 store=221864 s2calls=427/129
16:01:14|INFO   |[210] 'stochastic gradient descent' route=B_s2_index cand=9614 links=8417 t=2334.4s credits=2566 rem=0 store=224664 s2calls=427/129
