11:59:43|INFO   |[1] 'einstein podolsky rosen steering' route=A_openalex_native cand=353 links=286 t=42.7s credits=2432 rem=None store=993 s2calls=0/0
11:59:43|INFO   |[2] 'mirage mediation' route=A_openalex_native cand=122 links=110 t=23.0s credits=2432 rem=None store=993 s2calls=0/0
11:59:43|INFO   |[3] 'full duplex cellular' route=A_openalex_native cand=154 links=153 t=16.3s credits=2432 rem=None store=993 s2calls=0/0
11:59:44|INFO   |[4] 'tensor complementarity' route=A_openalex_native cand=168 links=168 t=36.4s credits=2432 rem=None store=993 s2calls=0/0
12:00:49|INFO   |[5] 'proton radius puzzle' route=A_openalex_native cand=244 links=240 t=65.2s credits=2432 rem=2301 store=2237 s2calls=0/0
12:01:06|INFO   |[6] 'massive mu mimo' route=A_openalex_native cand=344 links=336 t=82.6s credits=2439 rem=2294 store=2581 s2calls=0/0
12:02:39|INFO   |[7] 'mmwave cellular network' route=A_openalex_native cand=314 links=270 t=93.1s credits=2441 rem=2292 store=4395 s2calls=0/0
12:03:03|INFO   |[8] 'deep metric learning' route=A_openalex_native cand=1473 links=1469 t=199.9s credits=2444 rem=2289 store=4868 s2calls=0/0
12:04:36|INFO   |[9] 'gaussian belief' route=A_openalex_native cand=325 links=324 t=92.4s credits=2446 rem=2287 store=6785 s2calls=0/0
12:05:14|INFO   |[10] 'adenomyoma' route=A_openalex_native cand=1260 links=1260 t=264.9s credits=2447 rem=2286 store=7545 s2calls=0/0
12:05:16|INFO   |[11] 'body area sensor network' route=A_openalex_native cand=540 links=488 t=156.4s credits=2447 rem=2285 store=7585 s2calls=0/0
12:05:26|INFO   |[12] 'natural supersymmetry' route=A_openalex_native cand=188 links=186 t=50.0s credits=2452 rem=2281 store=7768 s2calls=0/0
12:05:56|INFO   |[13] 'planar pixel sensor' route=A_openalex_native cand=110 links=109 t=42.0s credits=2453 rem=2280 store=8378 s2calls=0/0
12:06:29|INFO   |[14] 'feas superconductor' route=A_openalex_native cand=143 links=134 t=62.9s credits=2456 rem=2277 store=9021 s2calls=0/0
12:07:27|INFO   |[15] 'single layer mos2' route=A_openalex_native cand=656 links=611 t=131.6s credits=2462 rem=2271 store=10177 s2calls=0/0
12:08:18|INFO   |[16] 'convolutional sparse coding' route=A_openalex_native cand=509 links=493 t=142.6s credits=2464 rem=2269 store=11186 s2calls=0/0
12:08:30|INFO   |[17] 'ionization injection' route=A_openalex_native cand=231 links=229 t=62.7s credits=2465 rem=2268 store=11417 s2calls=0/0
12:09:26|INFO   |[18] 'hom hopf algebras' route=A_openalex_native cand=100 links=79 t=67.1s credits=2470 rem=2263 store=12517 s2calls=0/0
12:09:54|INFO   |[19] 'photosynthetic complex' route=A_openalex_native cand=1060 links=1059 t=205.5s credits=2488 rem=2245 store=13077 s2calls=0/0
12:11:01|INFO   |[20] 'beam energy scan' route=A_openalex_native cand=806 links=798 t=151.0s credits=2503 rem=2230 store=14383 s2calls=0/0
12:22:20|INFO   |[21] 'rf energy harvesting' route=A_openalex_native cand=2902 links=2604 t=745.6s credits=2548 rem=1831 store=25284 s2calls=0/0
12:24:05|INFO   |[22] 'graphene quantum dot' route=A_openalex_native cand=8308 links=8249 t=1461.2s credits=2552 rem=1629 store=27092 s2calls=0/0
12:24:19|INFO   |[23] 'sparse recovery' route=A_openalex_native cand=3561 links=3469 t=893.4s credits=2553 rem=1557 store=28149 s2calls=0/0
12:25:00|INFO   |[24] 'interfacial dzyaloshinskii moriya intera' route=A_openalex_native cand=651 links=499 t=159.9s credits=2566 rem=1405 store=28300 s2calls=8/3
12:25:00|INFO   |[25] 'quark lepton complementarity' route=A_openalex_native cand=101 links=93 t=55.1s credits=2566 rem=1405 store=28401 s2calls=8/3
12:25:43|INFO   |[26] 'maximum conformality' route=B_s2_index cand=149 links=104 t=42.9s credits=2566 rem=1253 store=29524 s2calls=16/9
12:28:49|INFO   |[27] 'type iii seesaw' route=B_s2_index cand=189 links=150 t=229.2s credits=2566 rem=724 store=31183 s2calls=30/18
12:29:29|INFO   |[28] 'grand lebesgue space' route=B_s2_index cand=289 links=233 t=226.1s credits=2566 rem=646 store=31814 s2calls=32/19
12:30:23|INFO   |[29] 'eddington inspired born infeld gravity' route=B_s2_index cand=134 links=89 t=94.1s credits=2566 rem=576 store=32818 s2calls=45/27
12:31:02|INFO   |[30] 'top forward backward asymmetry' route=B_s2_index cand=45 links=35 t=38.8s credits=2566 rem=518 store=33738 s2calls=46/27
12:37:28|INFO   |[31] 'adversarial example' route=A_openalex_native cand=8824 links=8823 t=1586.3s credits=2566 rem=130 store=39359 s2calls=68/39
12:44:50|INFO   |[32] 'chern insulator' route=B_s2_index cand=1469 links=1244 t=442.1s credits=2566 rem=130 store=46009 s2calls=70/39
12:46:32|INFO   |[33] 'polar code' route=B_s2_index cand=4058 links=3559 t=1023.0s credits=2566 rem=130 store=47947 s2calls=88/46
12:47:56|INFO   |[34] 'symmetry fractionalization' route=B_s2_index cand=131 links=95 t=83.6s credits=2566 rem=130 store=49182 s2calls=89/46
12:48:54|INFO   |[35] 'redback millisecond pulsar' route=B_s2_index cand=52 links=39 t=58.8s credits=2566 rem=130 store=49615 s2calls=90/46
12:50:24|INFO   |[36] 'horava gravity' route=B_s2_index cand=248 links=66 t=89.7s credits=2566 rem=130 store=50961 s2calls=91/46
12:51:44|INFO   |[37] 'detector in pp collision' route=B_s2_index cand=198 links=74 t=80.0s credits=2566 rem=130 store=51836 s2calls=92/46
12:59:35|INFO   |[38] 'calcium imaging' route=B_s2_index cand=8043 links=7229 t=2116.3s credits=2566 rem=68 store=58260 s2calls=95/46
13:01:24|INFO   |[39] 'ising nanowire' route=B_s2_index cand=115 links=102 t=108.6s credits=2566 rem=0 store=59840 s2calls=99/49
13:04:31|INFO   |[40] 'quantum machine learning' route=B_s2_index cand=2457 links=2121 t=767.2s credits=2566 rem=0 store=62512 s2calls=101/50
13:05:30|INFO   |[41] 'monocular slam' route=B_s2_index cand=694 links=630 t=246.1s credits=2566 rem=0 store=63169 s2calls=102/50
13:05:36|INFO   |[42] 'mock modular' route=B_s2_index cand=354 links=246 t=64.7s credits=2566 rem=0 store=63444 s2calls=105/50
