21:42:12|INFO   |labels: {'n_units_age_3_8': 1067, 'n_emerging_PRIMARY': 18, 'n_emerging_SENS1': 34, 'n_emerging_SENS2': 14, 'n_emerging_E_cent_only': 42, 'n_emerging_PRIMARY_t_le_2018': 18, 'n_emerging_PRIMARY_rule_parity': 17, 'unit_positive_rates': {'E_PRIMARY': 0.03936269915651359, 'E_SENS1': 0.07029053420805999, 'E_SENS2': 0.030927835051546393, 'E_cent': 0.08622305529522024, 'E_cent_allnodes': 0.015932521087160263, 'E_vol_PRIMARY': 0.4001874414245548, 'E_vol_SENS1': 0.6401124648547329, 'E_vol_SENS2': 0.3795688847235239}, 'sens2_units_dropped_before_DateEstablished': 540, 'onset_years_PRIMARY': {2010: 1, 2011: 2, 2012: 2, 2013: 4, 2014: 1, 2015: 3, 2016: 5}}
<workspace>/analysis.py:142: RuntimeWarning: Mean of empty slice
  cmean = np.nanmean(rest, axis=0) if rest.shape[0] else np.full(M.shape[1], np.nan)
<workspace>/analysis.py:149: RuntimeWarning: Mean of empty slice
  dk = np.nanmean(D, axis=0)
<workspace>/analysis.py:173: RuntimeWarning: Mean of empty slice
  bD = np.nanmean(bk[:, w_idx], axis=1)
<workspace>/analysis.py:150: RuntimeWarning: Mean of empty slice
  return dk, float(np.nanmean(dk[w_idx]))
21:42:19|INFO   |event study PRIMARY|all: n_emerging=18 match3@20=0.3888888888888889 accretion_share: D=0.0937 [-0.0364,0.21] p_holm=0.48; closure_lr: D=-0.0861 [-0.511,0.402] p_holm=0.677; dP: D=0.0253 [-0.0168,0.0735] p_holm=0.506
21:42:20|INFO   |event study SENS1|all: n_emerging=34 match3@20=0.5588235294117647 accretion_share: D=-0.02 [-0.143,0.0981] p_holm=1; closure_lr: D=-0.419 [-0.74,-0.115] p_holm=0.039; dP: D=0.0103 [-0.0288,0.0507] p_holm=1
21:42:21|INFO   |event study SENS2|all: n_emerging=14 match3@20=0.0 accretion_share: D=-0.249 [-0.467,-0.0159] p_holm=0.111; closure_lr: D=-0.858 [-1.67,0.0337] p_holm=0.124; dP: D=-0.0172 [-0.0621,0.0261] p_holm=0.467
21:42:22|INFO   |event study PRIMARY|rule_parity: n_emerging=17 match3@20=0.35294117647058826 accretion_share: D=0.0467 [-0.132,0.199] p_holm=1; closure_lr: D=-0.0439 [-0.434,0.402] p_holm=1; dP: D=0.0261 [-0.0217,0.0831] p_holm=1
21:42:22|INFO   |event study PRIMARY|t_le_2018: n_emerging=18 match3@20=0.3888888888888889 accretion_share: D=0.0937 [-0.0351,0.214] p_holm=0.501; closure_lr: D=-0.0861 [-0.488,0.378] p_holm=0.692; dP: D=0.0253 [-0.0164,0.0703] p_holm=0.57
21:42:23|INFO   |event study PRIMARY|domain_match: n_emerging=18 match3@20=0.4444444444444444 accretion_share: D=0.104 [-0.0367,0.238] p_holm=0.408; closure_lr: D=-0.0204 [-0.402,0.421] p_holm=1; dP: D=0.00867 [-0.0388,0.0635] p_holm=1
21:42:25|INFO   |event study PRIMARY|E_cent_only: n_emerging=42 match3@20=0.23809523809523808 accretion_share: D=0.0724 [-0.0644,0.206] p_holm=0.486; closure_lr: D=-0.148 [-0.399,0.105] p_holm=0.486; dP: D=0.0507 [0.0143,0.0871] p_holm=0.015
<workspace>/analysis.py:142: RuntimeWarning: Mean of empty slice
  cmean = np.nanmean(rest, axis=0) if rest.shape[0] else np.full(M.shape[1], np.nan)
<workspace>/analysis.py:142: RuntimeWarning: Mean of empty slice
  cmean = np.nanmean(rest, axis=0) if rest.shape[0] else np.full(M.shape[1], np.nan)
<workspace>/analysis.py:142: RuntimeWarning: Mean of empty slice
  cmean = np.nanmean(rest, axis=0) if rest.shape[0] else np.full(M.shape[1], np.nan)
<workspace>/analysis.py:142: RuntimeWarning: Mean of empty slice
  cmean = np.nanmean(rest, axis=0) if rest.shape[0] else np.full(M.shape[1], np.nan)
<workspace>/analysis.py:142: RuntimeWarning: Mean of empty slice
  cmean = np.nanmean(rest, axis=0) if rest.shape[0] else np.full(M.shape[1], np.nan)
<workspace>/analysis.py:142: RuntimeWarning: Mean of empty slice
  cmean = np.nanmean(rest, axis=0) if rest.shape[0] else np.full(M.shape[1], np.nan)
<workspace>/analysis.py:142: RuntimeWarning: Mean of empty slice
  cmean = np.nanmean(rest, axis=0) if rest.shape[0] else np.full(M.shape[1], np.nan)
<workspace>/analysis.py:142: RuntimeWarning: Mean of empty slice
  cmean = np.nanmean(rest, axis=0) if rest.shape[0] else np.full(M.shape[1], np.nan)
<workspace>/analysis.py:142: RuntimeWarning: Mean of empty slice
  cmean = np.nanmean(rest, axis=0) if rest.shape[0] else np.full(M.shape[1], np.nan)
<workspace>/analysis.py:142: RuntimeWarning: Mean of empty slice
  cmean = np.nanmean(rest, axis=0) if rest.shape[0] else np.full(M.shape[1], np.nan)
<workspace>/analysis.py:142: RuntimeWarning: Mean of empty slice
  cmean = np.nanmean(rest, axis=0) if rest.shape[0] else np.full(M.shape[1], np.nan)
<workspace>/analysis.py:142: RuntimeWarning: Mean of empty slice
  cmean = np.nanmean(rest, axis=0) if rest.shape[0] else np.full(M.shape[1], np.nan)
<workspace>/analysis.py:142: RuntimeWarning: Mean of empty slice
  cmean = np.nanmean(rest, axis=0) if rest.shape[0] else np.full(M.shape[1], np.nan)
<workspace>/analysis.py:142: RuntimeWarning: Mean of empty slice
  cmean = np.nanmean(rest, axis=0) if rest.shape[0] else np.full(M.shape[1], np.nan)
<workspace>/analysis.py:142: RuntimeWarning: Mean of empty slice
  cmean = np.nanmean(rest, axis=0) if rest.shape[0] else np.full(M.shape[1], np.nan)
<workspace>/analysis.py:142: RuntimeWarning: Mean of empty slice
  cmean = np.nanmean(rest, axis=0) if rest.shape[0] else np.full(M.shape[1], np.nan)
<workspace>/analysis.py:142: RuntimeWarning: Mean of empty slice
  cmean = np.nanmean(rest, axis=0) if rest.shape[0] else np.full(M.shape[1], np.nan)
<workspace>/analysis.py:142: RuntimeWarning: Mean of empty slice
  cmean = np.nanmean(rest, axis=0) if rest.shape[0] else np.full(M.shape[1], np.nan)
<workspace>/analysis.py:142: RuntimeWarning: Mean of empty slice
  cmean = np.nanmean(rest, axis=0) if rest.shape[0] else np.full(M.shape[1], np.nan)
<workspace>/analysis.py:142: RuntimeWarning: Mean of empty slice
  cmean = np.nanmean(rest, axis=0) if rest.shape[0] else np.full(M.shape[1], np.nan)
<workspace>/analysis.py:142: RuntimeWarning: Mean of empty slice
  cmean = np.nanmean(rest, axis=0) if rest.shape[0] else np.full(M.shape[1], np.nan)
<workspace>/analysis.py:142: RuntimeWarning: Mean of empty slice
  cmean = np.nanmean(rest, axis=0) if rest.shape[0] else np.full(M.shape[1], np.nan)
<workspace>/analysis.py:142: RuntimeWarning: Mean of empty slice
  cmean = np.nanmean(rest, axis=0) if rest.shape[0] else np.full(M.shape[1], np.nan)
<workspace>/analysis.py:142: RuntimeWarning: Mean of empty slice
  cmean = np.nanmean(rest, axis=0) if rest.shape[0] else np.full(M.shape[1], np.nan)
<workspace>/analysis.py:142: RuntimeWarning: Mean of empty slice
  cmean = np.nanmean(rest, axis=0) if rest.shape[0] else np.full(M.shape[1], np.nan)
<workspace>/analysis.py:142: RuntimeWarning: Mean of empty slice
  cmean = np.nanmean(rest, axis=0) if rest.shape[0] else np.full(M.shape[1], np.nan)
<workspace>/analysis.py:142: RuntimeWarning: Mean of empty slice
  cmean = np.nanmean(rest, axis=0) if rest.shape[0] else np.full(M.shape[1], np.nan)
<workspace>/analysis.py:142: RuntimeWarning: Mean of empty slice
  cmean = np.nanmean(rest, axis=0) if rest.shape[0] else np.full(M.shape[1], np.nan)
<workspace>/analysis.py:142: RuntimeWarning: Mean of empty slice
  cmean = np.nanmean(rest, axis=0) if rest.shape[0] else np.full(M.shape[1], np.nan)
<workspace>/analysis.py:142: RuntimeWarning: Mean of empty slice
  cmean = np.nanmean(rest, axis=0) if rest.shape[0] else np.full(M.shape[1], np.nan)
<workspace>/analysis.py:142: RuntimeWarning: Mean of empty slice
  cmean = np.nanmean(rest, axis=0) if rest.shape[0] else np.full(M.shape[1], np.nan)
<workspace>/analysis.py:142: RuntimeWarning: Mean of empty slice
  cmean = np.nanmean(rest, axis=0) if rest.shape[0] else np.full(M.shape[1], np.nan)
<workspace>/analysis.py:142: RuntimeWarning: Mean of empty slice
  cmean = np.nanmean(rest, axis=0) if rest.shape[0] else np.full(M.shape[1], np.nan)
<workspace>/analysis.py:142: RuntimeWarning: Mean of empty slice
  cmean = np.nanmean(rest, axis=0) if rest.shape[0] else np.full(M.shape[1], np.nan)
<workspace>/analysis.py:142: RuntimeWarning: Mean of empty slice
  cmean = np.nanmean(rest, axis=0) if rest.shape[0] else np.full(M.shape[1], np.nan)
<workspace>/analysis.py:142: RuntimeWarning: Mean of empty slice
  cmean = np.nanmean(rest, axis=0) if rest.shape[0] else np.full(M.shape[1], np.nan)
<workspace>/analysis.py:142: RuntimeWarning: Mean of empty slice
  cmean = np.nanmean(rest, axis=0) if rest.shape[0] else np.full(M.shape[1], np.nan)
<workspace>/analysis.py:142: RuntimeWarning: Mean of empty slice
  cmean = np.nanmean(rest, axis=0) if rest.shape[0] else np.full(M.shape[1], np.nan)
<workspace>/analysis.py:142: RuntimeWarning: Mean of empty slice
  cmean = np.nanmean(rest, axis=0) if rest.shape[0] else np.full(M.shape[1], np.nan)
<workspace>/analysis.py:142: RuntimeWarning: Mean of empty slice
  cmean = np.nanmean(rest, axis=0) if rest.shape[0] else np.full(M.shape[1], np.nan)
<workspace>/analysis.py:142: RuntimeWarning: Mean of empty slice
  cmean = np.nanmean(rest, axis=0) if rest.shape[0] else np.full(M.shape[1], np.nan)
<workspace>/analysis.py:142: RuntimeWarning: Mean of empty slice
  cmean = np.nanmean(rest, axis=0) if rest.shape[0] else np.full(M.shape[1], np.nan)
<workspace>/analysis.py:142: RuntimeWarning: Mean of empty slice
  cmean = np.nanmean(rest, axis=0) if rest.shape[0] else np.full(M.shape[1], np.nan)
<workspace>/analysis.py:142: RuntimeWarning: Mean of empty slice
  cmean = np.nanmean(rest, axis=0) if rest.shape[0] else np.full(M.shape[1], np.nan)
<workspace>/analysis.py:142: RuntimeWarning: Mean of empty slice
  cmean = np.nanmean(rest, axis=0) if rest.shape[0] else np.full(M.shape[1], np.nan)
<workspace>/analysis.py:142: RuntimeWarning: Mean of empty slice
  cmean = np.nanmean(rest, axis=0) if rest.shape[0] else np.full(M.shape[1], np.nan)
<workspace>/analysis.py:142: RuntimeWarning: Mean of empty slice
  cmean = np.nanmean(rest, axis=0) if rest.shape[0] else np.full(M.shape[1], np.nan)
<workspace>/analysis.py:142: RuntimeWarning: Mean of empty slice
  cmean = np.nanmean(rest, axis=0) if rest.shape[0] else np.full(M.shape[1], np.nan)
<workspace>/analysis.py:142: RuntimeWarning: Mean of empty slice
  cmean = np.nanmean(rest, axis=0) if rest.shape[0] else np.full(M.shape[1], np.nan)
<workspace>/analysis.py:142: RuntimeWarning: Mean of empty slice
  cmean = np.nanmean(rest, axis=0) if rest.shape[0] else np.full(M.shape[1], np.nan)
<workspace>/analysis.py:142: RuntimeWarning: Mean of empty slice
  cmean = np.nanmean(rest, axis=0) if rest.shape[0] else np.full(M.shape[1], np.nan)
<workspace>/analysis.py:142: RuntimeWarning: Mean of empty slice
  cmean = np.nanmean(rest, axis=0) if rest.shape[0] else np.full(M.shape[1], np.nan)
<workspace>/analysis.py:142: RuntimeWarning: Mean of empty slice
  cmean = np.nanmean(rest, axis=0) if rest.shape[0] else np.full(M.shape[1], np.nan)
<workspace>/analysis.py:142: RuntimeWarning: Mean of empty slice
  cmean = np.nanmean(rest, axis=0) if rest.shape[0] else np.full(M.shape[1], np.nan)
<workspace>/analysis.py:142: RuntimeWarning: Mean of empty slice
  cmean = np.nanmean(rest, axis=0) if rest.shape[0] else np.full(M.shape[1], np.nan)
<workspace>/analysis.py:142: RuntimeWarning: Mean of empty slice
  cmean = np.nanmean(rest, axis=0) if rest.shape[0] else np.full(M.shape[1], np.nan)
<workspace>/analysis.py:142: RuntimeWarning: Mean of empty slice
  cmean = np.nanmean(rest, axis=0) if rest.shape[0] else np.full(M.shape[1], np.nan)
<workspace>/analysis.py:142: RuntimeWarning: Mean of empty slice
  cmean = np.nanmean(rest, axis=0) if rest.shape[0] else np.full(M.shape[1], np.nan)
<workspace>/analysis.py:142: RuntimeWarning: Mean of empty slice
  cmean = np.nanmean(rest, axis=0) if rest.shape[0] else np.full(M.shape[1], np.nan)
<workspace>/analysis.py:142: RuntimeWarning: Mean of empty slice
  cmean = np.nanmean(rest, axis=0) if rest.shape[0] else np.full(M.shape[1], np.nan)
<workspace>/analysis.py:142: RuntimeWarning: Mean of empty slice
  cmean = np.nanmean(rest, axis=0) if rest.shape[0] else np.full(M.shape[1], np.nan)
<workspace>/analysis.py:142: RuntimeWarning: Mean of empty slice
  cmean = np.nanmean(rest, axis=0) if rest.shape[0] else np.full(M.shape[1], np.nan)
<workspace>/analysis.py:142: RuntimeWarning: Mean of empty slice
  cmean = np.nanmean(rest, axis=0) if rest.shape[0] else np.full(M.shape[1], np.nan)
<workspace>/analysis.py:142: RuntimeWarning: Mean of empty slice
  cmean = np.nanmean(rest, axis=0) if rest.shape[0] else np.full(M.shape[1], np.nan)
<workspace>/analysis.py:142: RuntimeWarning: Mean of empty slice
  cmean = np.nanmean(rest, axis=0) if rest.shape[0] else np.full(M.shape[1], np.nan)
<workspace>/analysis.py:142: RuntimeWarning: Mean of empty slice
  cmean = np.nanmean(rest, axis=0) if rest.shape[0] else np.full(M.shape[1], np.nan)
<workspace>/analysis.py:142: RuntimeWarning: Mean of empty slice
  cmean = np.nanmean(rest, axis=0) if rest.shape[0] else np.full(M.shape[1], np.nan)
<workspace>/analysis.py:142: RuntimeWarning: Mean of empty slice
  cmean = np.nanmean(rest, axis=0) if rest.shape[0] else np.full(M.shape[1], np.nan)
<workspace>/analysis.py:142: RuntimeWarning: Mean of empty slice
  cmean = np.nanmean(rest, axis=0) if rest.shape[0] else np.full(M.shape[1], np.nan)
<workspace>/analysis.py:142: RuntimeWarning: Mean of empty slice
  cmean = np.nanmean(rest, axis=0) if rest.shape[0] else np.full(M.shape[1], np.nan)
<workspace>/analysis.py:142: RuntimeWarning: Mean of empty slice
  cmean = np.nanmean(rest, axis=0) if rest.shape[0] else np.full(M.shape[1], np.nan)
<workspace>/analysis.py:142: RuntimeWarning: Mean of empty slice
  cmean = np.nanmean(rest, axis=0) if rest.shape[0] else np.full(M.shape[1], np.nan)
<workspace>/analysis.py:142: RuntimeWarning: Mean of empty slice
  cmean = np.nanmean(rest, axis=0) if rest.shape[0] else np.full(M.shape[1], np.nan)
<workspace>/analysis.py:142: RuntimeWarning: Mean of empty slice
  cmean = np.nanmean(rest, axis=0) if rest.shape[0] else np.full(M.shape[1], np.nan)
<workspace>/analysis.py:142: RuntimeWarning: Mean of empty slice
  cmean = np.nanmean(rest, axis=0) if rest.shape[0] else np.full(M.shape[1], np.nan)
<workspace>/analysis.py:142: RuntimeWarning: Mean of empty slice
  cmean = np.nanmean(rest, axis=0) if rest.shape[0] else np.full(M.shape[1], np.nan)
<workspace>/analysis.py:142: RuntimeWarning: Mean of empty slice
  cmean = np.nanmean(rest, axis=0) if rest.shape[0] else np.full(M.shape[1], np.nan)
<workspace>/analysis.py:142: RuntimeWarning: Mean of empty slice
  cmean = np.nanmean(rest, axis=0) if rest.shape[0] else np.full(M.shape[1], np.nan)
<workspace>/analysis.py:142: RuntimeWarning: Mean of empty slice
  cmean = np.nanmean(rest, axis=0) if rest.shape[0] else np.full(M.shape[1], np.nan)
<workspace>/analysis.py:142: RuntimeWarning: Mean of empty slice
  cmean = np.nanmean(rest, axis=0) if rest.shape[0] else np.full(M.shape[1], np.nan)
<workspace>/analysis.py:142: RuntimeWarning: Mean of empty slice
  cmean = np.nanmean(rest, axis=0) if rest.shape[0] else np.full(M.shape[1], np.nan)
<workspace>/analysis.py:142: RuntimeWarning: Mean of empty slice
  cmean = np.nanmean(rest, axis=0) if rest.shape[0] else np.full(M.shape[1], np.nan)
<workspace>/analysis.py:142: RuntimeWarning: Mean of empty slice
  cmean = np.nanmean(rest, axis=0) if rest.shape[0] else np.full(M.shape[1], np.nan)
<workspace>/analysis.py:142: RuntimeWarning: Mean of empty slice
  cmean = np.nanmean(rest, axis=0) if rest.shape[0] else np.full(M.shape[1], np.nan)
<workspace>/analysis.py:142: RuntimeWarning: Mean of empty slice
  cmean = np.nanmean(rest, axis=0) if rest.shape[0] else np.full(M.shape[1], np.nan)
<workspace>/analysis.py:142: RuntimeWarning: Mean of empty slice
  cmean = np.nanmean(rest, axis=0) if rest.shape[0] else np.full(M.shape[1], np.nan)
<workspace>/analysis.py:142: RuntimeWarning: Mean of empty slice
  cmean = np.nanmean(rest, axis=0) if rest.shape[0] else np.full(M.shape[1], np.nan)
<workspace>/analysis.py:142: RuntimeWarning: Mean of empty slice
  cmean = np.nanmean(rest, axis=0) if rest.shape[0] else np.full(M.shape[1], np.nan)
<workspace>/analysis.py:142: RuntimeWarning: Mean of empty slice
  cmean = np.nanmean(rest, axis=0) if rest.shape[0] else np.full(M.shape[1], np.nan)
<workspace>/analysis.py:142: RuntimeWarning: Mean of empty slice
  cmean = np.nanmean(rest, axis=0) if rest.shape[0] else np.full(M.shape[1], np.nan)
<workspace>/analysis.py:142: RuntimeWarning: Mean of empty slice
  cmean = np.nanmean(rest, axis=0) if rest.shape[0] else np.full(M.shape[1], np.nan)
<workspace>/analysis.py:142: RuntimeWarning: Mean of empty slice
  cmean = np.nanmean(rest, axis=0) if rest.shape[0] else np.full(M.shape[1], np.nan)
<workspace>/analysis.py:142: RuntimeWarning: Mean of empty slice
  cmean = np.nanmean(rest, axis=0) if rest.shape[0] else np.full(M.shape[1], np.nan)
<workspace>/analysis.py:142: RuntimeWarning: Mean of empty slice
  cmean = np.nanmean(rest, axis=0) if rest.shape[0] else np.full(M.shape[1], np.nan)
<workspace>/analysis.py:142: RuntimeWarning: Mean of empty slice
  cmean = np.nanmean(rest, axis=0) if rest.shape[0] else np.full(M.shape[1], np.nan)
<workspace>/analysis.py:142: RuntimeWarning: Mean of empty slice
  cmean = np.nanmean(rest, axis=0) if rest.shape[0] else np.full(M.shape[1], np.nan)
<workspace>/analysis.py:142: RuntimeWarning: Mean of empty slice
  cmean = np.nanmean(rest, axis=0) if rest.shape[0] else np.full(M.shape[1], np.nan)
<workspace>/analysis.py:142: RuntimeWarning: Mean of empty slice
  cmean = np.nanmean(rest, axis=0) if rest.shape[0] else np.full(M.shape[1], np.nan)
<workspace>/analysis.py:142: RuntimeWarning: Mean of empty slice
  cmean = np.nanmean(rest, axis=0) if rest.shape[0] else np.full(M.shape[1], np.nan)
<workspace>/analysis.py:142: RuntimeWarning: Mean of empty slice
  cmean = np.nanmean(rest, axis=0) if rest.shape[0] else np.full(M.shape[1], np.nan)
<workspace>/analysis.py:142: RuntimeWarning: Mean of empty slice
  cmean = np.nanmean(rest, axis=0) if rest.shape[0] else np.full(M.shape[1], np.nan)
<workspace>/analysis.py:142: RuntimeWarning: Mean of empty slice
  cmean = np.nanmean(rest, axis=0) if rest.shape[0] else np.full(M.shape[1], np.nan)
<workspace>/analysis.py:142: RuntimeWarning: Mean of empty slice
  cmean = np.nanmean(rest, axis=0) if rest.shape[0] else np.full(M.shape[1], np.nan)
<workspace>/analysis.py:142: RuntimeWarning: Mean of empty slice
  cmean = np.nanmean(rest, axis=0) if rest.shape[0] else np.full(M.shape[1], np.nan)
<workspace>/analysis.py:142: RuntimeWarning: Mean of empty slice
  cmean = np.nanmean(rest, axis=0) if rest.shape[0] else np.full(M.shape[1], np.nan)
<workspace>/analysis.py:142: RuntimeWarning: Mean of empty slice
  cmean = np.nanmean(rest, axis=0) if rest.shape[0] else np.full(M.shape[1], np.nan)
<workspace>/analysis.py:142: RuntimeWarning: Mean of empty slice
  cmean = np.nanmean(rest, axis=0) if rest.shape[0] else np.full(M.shape[1], np.nan)
<workspace>/analysis.py:142: RuntimeWarning: Mean of empty slice
  cmean = np.nanmean(rest, axis=0) if rest.shape[0] else np.full(M.shape[1], np.nan)
<workspace>/analysis.py:142: RuntimeWarning: Mean of empty slice
  cmean = np.nanmean(rest, axis=0) if rest.shape[0] else np.full(M.shape[1], np.nan)
<workspace>/analysis.py:142: RuntimeWarning: Mean of empty slice
  cmean = np.nanmean(rest, axis=0) if rest.shape[0] else np.full(M.shape[1], np.nan)
<workspace>/analysis.py:142: RuntimeWarning: Mean of empty slice
  cmean = np.nanmean(rest, axis=0) if rest.shape[0] else np.full(M.shape[1], np.nan)
<workspace>/analysis.py:142: RuntimeWarning: Mean of empty slice
  cmean = np.nanmean(rest, axis=0) if rest.shape[0] else np.full(M.shape[1], np.nan)
<workspace>/analysis.py:142: RuntimeWarning: Mean of empty slice
  cmean = np.nanmean(rest, axis=0) if rest.shape[0] else np.full(M.shape[1], np.nan)
<workspace>/analysis.py:142: RuntimeWarning: Mean of empty slice
  cmean = np.nanmean(rest, axis=0) if rest.shape[0] else np.full(M.shape[1], np.nan)
<workspace>/analysis.py:142: RuntimeWarning: Mean of empty slice
  cmean = np.nanmean(rest, axis=0) if rest.shape[0] else np.full(M.shape[1], np.nan)
<workspace>/analysis.py:142: RuntimeWarning: Mean of empty slice
  cmean = np.nanmean(rest, axis=0) if rest.shape[0] else np.full(M.shape[1], np.nan)
<workspace>/analysis.py:142: RuntimeWarning: Mean of empty slice
  cmean = np.nanmean(rest, axis=0) if rest.shape[0] else np.full(M.shape[1], np.nan)
<workspace>/analysis.py:142: RuntimeWarning: Mean of empty slice
  cmean = np.nanmean(rest, axis=0) if rest.shape[0] else np.full(M.shape[1], np.nan)
<workspace>/analysis.py:142: RuntimeWarning: Mean of empty slice
  cmean = np.nanmean(rest, axis=0) if rest.shape[0] else np.full(M.shape[1], np.nan)
<workspace>/analysis.py:142: RuntimeWarning: Mean of empty slice
  cmean = np.nanmean(rest, axis=0) if rest.shape[0] else np.full(M.shape[1], np.nan)
<workspace>/analysis.py:142: RuntimeWarning: Mean of empty slice
  cmean = np.nanmean(rest, axis=0) if rest.shape[0] else np.full(M.shape[1], np.nan)
<workspace>/analysis.py:142: RuntimeWarning: Mean of empty slice
  cmean = np.nanmean(rest, axis=0) if rest.shape[0] else np.full(M.shape[1], np.nan)
<workspace>/analysis.py:142: RuntimeWarning: Mean of empty slice
  cmean = np.nanmean(rest, axis=0) if rest.shape[0] else np.full(M.shape[1], np.nan)
<workspace>/analysis.py:142: RuntimeWarning: Mean of empty slice
  cmean = np.nanmean(rest, axis=0) if rest.shape[0] else np.full(M.shape[1], np.nan)
<workspace>/analysis.py:142: RuntimeWarning: Mean of empty slice
  cmean = np.nanmean(rest, axis=0) if rest.shape[0] else np.full(M.shape[1], np.nan)
<workspace>/analysis.py:142: RuntimeWarning: Mean of empty slice
  cmean = np.nanmean(rest, axis=0) if rest.shape[0] else np.full(M.shape[1], np.nan)
<workspace>/analysis.py:142: RuntimeWarning: Mean of empty slice
  cmean = np.nanmean(rest, axis=0) if rest.shape[0] else np.full(M.shape[1], np.nan)
<workspace>/analysis.py:142: RuntimeWarning: Mean of empty slice
  cmean = np.nanmean(rest, axis=0) if rest.shape[0] else np.full(M.shape[1], np.nan)
<workspace>/analysis.py:142: RuntimeWarning: Mean of empty slice
  cmean = np.nanmean(rest, axis=0) if rest.shape[0] else np.full(M.shape[1], np.nan)
<workspace>/analysis.py:142: RuntimeWarning: Mean of empty slice
  cmean = np.nanmean(rest, axis=0) if rest.shape[0] else np.full(M.shape[1], np.nan)
<workspace>/analysis.py:142: RuntimeWarning: Mean of empty slice
  cmean = np.nanmean(rest, axis=0) if rest.shape[0] else np.full(M.shape[1], np.nan)
<workspace>/analysis.py:142: RuntimeWarning: Mean of empty slice
  cmean = np.nanmean(rest, axis=0) if rest.shape[0] else np.full(M.shape[1], np.nan)
<workspace>/analysis.py:142: RuntimeWarning: Mean of empty slice
  cmean = np.nanmean(rest, axis=0) if rest.shape[0] else np.full(M.shape[1], np.nan)
<workspace>/analysis.py:142: RuntimeWarning: Mean of empty slice
  cmean = np.nanmean(rest, axis=0) if rest.shape[0] else np.full(M.shape[1], np.nan)
<workspace>/analysis.py:142: RuntimeWarning: Mean of empty slice
  cmean = np.nanmean(rest, axis=0) if rest.shape[0] else np.full(M.shape[1], np.nan)
<workspace>/analysis.py:142: RuntimeWarning: Mean of empty slice
  cmean = np.nanmean(rest, axis=0) if rest.shape[0] else np.full(M.shape[1], np.nan)
<workspace>/analysis.py:142: RuntimeWarning: Mean of empty slice
  cmean = np.nanmean(rest, axis=0) if rest.shape[0] else np.full(M.shape[1], np.nan)
<workspace>/analysis.py:142: RuntimeWarning: Mean of empty slice
  cmean = np.nanmean(rest, axis=0) if rest.shape[0] else np.full(M.shape[1], np.nan)
<workspace>/analysis.py:142: RuntimeWarning: Mean of empty slice
  cmean = np.nanmean(rest, axis=0) if rest.shape[0] else np.full(M.shape[1], np.nan)
<workspace>/analysis.py:142: RuntimeWarning: Mean of empty slice
  cmean = np.nanmean(rest, axis=0) if rest.shape[0] else np.full(M.shape[1], np.nan)
<workspace>/analysis.py:142: RuntimeWarning: Mean of empty slice
  cmean = np.nanmean(rest, axis=0) if rest.shape[0] else np.full(M.shape[1], np.nan)
<workspace>/analysis.py:142: RuntimeWarning: Mean of empty slice
  cmean = np.nanmean(rest, axis=0) if rest.shape[0] else np.full(M.shape[1], np.nan)
<workspace>/analysis.py:142: RuntimeWarning: Mean of empty slice
  cmean = np.nanmean(rest, axis=0) if rest.shape[0] else np.full(M.shape[1], np.nan)
<workspace>/analysis.py:142: RuntimeWarning: Mean of empty slice
  cmean = np.nanmean(rest, axis=0) if rest.shape[0] else np.full(M.shape[1], np.nan)
<workspace>/analysis.py:142: RuntimeWarning: Mean of empty slice
  cmean = np.nanmean(rest, axis=0) if rest.shape[0] else np.full(M.shape[1], np.nan)
<workspace>/analysis.py:142: RuntimeWarning: Mean of empty slice
  cmean = np.nanmean(rest, axis=0) if rest.shape[0] else np.full(M.shape[1], np.nan)
<workspace>/analysis.py:142: RuntimeWarning: Mean of empty slice
  cmean = np.nanmean(rest, axis=0) if rest.shape[0] else np.full(M.shape[1], np.nan)
<workspace>/analysis.py:142: RuntimeWarning: Mean of empty slice
  cmean = np.nanmean(rest, axis=0) if rest.shape[0] else np.full(M.shape[1], np.nan)
<workspace>/analysis.py:142: RuntimeWarning: Mean of empty slice
  cmean = np.nanmean(rest, axis=0) if rest.shape[0] else np.full(M.shape[1], np.nan)
<workspace>/analysis.py:142: RuntimeWarning: Mean of empty slice
  cmean = np.nanmean(rest, axis=0) if rest.shape[0] else np.full(M.shape[1], np.nan)
<workspace>/analysis.py:142: RuntimeWarning: Mean of empty slice
  cmean = np.nanmean(rest, axis=0) if rest.shape[0] else np.full(M.shape[1], np.nan)
<workspace>/analysis.py:142: RuntimeWarning: Mean of empty slice
  cmean = np.nanmean(rest, axis=0) if rest.shape[0] else np.full(M.shape[1], np.nan)
<workspace>/analysis.py:142: RuntimeWarning: Mean of empty slice
  cmean = np.nanmean(rest, axis=0) if rest.shape[0] else np.full(M.shape[1], np.nan)
<workspace>/analysis.py:142: RuntimeWarning: Mean of empty slice
  cmean = np.nanmean(rest, axis=0) if rest.shape[0] else np.full(M.shape[1], np.nan)
<workspace>/analysis.py:142: RuntimeWarning: Mean of empty slice
  cmean = np.nanmean(rest, axis=0) if rest.shape[0] else np.full(M.shape[1], np.nan)
<workspace>/analysis.py:142: RuntimeWarning: Mean of empty slice
  cmean = np.nanmean(rest, axis=0) if rest.shape[0] else np.full(M.shape[1], np.nan)
<workspace>/analysis.py:142: RuntimeWarning: Mean of empty slice
  cmean = np.nanmean(rest, axis=0) if rest.shape[0] else np.full(M.shape[1], np.nan)
<workspace>/analysis.py:142: RuntimeWarning: Mean of empty slice
  cmean = np.nanmean(rest, axis=0) if rest.shape[0] else np.full(M.shape[1], np.nan)
<workspace>/analysis.py:142: RuntimeWarning: Mean of empty slice
  cmean = np.nanmean(rest, axis=0) if rest.shape[0] else np.full(M.shape[1], np.nan)
<workspace>/analysis.py:142: RuntimeWarning: Mean of empty slice
  cmean = np.nanmean(rest, axis=0) if rest.shape[0] else np.full(M.shape[1], np.nan)
<workspace>/analysis.py:142: RuntimeWarning: Mean of empty slice
  cmean = np.nanmean(rest, axis=0) if rest.shape[0] else np.full(M.shape[1], np.nan)
<workspace>/analysis.py:142: RuntimeWarning: Mean of empty slice
  cmean = np.nanmean(rest, axis=0) if rest.shape[0] else np.full(M.shape[1], np.nan)
<workspace>/analysis.py:142: RuntimeWarning: Mean of empty slice
  cmean = np.nanmean(rest, axis=0) if rest.shape[0] else np.full(M.shape[1], np.nan)
<workspace>/analysis.py:142: RuntimeWarning: Mean of empty slice
  cmean = np.nanmean(rest, axis=0) if rest.shape[0] else np.full(M.shape[1], np.nan)
21:42:53|INFO   |T5 event null: {'accretion_share': {'mean_perm_D': 0.0020259623266848516, 'sd_perm_D': 0.09475991674928312, 'n_perms': 200, 'boot_se_real_D': 0.0620077789635914, 'pass_abs_mean_lt_0.25_se': True}, 'closure_lr': {'mean_perm_D': 0.018911800640017632, 'sd_perm_D': 0.22359946841430758, 'n_perms': 200, 'boot_se_real_D': 0.23029414394528525, 'pass_abs_mean_lt_0.25_se': True}, 'dP': {'mean_perm_D': -0.0015053405321110535, 'sd_perm_D': 0.025111128136831782, 'n_perms': 200, 'boot_se_real_D': 0.023209680477463034, 'pass_abs_mean_lt_0.25_se': True}}
21:42:54|INFO   |main-pool-aligned E: treated 6, matched 5; accretion_shift_rar S=0.0438 [0.00398,0.129] p_holm=0.0015; closure S=0.487 [-0.606,1.58] p_holm=0.594; P_rar S=-0.0255 [-0.0764,0.0213] p_holm=0.594
21:42:56|INFO   |main-pool-aligned E_alt: treated 18, matched 17; accretion_shift_rar S=0.0489 [0.00998,0.0953] p_holm=0.00156; closure S=0.0806 [-0.296,0.479] p_holm=0.704; P_rar S=0.0285 [0.00063,0.059] p_holm=0.088
21:42:58|INFO   |main-pool-aligned E_up: treated 91, matched 51; accretion_shift_rar S=0.0429 [0.00745,0.0687] p_holm=0.06; closure S=-0.185 [-0.498,0.108] p_holm=0.21; P_rar S=0.017 [-0.00416,0.0374] p_holm=0.21
21:43:25|INFO   |prediction PRIMARY E_PRIMARY rolling_origin: units=181 pos=12 origins=3
21:43:57|INFO   |prediction PRIMARY E_PRIMARY grouped_cv: units=1067 pos=42 origins=5
21:44:27|INFO   |prediction PRIMARY E_cent rolling_origin: units=511 pos=60 origins=6
21:45:00|INFO   |prediction PRIMARY E_cent grouped_cv: units=1067 pos=92 origins=5
21:45:31|INFO   |prediction PRIMARY E_vol_PRIMARY rolling_origin: units=656 pos=256 origins=7
21:46:04|INFO   |prediction PRIMARY E_vol_PRIMARY grouped_cv: units=1067 pos=427 origins=5
21:46:04|INFO   |prediction PRIMARY E_allnode_PRIMARY rolling_origin: units=46 pos=0 origins=1
21:46:34|INFO   |prediction PRIMARY E_allnode_PRIMARY grouped_cv: units=1067 pos=17 origins=5
21:47:00|INFO   |prediction SENS1 E_SENS1 rolling_origin: units=383 pos=39 origins=5
21:47:30|INFO   |prediction SENS1 E_SENS1 grouped_cv: units=1067 pos=75 origins=5
21:47:59|INFO   |prediction SENS1 E_vol_SENS1 rolling_origin: units=656 pos=388 origins=7
21:48:30|INFO   |prediction SENS1 E_vol_SENS1 grouped_cv: units=1067 pos=683 origins=5
21:48:46|INFO   |prediction SENS2 E_SENS2 rolling_origin: units=46 pos=1 origins=1
21:49:14|INFO   |prediction SENS2 E_SENS2 grouped_cv: units=527 pos=20 origins=5
21:49:39|INFO   |prediction SENS2 E_vol_SENS2 rolling_origin: units=217 pos=65 origins=4
21:50:05|INFO   |prediction SENS2 E_vol_SENS2 grouped_cv: units=527 pos=210 origins=5
21:50:13|INFO   |method_out.json: 1067 examples
21:50:13|INFO   |outcomes stage done in 482s
EXIT 0
