21:43:38|INFO   |__main__:299|building snapshots [2000, 2001, 2002, 2003, 2004, 2005, 2006, 2007, 2008, 2009, 2010, 2011, 2012, 2013, 2014, 2015, 2016, 2017, 2018, 2019, 2020, 2021, 2022, 2023, 2024] with 4 workers
21:44:10|INFO   |__mp_main__:92|y=2000 works=7966 nodes=13813 edges=150601 kept_edges=17748 kept_nodes=4610 comms=130 (>=5 nodes: 41) Q=0.661
21:44:11|INFO   |__mp_main__:192|y=2000 betweenness on 4637 nodes / 18973 edges in 0.5s
21:44:11|INFO   |__mp_main__:215|y=2000 done in 7.9s
21:44:11|INFO   |__main__:307|snapshot 2000 ok (33s elapsed)
21:44:20|INFO   |__mp_main__:92|y=2001 works=15745 nodes=20612 edges=282001 kept_edges=42507 kept_nodes=8206 comms=202 (>=5 nodes: 76) Q=0.910
21:44:22|INFO   |__mp_main__:192|y=2001 betweenness on 8242 nodes / 45051 edges in 1.0s
21:44:22|INFO   |__mp_main__:215|y=2001 done in 19.0s
21:44:22|INFO   |__main__:307|snapshot 2001 ok (44s elapsed)
21:44:37|INFO   |__mp_main__:92|y=2002 works=24229 nodes=25700 edges=408948 kept_edges=70680 kept_nodes=11604 comms=261 (>=5 nodes: 84) Q=0.932
21:44:39|INFO   |__mp_main__:192|y=2002 betweenness on 11642 nodes / 74456 edges in 1.7s
21:44:39|INFO   |__mp_main__:215|y=2002 done in 36.0s
21:44:39|INFO   |__main__:307|snapshot 2002 ok (61s elapsed)
21:44:48|INFO   |__mp_main__:92|y=2003 works=25780 nodes=26759 edges=438026 kept_edges=76924 kept_nodes=12305 comms=217 (>=5 nodes: 62) Q=0.768
21:44:51|INFO   |__mp_main__:192|y=2003 betweenness on 12346 nodes / 81092 edges in 1.9s
21:44:51|INFO   |__mp_main__:215|y=2003 done in 47.9s
21:44:51|INFO   |__main__:307|snapshot 2003 ok (73s elapsed)
21:44:56|INFO   |__mp_main__:92|y=2004 works=28140 nodes=27738 edges=466017 kept_edges=84027 kept_nodes=13055 comms=246 (>=5 nodes: 84) Q=0.865
21:44:59|INFO   |__mp_main__:192|y=2004 betweenness on 13104 nodes / 88580 edges in 1.9s
21:44:59|INFO   |__mp_main__:215|y=2004 done in 47.8s
21:44:59|INFO   |__main__:307|snapshot 2004 ok (81s elapsed)
21:45:03|INFO   |__mp_main__:92|y=2005 works=27185 nodes=27233 edges=450696 kept_edges=80406 kept_nodes=12689 comms=292 (>=5 nodes: 95) Q=0.945
21:45:05|INFO   |__mp_main__:192|y=2005 betweenness on 12751 nodes / 85540 edges in 1.9s
21:45:06|INFO   |__mp_main__:215|y=2005 done in 43.6s
21:45:06|INFO   |__main__:307|snapshot 2005 ok (88s elapsed)
21:45:19|INFO   |__mp_main__:92|y=2006 works=26001 nodes=26720 edges=433905 kept_edges=76186 kept_nodes=12295 comms=271 (>=5 nodes: 90) Q=0.936
21:45:21|INFO   |__mp_main__:192|y=2006 betweenness on 12362 nodes / 81973 edges in 1.8s
21:45:21|INFO   |__mp_main__:215|y=2006 done in 42.0s
21:45:21|INFO   |__main__:307|snapshot 2006 ok (103s elapsed)
21:45:38|INFO   |__mp_main__:92|y=2007 works=24649 nodes=26242 edges=420093 kept_edges=72721 kept_nodes=11901 comms=269 (>=5 nodes: 92) Q=0.952
21:45:40|INFO   |__mp_main__:192|y=2007 betweenness on 11975 nodes / 79358 edges in 1.8s
21:45:40|INFO   |__mp_main__:92|y=2008 works=26845 nodes=27514 edges=453971 kept_edges=80153 kept_nodes=12733 comms=263 (>=5 nodes: 93) Q=0.947
21:45:41|INFO   |__mp_main__:215|y=2007 done in 49.4s
21:45:41|INFO   |__main__:307|snapshot 2007 ok (122s elapsed)
21:45:43|INFO   |__mp_main__:192|y=2008 betweenness on 12821 nodes / 88130 edges in 1.9s
21:45:43|INFO   |__mp_main__:215|y=2008 done in 44.1s
21:45:43|INFO   |__main__:307|snapshot 2008 ok (125s elapsed)
21:45:59|INFO   |__mp_main__:92|y=2009 works=29090 nodes=28449 edges=484650 kept_edges=87428 kept_nodes=13417 comms=265 (>=5 nodes: 103) Q=0.946
21:46:01|INFO   |__mp_main__:192|y=2009 betweenness on 13522 nodes / 97224 edges in 2.1s
21:46:02|INFO   |__mp_main__:215|y=2009 done in 55.7s
21:46:02|INFO   |__main__:307|snapshot 2009 ok (144s elapsed)
21:46:14|INFO   |__mp_main__:92|y=2010 works=28450 nodes=27994 edges=475706 kept_edges=85407 kept_nodes=13228 comms=279 (>=5 nodes: 96) Q=0.948
21:46:17|INFO   |__mp_main__:192|y=2010 betweenness on 13338 nodes / 96852 edges in 2.1s
21:46:17|INFO   |__mp_main__:215|y=2010 done in 55.9s
21:46:17|INFO   |__main__:307|snapshot 2010 ok (159s elapsed)
21:46:28|INFO   |__mp_main__:92|y=2011 works=27390 nodes=27450 edges=464344 kept_edges=83135 kept_nodes=12871 comms=253 (>=5 nodes: 84) Q=0.919
21:46:31|INFO   |__mp_main__:192|y=2011 betweenness on 12989 nodes / 96433 edges in 2.1s
21:46:31|INFO   |__mp_main__:215|y=2011 done in 50.2s
21:46:31|INFO   |__main__:307|snapshot 2011 ok (173s elapsed)
21:46:33|INFO   |__mp_main__:92|y=2012 works=26115 nodes=27034 edges=453572 kept_edges=80495 kept_nodes=12515 comms=261 (>=5 nodes: 90) Q=0.906
21:46:36|INFO   |__mp_main__:192|y=2012 betweenness on 12639 nodes / 95465 edges in 2.0s
21:46:36|INFO   |__mp_main__:215|y=2012 done in 52.9s
21:46:36|INFO   |__main__:307|snapshot 2012 ok (178s elapsed)
21:46:47|INFO   |__mp_main__:92|y=2013 works=27595 nodes=27718 edges=475613 kept_edges=86333 kept_nodes=13012 comms=274 (>=5 nodes: 94) Q=0.905
21:46:50|INFO   |__mp_main__:192|y=2013 betweenness on 13145 nodes / 103403 edges in 2.1s
21:46:50|INFO   |__mp_main__:215|y=2013 done in 48.3s
21:46:50|INFO   |__main__:307|snapshot 2013 ok (192s elapsed)
21:47:15|INFO   |__mp_main__:92|y=2014 works=28968 nodes=28238 edges=492032 kept_edges=90288 kept_nodes=13346 comms=288 (>=5 nodes: 95) Q=0.948
21:47:18|INFO   |__mp_main__:192|y=2014 betweenness on 13486 nodes / 109187 edges in 2.2s
21:47:19|INFO   |__mp_main__:215|y=2014 done in 61.3s
21:47:19|INFO   |__main__:307|snapshot 2014 ok (221s elapsed)
21:47:25|INFO   |__mp_main__:92|y=2016 works=28018 nodes=27315 edges=465649 kept_edges=83875 kept_nodes=12817 comms=277 (>=5 nodes: 95) Q=0.948
21:47:26|INFO   |__mp_main__:92|y=2015 works=28732 nodes=27797 edges=482183 kept_edges=87532 kept_nodes=13062 comms=295 (>=5 nodes: 100) Q=0.951
21:47:28|INFO   |__mp_main__:192|y=2016 betweenness on 12962 nodes / 106132 edges in 2.1s
21:47:29|INFO   |__mp_main__:215|y=2016 done in 52.3s
21:47:29|INFO   |__main__:307|snapshot 2016 ok (231s elapsed)
21:47:29|INFO   |__mp_main__:192|y=2015 betweenness on 13206 nodes / 108254 edges in 2.2s
21:47:30|INFO   |__mp_main__:215|y=2015 done in 58.5s
21:47:30|INFO   |__main__:307|snapshot 2015 ok (232s elapsed)
21:47:32|INFO   |__mp_main__:92|y=2017 works=27087 nodes=26574 edges=447698 kept_edges=79253 kept_nodes=12289 comms=278 (>=5 nodes: 98) Q=0.948
21:47:36|INFO   |__mp_main__:192|y=2017 betweenness on 12433 nodes / 102860 edges in 2.0s
21:47:36|INFO   |__mp_main__:215|y=2017 done in 45.5s
21:47:36|INFO   |__main__:307|snapshot 2017 ok (238s elapsed)
21:48:12|INFO   |__mp_main__:92|y=2018 works=27265 nodes=26523 edges=452324 kept_edges=80606 kept_nodes=12273 comms=305 (>=5 nodes: 102) Q=0.946
21:48:14|INFO   |__mp_main__:92|y=2019 works=28392 nodes=26820 edges=476431 kept_edges=86806 kept_nodes=12699 comms=298 (>=5 nodes: 105) Q=0.945
21:48:15|INFO   |__mp_main__:192|y=2018 betweenness on 12415 nodes / 106262 edges in 2.0s
21:48:16|INFO   |__mp_main__:215|y=2018 done in 56.5s
21:48:16|INFO   |__main__:307|snapshot 2018 ok (278s elapsed)
21:48:17|INFO   |__mp_main__:192|y=2019 betweenness on 12840 nodes / 114957 edges in 2.2s
21:48:18|INFO   |__mp_main__:215|y=2019 done in 48.9s
21:48:18|INFO   |__main__:307|snapshot 2019 ok (280s elapsed)
21:48:24|INFO   |__mp_main__:92|y=2020 works=29201 nodes=27374 edges=496680 kept_edges=91822 kept_nodes=13114 comms=318 (>=5 nodes: 108) Q=0.945
21:48:27|INFO   |__mp_main__:192|y=2020 betweenness on 13254 nodes / 122191 edges in 2.3s
21:48:28|INFO   |__mp_main__:215|y=2020 done in 58.2s
21:48:28|INFO   |__main__:307|snapshot 2020 ok (290s elapsed)
21:48:39|INFO   |__mp_main__:92|y=2021 works=29450 nodes=27611 edges=513466 kept_edges=96368 kept_nodes=13413 comms=287 (>=5 nodes: 97) Q=0.943
21:48:43|INFO   |__mp_main__:192|y=2021 betweenness on 13553 nodes / 128462 edges in 2.4s
21:48:44|INFO   |__mp_main__:215|y=2021 done in 67.2s
21:48:44|INFO   |__main__:307|snapshot 2021 ok (305s elapsed)
21:49:04|INFO   |__mp_main__:92|y=2022 works=28649 nodes=27311 edges=515634 kept_edges=97425 kept_nodes=13322 comms=277 (>=5 nodes: 85) Q=0.934
21:49:07|INFO   |__mp_main__:192|y=2022 betweenness on 13464 nodes / 129750 edges in 2.4s
21:49:08|INFO   |__mp_main__:215|y=2022 done in 51.9s
21:49:08|INFO   |__main__:307|snapshot 2022 ok (330s elapsed)
21:49:15|INFO   |__mp_main__:92|y=2023 works=28234 nodes=27075 edges=517942 kept_edges=98514 kept_nodes=13289 comms=295 (>=5 nodes: 97) Q=0.942
21:49:18|INFO   |__mp_main__:192|y=2023 betweenness on 13429 nodes / 130068 edges in 2.4s
21:49:19|INFO   |__mp_main__:215|y=2023 done in 60.4s
21:49:19|INFO   |__main__:307|snapshot 2023 ok (341s elapsed)
21:49:24|INFO   |__mp_main__:92|y=2024 works=28492 nodes=25891 edges=474848 kept_edges=89036 kept_nodes=12480 comms=310 (>=5 nodes: 93) Q=0.946
21:49:27|INFO   |__mp_main__:192|y=2024 betweenness on 12621 nodes / 118909 edges in 2.2s
21:49:28|INFO   |__mp_main__:215|y=2024 done in 59.6s
21:49:28|INFO   |__main__:307|snapshot 2024 ok (350s elapsed)
21:49:30|INFO   |__main__:283|alluvial: 1487 persistent communities; events {'birth': 1487, 'death': 1394, 'continue': 772, 'merge': 286, 'split': 256}
21:49:30|INFO   |__main__:313|stage_snapshots done in 352s
