21:36:55|INFO   |=== stage power_h2 ===
21:36:56|INFO   |Gate B: phi=2.16; designs {'realised_labelled': {'clusters': 0, 'target_clusters': None, 'episodes': 0, 'hosts': 0, 'sink_share': None, 'MDE': 'not estimable (< 10 clusters or no sink variation)'}, 'upper_bound': {'clusters': 0, 'target_clusters': None, 'episodes': 0, 'hosts': 0, 'sink_share': None, 'MDE': 'not estimable (< 10 clusters or no sink variation)'}, 'upper_bound_nmin5': {'clusters': 1, 'target_clusters': None, 'episodes': 2, 'hosts': 4, 'sink_share': 0.5, 'MDE': 'not estimable (< 10 clusters or no sink variation)'}, 'projected_upper_bound_nmin5': {'clusters': 1, 'target_clusters': 2.039473684210526, 'episodes': 2, 'hosts': 4, 'sink_share': 0.5, 'MDE': 'not estimable (< 10 clusters or no sink variation)'}, 'hypothetical_10_clusters': {'clusters': 43, 'target_clusters': 10.0, 'episodes': 122, 'hosts': 455, 'sink_share': 0.6065934065934065}, 'hypothetical_30_clusters': {'clusters': 43, 'target_clusters': 30.0, 'episodes': 122, 'hosts': 455, 'sink_share': 0.6065934065934065}, 'hypothetical_60_clusters': {'clusters': 43, 'target_clusters': 60.0, 'episodes': 122, 'hosts': 455, 'sink_share': 0.6065934065934065}, 'hypothetical_120_clusters': {'clusters': 43, 'target_clusters': 120.0, 'episodes': 122, 'hosts': 455, 'sink_share': 0.6065934065934065}}; 36 tasks
21:37:12|INFO   |Gate B 1/36 (16s)
21:37:12|INFO   |Gate B 2/36 (16s)
21:37:13|INFO   |Gate B 3/36 (17s)
21:37:13|INFO   |Gate B 4/36 (17s)
21:37:17|INFO   |Gate B 5/36 (20s)
21:37:17|INFO   |Gate B 6/36 (21s)
21:37:18|INFO   |Gate B 7/36 (21s)
21:37:18|INFO   |Gate B 8/36 (21s)
21:37:22|INFO   |Gate B 9/36 (25s)
21:37:27|INFO   |Gate B 10/36 (31s)
21:37:28|INFO   |Gate B 11/36 (31s)
21:37:28|INFO   |Gate B 12/36 (32s)
21:37:32|INFO   |Gate B 13/36 (35s)
21:37:37|INFO   |Gate B 14/36 (41s)
21:37:38|INFO   |Gate B 15/36 (42s)
21:37:38|INFO   |Gate B 16/36 (42s)
21:37:42|INFO   |Gate B 17/36 (46s)
21:37:48|INFO   |Gate B 18/36 (52s)
21:38:03|INFO   |Gate B 19/36 (66s)
21:38:04|INFO   |Gate B 20/36 (68s)
21:38:06|INFO   |Gate B 21/36 (70s)
21:38:13|INFO   |Gate B 22/36 (77s)
21:38:28|INFO   |Gate B 23/36 (91s)
21:38:29|INFO   |Gate B 24/36 (92s)
21:38:31|INFO   |Gate B 25/36 (95s)
21:38:38|INFO   |Gate B 26/36 (102s)
21:38:54|INFO   |Gate B 27/36 (118s)
21:39:13|INFO   |Gate B 28/36 (137s)
21:39:15|INFO   |Gate B 29/36 (139s)
21:39:22|INFO   |Gate B 30/36 (146s)
21:39:40|INFO   |Gate B 31/36 (163s)
21:39:59|INFO   |Gate B 32/36 (183s)
21:40:00|INFO   |Gate B 33/36 (183s)
21:40:07|INFO   |Gate B 34/36 (191s)
21:40:25|INFO   |Gate B 35/36 (209s)
21:40:44|INFO   |Gate B 36/36 (228s)
21:40:44|INFO   |Gate B verdict: FAIL (realised labelled design); H2 demoted to secondary
21:40:44|INFO   |decisions: pilot only (realised N_c = 38; MDE delta-AUC = 0.13426961548837757 at BASE 0.70, 0.11602926811644823 at BASE 0.80) | Gate B FAIL (realised labelled design); H2 demoted to secondary
21:40:44|INFO   |=== stage power_h2 done in 230s ===
