21:12:34|INFO   |=== stage power_h1 ===
21:12:50|INFO   |projection: {'n_min_5': (93, 189.7), 'n_min_10': (91, 184.7), 'n_min_20': (58, 117.6), 'n_min_30': (38, 77.5)}
21:12:57|INFO   |H1 power: 384 tasks x 200 sims
21:14:32|INFO   |H1 power 24/384 (95s)
21:15:51|INFO   |H1 power 48/384 (174s)
21:16:16|INFO   |H1 power 72/384 (199s)
21:16:37|INFO   |H1 power 96/384 (220s)
21:17:59|INFO   |H1 power 120/384 (302s)
21:19:11|INFO   |H1 power 144/384 (374s)
21:19:32|INFO   |H1 power 168/384 (395s)
21:19:53|INFO   |H1 power 192/384 (416s)
21:20:59|INFO   |H1 power 216/384 (482s)
21:22:01|INFO   |H1 power 240/384 (543s)
21:22:25|INFO   |H1 power 264/384 (568s)
21:22:48|INFO   |H1 power 288/384 (591s)
21:23:56|INFO   |H1 power 312/384 (659s)
21:25:05|INFO   |H1 power 336/384 (728s)
21:25:29|INFO   |H1 power 360/384 (752s)
21:25:49|INFO   |H1 power 384/384 (772s)
21:25:50|INFO   |H1 MDE: auc|nmin5|AUC0.7|realised: 0.06960696586403067; auc|nmin5|AUC0.7|projected: 0.03867660720021429; auc|nmin5|AUC0.7|N150: 0.058152551309527484; auc|nmin5|AUC0.8|realised: 0.04983153957510123; auc|nmin5|AUC0.8|projected: 0.033621079895296294; auc|nmin5|AUC0.8|N150: 0.039063206838801795; r2|nmin5|R20.1|realised: 0.08085077711288022; r2|nmin5|R20.1|projected: 0.05306074321498774; r2|nmin5|R20.1|N150: 0.06355059340873345; r2|nmin5|R20.3|realised: 0.04741084004022676; r2|nmin5|R20.3|projected: 0.029414210084477817; r2|nmin5|R20.3|N150: 0.03999222924735692; auc|nmin10|AUC0.7|realised: 0.07320857433855335; auc|nmin10|AUC0.7|projected: 0.04243112736992901; auc|nmin10|AUC0.7|N150: 0.05568237463697371; auc|nmin10|AUC0.8|realised: 0.05383880639655253; auc|nmin10|AUC0.8|projected: 0.03706885818047101; auc|nmin10|AUC0.8|N150: 0.04064164883613401; r2|nmin10|R20.1|realised: 0.08037072156338529; r2|nmin10|R20.1|projected: 0.05879406214679208; r2|nmin10|R20.1|N150: 0.06785412169334706; r2|nmin10|R20.3|realised: 0.05105890690417336; r2|nmin10|R20.3|projected: 0.039280967089286675; r2|nmin10|R20.3|N150: 0.042349287865172364; auc|nmin20|AUC0.7|realised: 0.09986158870944528; auc|nmin20|AUC0.7|projected: 0.06502088063309935; auc|nmin20|AUC0.7|N150: 0.05872835940466061; auc|nmin20|AUC0.8|realised: 0.09183482117056713; auc|nmin20|AUC0.8|projected: 0.04258515988871988; auc|nmin20|AUC0.8|N150: 0.038998898038073146; r2|nmin20|R20.1|realised: 0.13999466933812477; r2|nmin20|R20.1|projected: 0.08043366590990997; r2|nmin20|R20.1|N150: 0.0732831881447058; r2|nmin20|R20.3|realised: 0.08956403309801539; r2|nmin20|R20.3|projected: 0.047032113492107355; r2|nmin20|R20.3|N150: 0.04509799189356996; auc|nmin30|AUC0.7|realised: 0.13426961548837757; auc|nmin30|AUC0.7|projected: 0.08379051823465503; auc|nmin30|AUC0.7|N150: 0.05873106615703426; auc|nmin30|AUC0.8|realised: 0.11602926811644823; auc|nmin30|AUC0.8|projected: 0.06887231972546423; auc|nmin30|AUC0.8|N150: 0.03904894467460168; r2|nmin30|R20.1|realised: 0.20224014278548957; r2|nmin30|R20.1|projected: 0.12079287732299357; r2|nmin30|R20.1|N150: 0.07222819962197076; r2|nmin30|R20.3|realised: 0.14224072130521895; r2|nmin30|R20.3|projected: 0.07832952023554657; r2|nmin30|R20.3|N150: 0.04469750198535999
21:25:50|INFO   |=== stage power_h1 done in 796s ===
