04:32:20|INFO   |__main__:66|=== stage vendor ===
04:32:40|INFO   |__main__:47|33 passed in 17.39s
04:32:40|INFO   |__main__:106|=== stage vendor done in 19.5s (guard calls so far 0) ===
04:32:40|INFO   |__main__:66|=== stage population ===
04:32:43|INFO   |population:43|pool 426 folds {'screen': 247, 'heldout_concept': 119, 'reference': 60}
04:32:43|INFO   |population:49|fold-hash mismatches (sha1(concept_id)%10<7 vs metadata_fold): 0
04:32:43|INFO   |population:83|replacement rule applied to 180; MAIN 302 (frozen file 156, diff 146); STRICT 292 (diff 145)
04:32:43|INFO   |population:105|population counts {"in_MAIN": {"screen": 202, "heldout_concept": 100}, "in_STRICT": {"screen": 196, "heldout_concept": 96}, "in_SENSITIVITY": {"screen": 247, "heldout_concept": 119}}
04:32:43|INFO   |__main__:106|=== stage population done in 3.6s (guard calls so far 0) ===
04:32:43|INFO   |__main__:66|=== stage prep ===
04:32:44|INFO   |prep:29|links 488078
04:32:45|INFO   |prep:44|works 462812 from 8 parts
04:32:50|INFO   |prep:65|c-paper rows 488078 (missing work join 0); frame share 0.696; unknown-subfield share 0.002; no-author share 0.005
04:32:51|INFO   |prep:81|totals years 2000..2024
04:32:51|INFO   |__main__:106|=== stage prep done in 7.5s (guard calls so far 0) ===
04:32:51|INFO   |__main__:66|=== stage attach ===
04:33:01|INFO   |attach:205|attach y=2000: {'year': 2000, 'n_concepts': 426, 'n_active': 92, 'ego_truncations': 0, 'strength_check_share': 1.0, 'secs': 1.5}
04:33:01|INFO   |attach:223|attached y=2000 (9s elapsed)
04:33:02|INFO   |attach:205|attach y=2004: {'year': 2004, 'n_concepts': 426, 'n_active': 155, 'ego_truncations': 0, 'strength_check_share': 1.0, 'secs': 1.6}
04:33:02|INFO   |attach:223|attached y=2004 (11s elapsed)
04:33:03|INFO   |attach:205|attach y=2001: {'year': 2001, 'n_concepts': 426, 'n_active': 114, 'ego_truncations': 0, 'strength_check_share': 1.0, 'secs': 3.5}
04:33:03|INFO   |attach:223|attached y=2001 (11s elapsed)
04:33:03|INFO   |attach:205|attach y=2003: {'year': 2003, 'n_concepts': 426, 'n_active': 127, 'ego_truncations': 0, 'strength_check_share': 1.0, 'secs': 3.6}
04:33:03|INFO   |attach:205|attach y=2002: {'year': 2002, 'n_concepts': 426, 'n_active': 127, 'ego_truncations': 0, 'strength_check_share': 1.0, 'secs': 3.7}
04:33:03|INFO   |attach:223|attached y=2003 (11s elapsed)
04:33:03|INFO   |attach:223|attached y=2002 (11s elapsed)
04:33:05|INFO   |attach:205|attach y=2005: {'year': 2005, 'n_concepts': 426, 'n_active': 179, 'ego_truncations': 0, 'strength_check_share': 1.0, 'secs': 2.0}
04:33:05|INFO   |attach:223|attached y=2005 (13s elapsed)
04:33:07|INFO   |attach:205|attach y=2006: {'year': 2006, 'n_concepts': 426, 'n_active': 203, 'ego_truncations': 0, 'strength_check_share': 1.0, 'secs': 3.8}
04:33:07|INFO   |attach:223|attached y=2006 (15s elapsed)
04:33:07|INFO   |attach:205|attach y=2007: {'year': 2007, 'n_concepts': 426, 'n_active': 223, 'ego_truncations': 0, 'strength_check_share': 1.0, 'secs': 4.3}
04:33:08|INFO   |attach:223|attached y=2007 (16s elapsed)
04:33:09|INFO   |attach:205|attach y=2008: {'year': 2008, 'n_concepts': 426, 'n_active': 258, 'ego_truncations': 0, 'strength_check_share': 1.0, 'secs': 5.4}
04:33:09|INFO   |attach:223|attached y=2008 (17s elapsed)
04:33:10|INFO   |attach:205|attach y=2009: {'year': 2009, 'n_concepts': 426, 'n_active': 288, 'ego_truncations': 0, 'strength_check_share': 1.0, 'secs': 5.0}
04:33:10|INFO   |attach:223|attached y=2009 (18s elapsed)
04:33:14|INFO   |attach:205|attach y=2013: {'year': 2013, 'n_concepts': 426, 'n_active': 387, 'ego_truncations': 0, 'strength_check_share': 1.0, 'secs': 4.7}
04:33:14|INFO   |attach:223|attached y=2013 (23s elapsed)
04:33:15|INFO   |attach:205|attach y=2010: {'year': 2010, 'n_concepts': 426, 'n_active': 311, 'ego_truncations': 0, 'strength_check_share': 1.0, 'secs': 8.2}
04:33:15|INFO   |attach:223|attached y=2010 (23s elapsed)
04:33:17|INFO   |attach:205|attach y=2011: {'year': 2011, 'n_concepts': 426, 'n_active': 339, 'ego_truncations': 0, 'strength_check_share': 1.0, 'secs': 9.0}
04:33:17|INFO   |attach:223|attached y=2011 (25s elapsed)
04:33:19|INFO   |attach:205|attach y=2012: {'year': 2012, 'n_concepts': 426, 'n_active': 363, 'ego_truncations': 0, 'strength_check_share': 1.0, 'secs': 10.3}
04:33:19|INFO   |attach:223|attached y=2012 (27s elapsed)
04:33:21|INFO   |attach:205|attach y=2014: {'year': 2014, 'n_concepts': 426, 'n_active': 407, 'ego_truncations': 0, 'strength_check_share': 1.0, 'secs': 7.0}
04:33:22|INFO   |attach:223|attached y=2014 (30s elapsed)
04:33:24|INFO   |attach:205|attach y=2016: {'year': 2016, 'n_concepts': 307, 'n_active': 305, 'ego_truncations': 0, 'strength_check_share': 1.0, 'secs': 7.1}
04:33:24|INFO   |attach:223|attached y=2016 (32s elapsed)
04:33:25|INFO   |attach:205|attach y=2015: {'year': 2015, 'n_concepts': 426, 'n_active': 423, 'ego_truncations': 0, 'strength_check_share': 1.0, 'secs': 9.6}
04:33:25|INFO   |attach:223|attached y=2015 (33s elapsed)
04:33:26|INFO   |attach:205|attach y=2017: {'year': 2017, 'n_concepts': 307, 'n_active': 304, 'ego_truncations': 0, 'strength_check_share': 1.0, 'secs': 6.6}
04:33:26|INFO   |attach:223|attached y=2017 (34s elapsed)
04:33:29|INFO   |attach:205|attach y=2018: {'year': 2018, 'n_concepts': 307, 'n_active': 302, 'ego_truncations': 0, 'strength_check_share': 1.0, 'secs': 7.3}
04:33:29|INFO   |attach:223|attached y=2018 (37s elapsed)
04:33:31|INFO   |attach:205|attach y=2019: {'year': 2019, 'n_concepts': 307, 'n_active': 301, 'ego_truncations': 0, 'strength_check_share': 1.0, 'secs': 6.9}
04:33:31|INFO   |attach:223|attached y=2019 (39s elapsed)
04:33:32|INFO   |attach:205|attach y=2020: {'year': 2020, 'n_concepts': 307, 'n_active': 297, 'ego_truncations': 0, 'strength_check_share': 1.0, 'secs': 6.7}
04:33:32|INFO   |attach:223|attached y=2020 (40s elapsed)
04:33:33|INFO   |attach:205|attach y=2021: {'year': 2021, 'n_concepts': 307, 'n_active': 295, 'ego_truncations': 0, 'strength_check_share': 1.0, 'secs': 7.1}
04:33:33|INFO   |attach:223|attached y=2021 (41s elapsed)
04:33:36|INFO   |attach:205|attach y=2022: {'year': 2022, 'n_concepts': 307, 'n_active': 295, 'ego_truncations': 0, 'strength_check_share': 1.0, 'secs': 7.1}
04:33:36|INFO   |attach:223|attached y=2022 (44s elapsed)
04:33:36|INFO   |attach:205|attach y=2024: {'year': 2024, 'n_concepts': 307, 'n_active': 296, 'ego_truncations': 0, 'strength_check_share': 1.0, 'secs': 4.6}
04:33:36|INFO   |attach:223|attached y=2024 (44s elapsed)
04:33:37|INFO   |attach:205|attach y=2023: {'year': 2023, 'n_concepts': 307, 'n_active': 295, 'ego_truncations': 0, 'strength_check_share': 1.0, 'secs': 6.3}
04:33:37|INFO   |attach:223|attached y=2023 (45s elapsed)
04:33:47|INFO   |attach:205|attach y=2000: {'year': 2000, 'n_concepts': 145, 'n_active': 27, 'ego_truncations': 0, 'strength_check_share': 1.0, 'secs': 0.7}
04:33:47|INFO   |attach:223|attached y=2000 (9s elapsed)
04:33:48|INFO   |attach:205|attach y=2001: {'year': 2001, 'n_concepts': 145, 'n_active': 36, 'ego_truncations': 0, 'strength_check_share': 1.0, 'secs': 0.9}
04:33:48|INFO   |attach:223|attached y=2001 (10s elapsed)
04:33:48|INFO   |attach:205|attach y=2004: {'year': 2004, 'n_concepts': 145, 'n_active': 54, 'ego_truncations': 0, 'strength_check_share': 1.0, 'secs': 1.0}
04:33:48|INFO   |attach:223|attached y=2004 (10s elapsed)
04:33:48|INFO   |attach:205|attach y=2002: {'year': 2002, 'n_concepts': 145, 'n_active': 39, 'ego_truncations': 0, 'strength_check_share': 1.0, 'secs': 1.0}
04:33:48|INFO   |attach:205|attach y=2003: {'year': 2003, 'n_concepts': 145, 'n_active': 44, 'ego_truncations': 0, 'strength_check_share': 1.0, 'secs': 1.1}
04:33:48|INFO   |attach:223|attached y=2002 (10s elapsed)
04:33:48|INFO   |attach:223|attached y=2003 (10s elapsed)
04:33:49|INFO   |attach:205|attach y=2005: {'year': 2005, 'n_concepts': 145, 'n_active': 66, 'ego_truncations': 0, 'strength_check_share': 1.0, 'secs': 1.1}
04:33:49|INFO   |attach:223|attached y=2005 (11s elapsed)
04:33:49|INFO   |attach:205|attach y=2006: {'year': 2006, 'n_concepts': 145, 'n_active': 71, 'ego_truncations': 0, 'strength_check_share': 1.0, 'secs': 1.3}
04:33:49|INFO   |attach:223|attached y=2006 (12s elapsed)
04:33:50|INFO   |attach:205|attach y=2007: {'year': 2007, 'n_concepts': 145, 'n_active': 80, 'ego_truncations': 0, 'strength_check_share': 1.0, 'secs': 1.5}
04:33:50|INFO   |attach:223|attached y=2007 (12s elapsed)
04:33:50|INFO   |attach:205|attach y=2008: {'year': 2008, 'n_concepts': 145, 'n_active': 94, 'ego_truncations': 0, 'strength_check_share': 1.0, 'secs': 1.7}
04:33:50|INFO   |attach:223|attached y=2008 (12s elapsed)
04:33:51|INFO   |attach:205|attach y=2009: {'year': 2009, 'n_concepts': 145, 'n_active': 108, 'ego_truncations': 0, 'strength_check_share': 1.0, 'secs': 2.2}
04:33:51|INFO   |attach:223|attached y=2009 (14s elapsed)
04:33:52|INFO   |attach:205|attach y=2010: {'year': 2010, 'n_concepts': 145, 'n_active': 114, 'ego_truncations': 0, 'strength_check_share': 1.0, 'secs': 2.4}
04:33:52|INFO   |attach:223|attached y=2010 (14s elapsed)
04:33:52|INFO   |attach:205|attach y=2011: {'year': 2011, 'n_concepts': 145, 'n_active': 123, 'ego_truncations': 0, 'strength_check_share': 1.0, 'secs': 2.5}
04:33:52|INFO   |attach:223|attached y=2011 (15s elapsed)
04:33:53|INFO   |attach:205|attach y=2012: {'year': 2012, 'n_concepts': 145, 'n_active': 126, 'ego_truncations': 0, 'strength_check_share': 1.0, 'secs': 2.6}
04:33:53|INFO   |attach:223|attached y=2012 (15s elapsed)
04:33:54|INFO   |attach:205|attach y=2013: {'year': 2013, 'n_concepts': 145, 'n_active': 137, 'ego_truncations': 0, 'strength_check_share': 1.0, 'secs': 2.9}
04:33:55|INFO   |attach:223|attached y=2013 (17s elapsed)
04:33:55|INFO   |attach:205|attach y=2014: {'year': 2014, 'n_concepts': 145, 'n_active': 141, 'ego_truncations': 0, 'strength_check_share': 1.0, 'secs': 3.1}
04:33:55|INFO   |attach:223|attached y=2014 (17s elapsed)
04:33:56|INFO   |attach:205|attach y=2015: {'year': 2015, 'n_concepts': 145, 'n_active': 145, 'ego_truncations': 0, 'strength_check_share': 1.0, 'secs': 3.2}
04:33:56|INFO   |attach:223|attached y=2015 (18s elapsed)
04:33:56|INFO   |attach:205|attach y=2016: {'year': 2016, 'n_concepts': 145, 'n_active': 145, 'ego_truncations': 0, 'strength_check_share': 1.0, 'secs': 3.3}
04:33:56|INFO   |attach:223|attached y=2016 (18s elapsed)
04:33:58|INFO   |attach:205|attach y=2017: {'year': 2017, 'n_concepts': 145, 'n_active': 144, 'ego_truncations': 0, 'strength_check_share': 1.0, 'secs': 3.2}
04:33:58|INFO   |attach:223|attached y=2017 (20s elapsed)
04:33:58|INFO   |attach:205|attach y=2018: {'year': 2018, 'n_concepts': 145, 'n_active': 142, 'ego_truncations': 0, 'strength_check_share': 1.0, 'secs': 3.3}
04:33:59|INFO   |attach:223|attached y=2018 (21s elapsed)
04:33:59|INFO   |attach:205|attach y=2019: {'year': 2019, 'n_concepts': 145, 'n_active': 142, 'ego_truncations': 0, 'strength_check_share': 1.0, 'secs': 3.4}
04:33:59|INFO   |attach:223|attached y=2019 (21s elapsed)
04:33:59|INFO   |attach:205|attach y=2020: {'year': 2020, 'n_concepts': 145, 'n_active': 142, 'ego_truncations': 0, 'strength_check_share': 1.0, 'secs': 3.3}
04:34:00|INFO   |attach:223|attached y=2020 (22s elapsed)
04:34:01|INFO   |attach:205|attach y=2021: {'year': 2021, 'n_concepts': 145, 'n_active': 141, 'ego_truncations': 0, 'strength_check_share': 1.0, 'secs': 3.3}
04:34:01|INFO   |attach:223|attached y=2021 (23s elapsed)
04:34:02|INFO   |attach:205|attach y=2024: {'year': 2024, 'n_concepts': 145, 'n_active': 141, 'ego_truncations': 0, 'strength_check_share': 1.0, 'secs': 2.6}
04:34:02|INFO   |attach:223|attached y=2024 (24s elapsed)
04:34:02|INFO   |attach:205|attach y=2022: {'year': 2022, 'n_concepts': 145, 'n_active': 142, 'ego_truncations': 0, 'strength_check_share': 1.0, 'secs': 3.7}
04:34:02|INFO   |attach:223|attached y=2022 (24s elapsed)
04:34:02|INFO   |attach:205|attach y=2023: {'year': 2023, 'n_concepts': 145, 'n_active': 140, 'ego_truncations': 0, 'strength_check_share': 1.0, 'secs': 3.3}
04:34:02|INFO   |attach:223|attached y=2023 (25s elapsed)
04:34:03|INFO   |__main__:106|=== stage attach done in 71.8s (guard calls so far 0) ===
04:34:03|INFO   |__main__:66|=== stage indicators ===
04:34:09|INFO   |indicators:65|indicators 1/426 (5s)
04:34:14|INFO   |indicators:65|indicators 51/426 (10s)
04:34:17|INFO   |indicators:65|indicators 101/426 (13s)
04:34:21|INFO   |indicators:65|indicators 151/426 (17s)
04:34:24|INFO   |indicators:65|indicators 201/426 (20s)
04:34:27|INFO   |indicators:65|indicators 251/426 (23s)
04:34:31|INFO   |indicators:65|indicators 301/426 (27s)
04:34:34|INFO   |indicators:65|indicators 351/426 (30s)
04:34:37|INFO   |indicators:65|indicators 401/426 (33s)
04:34:41|INFO   |indicators:117|leakage check: 5/5 truncated recomputations identical
04:34:41|INFO   |indicators:138|indicators: 6415 rows, 426 concepts
04:34:47|INFO   |indicators:65|indicators 1/145 (5s)
04:34:51|INFO   |indicators:65|indicators 51/145 (9s)
04:34:55|INFO   |indicators:65|indicators 101/145 (13s)
04:35:03|INFO   |indicators:188|REPRODUCTION: r(closure) DS5 0.99956 (gate PASS); DS1 code equality 1.000000; changed paper sets 6
04:35:03|INFO   |analysis_event:119|labels: E rate 0.020; emerging 7, never 161; reference E rate 0.027
04:35:03|INFO   |indicators:204|E_up onsets (screen, 2008..2015): 83
04:35:03|INFO   |__main__:106|=== stage indicators done in 60.4s (guard calls so far 0) ===
04:35:03|INFO   |__main__:66|=== stage openness ===
04:35:04|INFO   |openness:105|R1a fit: n=424 rows / 118 concepts, R2=0.058; beta={'const': 7.082, 'new_relation_rate': 0.954, 'novelty': -2.34, 'beta_sim_rar': -1.744, 'log_vol3': -0.072, 'age': -0.147, 'H_W1': 0.308}
04:35:04|INFO   |openness:132|row-count decision: {'created_before_outcomes': True, 'main_screen_eligible_rows': 530, 'main_screen_eligible_concepts': 138, 'closure_res_complete_rows': 351, 'closure_res_complete_concepts': 100, 'closure_res_imp_complete_rows': 515, 'F3_rule': 'if complete-case closure_res leaves < 150 screen MAIN concepts or < 500 rows -> closure_res_imp co-primary', 'F3_triggered': True, 'coprimary_rule': 'D1_SUPPORTED_SCREEN requires the pre-declared rule to hold for closure_res AND for closure_res_imp on the same outcome (conservative conjunction; no forking)'}
04:35:04|INFO   |__main__:106|=== stage openness done in 0.7s (guard calls so far 0) ===
04:35:04|INFO   |__main__:66|=== stage features ===
04:35:08|INFO   |features:177|features: 659 rows / 168 concepts; rows per concept {'min': 1.0, 'max': 6.0}; NA shares {'rafols_coh': 0.12, 'P_rar': 0.046, 'novelty': 0.023, 'beta_sim_rar': 0.357, 'closure': 0.003, 'closure_res': 0.357, 'closure_res_imp': 0.024, 'closure_res_H3': 0.357, 'closure_unres': 0.003, 'closure_res_w1mean': 0.281, 'constraint': 0.003, 'esize': 0.003, 'esize_norm': 0.003, 'xcomm_exc': 0.053, 'closure_res_z': 0.357, 'closure_res_imp_z': 0.024, 'closure_res_H3_z': 0.357, 'closure_unres_z': 0.003, 'closure_res_w1mean_z': 0.281, 'constraint_z': 0.003, 'esize_norm_z': 0.003, 'xcomm_exc_z': 0.053}
04:35:09|INFO   |features:186|sealed held-out W1 feature rows: 301 / 79 concepts
04:35:09|INFO   |__main__:106|=== stage features done in 4.8s (guard calls so far 659) ===
04:35:09|INFO   |__main__:66|=== stage outcomes ===
04:35:09|INFO   |outcomes:164|F4: share n*<20 among MAIN rows = 0.145 -> floor 20
04:35:10|INFO   |outcomes:46|author index: 462812 works, 828829 authors, nnz 2417416
04:35:10|INFO   |outcomes:180|outcomes 1/659
04:35:14|INFO   |outcomes:180|outcomes 101/659
04:35:17|INFO   |outcomes:180|outcomes 201/659
04:35:20|INFO   |outcomes:180|outcomes 301/659
04:35:24|INFO   |outcomes:180|outcomes 401/659
04:35:27|INFO   |outcomes:180|outcomes 501/659
04:35:31|INFO   |outcomes:180|outcomes 601/659
04:35:33|INFO   |outcomes:194|outcomes: 659 rows; Y1r finite (MAIN) 0.85; Y3 zeros 0.25; missing authors 0.002
04:35:33|INFO   |__main__:106|=== stage outcomes done in 24.1s (guard calls so far 3295) ===
04:35:33|INFO   |__main__:66|=== stage models ===
04:35:45|INFO   |models:132|     closure_res_z       Y1r: coef +0.0194 [-0.0098, +0.0408] p_boot 0.1989 n=347/98 | dR2 +0.0067 [-0.0151, +0.0305]
04:35:46|INFO   |models:132|     closure_res_z        Y2: coef +0.0070 [-0.0024, +0.0133] p_boot 0.1349 n=351/100 | dR2 +0.0123 [-0.0129, +0.0426]
04:35:46|INFO   |models:132|     closure_res_z  log1p_Y3: coef -0.0650 [-0.1556, +0.0299] p_boot 0.1759 n=351/100 | dR2 +0.0011 [-0.0123, +0.0146]
04:35:47|INFO   |models:132| closure_res_imp_z       Y1r: coef +0.0209 [-0.0079, +0.0410] p_boot 0.1659 n=452/123 | dR2 +0.0079 [-0.0110, +0.0271]
04:35:48|INFO   |models:132| closure_res_imp_z        Y2: coef +0.0120 [+0.0017, +0.0207] p_boot 0.0200 n=512/136 | dR2 +0.0182 [-0.0032, +0.0390]
04:35:49|INFO   |models:132| closure_res_imp_z  log1p_Y3: coef -0.0262 [-0.1029, +0.0610] p_boot 0.5537 n=515/136 | dR2 -0.0022 [-0.0061, +0.0021]
04:35:49|INFO   |models:132|      constraint_z       Y1r: coef +0.0108 [-0.0162, +0.0341] p_boot 0.4348 n=453/123 | dR2 -0.0006 [-0.0087, +0.0088]
04:35:50|INFO   |models:132|      constraint_z        Y2: coef -0.0094 [-0.0208, +0.0036] p_boot 0.1789 n=523/137 | dR2 +0.0025 [-0.0219, +0.0165]
04:35:51|INFO   |models:132|      constraint_z  log1p_Y3: coef +0.0617 [-0.0290, +0.1440] p_boot 0.2049 n=528/138 | dR2 -0.0005 [-0.0105, +0.0093]
04:35:52|INFO   |models:132|      esize_norm_z       Y1r: coef -0.0086 [-0.0429, +0.0331] p_boot 0.7116 n=453/123 | dR2 -0.0056 [-0.0130, +0.0006]
04:35:52|INFO   |models:132|      esize_norm_z        Y2: coef +0.0006 [-0.0167, +0.0252] p_boot 0.8626 n=523/137 | dR2 -0.0150 [-0.0331, -0.0039]
04:35:53|INFO   |models:132|      esize_norm_z  log1p_Y3: coef +0.0433 [-0.0764, +0.1831] p_boot 0.4758 n=528/138 | dR2 -0.0067 [-0.0201, +0.0025]
04:35:54|INFO   |models:132|       xcomm_exc_z       Y1r: coef +0.0033 [-0.0204, +0.0381] p_boot 0.6587 n=429/122 | dR2 -0.0105 [-0.0205, -0.0031]
04:35:55|INFO   |models:132|       xcomm_exc_z        Y2: coef -0.0021 [-0.0144, +0.0110] p_boot 0.7846 n=497/136 | dR2 -0.0056 [-0.0114, -0.0018]
04:35:55|INFO   |models:132|       xcomm_exc_z  log1p_Y3: coef +0.0457 [-0.0443, +0.1344] p_boot 0.3438 n=502/137 | dR2 -0.0016 [-0.0072, +0.0038]
04:35:55|INFO   |models:396|VERDICT: D1_NOT_SUPPORTED_SCREEN (met: []; opposite: [])
04:35:59|INFO   |models:407|E_up subset: 68 concepts / 81 rows (secondary analysis)
04:36:28|INFO   |models:410|robustness grid: 132 rows
04:36:40|INFO   |models:425|models done
04:36:40|INFO   |__main__:106|=== stage models done in 67.4s (guard calls so far 3295) ===
04:36:40|INFO   |__main__:66|=== stage power ===
04:37:31|INFO   |power:132|MDE closure_res_z Y1r: held-out n=49 -> 0.207 SD(Y) (boot-rule power at MDE 0.66); screen n=98 -> 0.140; transfer dR2 MDE 0.472
04:38:22|INFO   |power:132|MDE closure_res_z Y2: held-out n=49 -> 0.209 SD(Y) (boot-rule power at MDE 0.67); screen n=100 -> 0.141; transfer dR2 MDE nan
04:39:12|INFO   |power:132|MDE closure_res_z log1p_Y3: held-out n=49 -> 0.180 SD(Y) (boot-rule power at MDE 0.62); screen n=100 -> 0.128; transfer dR2 MDE 0.431
04:40:07|INFO   |power:132|MDE closure_res_imp_z Y1r: held-out n=63 -> 0.172 SD(Y) (boot-rule power at MDE 0.69); screen n=123 -> 0.123; transfer dR2 MDE 0.440
04:41:05|INFO   |power:132|MDE closure_res_imp_z Y2: held-out n=63 -> 0.181 SD(Y) (boot-rule power at MDE 0.72); screen n=136 -> 0.124; transfer dR2 MDE 0.424
04:42:02|INFO   |power:132|MDE closure_res_imp_z log1p_Y3: held-out n=63 -> 0.156 SD(Y) (boot-rule power at MDE 0.68); screen n=136 -> 0.108; transfer dR2 MDE 0.379
04:42:05|INFO   |power:147|MDE E_up subset Y1r: n=62 -> nan SD(Y)
04:42:08|INFO   |power:147|MDE E_up subset Y2: n=62 -> nan SD(Y)
04:42:12|INFO   |power:147|MDE E_up subset log1p_Y3: n=62 -> 0.451 SD(Y)
04:42:12|INFO   |__main__:106|=== stage power done in 331.3s (guard calls so far 3295) ===
04:42:12|INFO   |__main__:66|=== stage freeze ===
04:42:12|INFO   |freeze:75|held-out spec frozen: sha256 11a10f5226b43c4d7c72fc02f7b19d1bbda4f62a9b9325b1a4bcdeb19abdb8ce; carried outcomes none (descriptive only)
04:42:12|INFO   |__main__:106|=== stage freeze done in 0.3s (guard calls so far 3295) ===
04:42:12|INFO   |__main__:66|=== stage outputs ===
04:42:14|INFO   |outputs:263|method_out.json: 1049 examples, 1.1 MB
04:42:20|INFO   |outputs:383|README.md written from results
04:42:20|INFO   |outputs:273|outputs written
04:42:20|INFO   |__main__:106|=== stage outputs done in 8.2s (guard calls so far 3295) ===
