04:29:19|INFO   |__main__:66|=== stage population ===
04:29:25|INFO   |population:43|pool 426 folds {'screen': 247, 'heldout_concept': 119, 'reference': 60}
04:29:25|INFO   |population:49|fold-hash mismatches (sha1(concept_id)%10<7 vs metadata_fold): 0
04:29:26|INFO   |population:83|replacement rule applied to 180; MAIN 302 (frozen file 156, diff 146); STRICT 292 (diff 145)
04:29:26|INFO   |population:105|population counts {"in_MAIN": {"screen": 202, "heldout_concept": 100}, "in_STRICT": {"screen": 196, "heldout_concept": 96}, "in_SENSITIVITY": {"screen": 247, "heldout_concept": 119}}
04:29:26|INFO   |__main__:106|=== stage population done in 7.0s (guard calls so far 0) ===
04:29:26|INFO   |__main__:66|=== stage prep ===
04:29:26|INFO   |prep:29|links 488078
04:29:28|INFO   |prep:44|works 462812 from 8 parts
04:29:32|INFO   |prep:65|c-paper rows 488078 (missing work join 0); frame share 0.696; unknown-subfield share 0.002; no-author share 0.005
04:29:32|INFO   |prep:81|totals years 2000..2024
04:29:33|INFO   |__main__:106|=== stage prep done in 7.2s (guard calls so far 0) ===
04:29:33|INFO   |__main__:66|=== stage indicators ===
04:29:41|INFO   |indicators:65|indicators 1/426 (7s)
04:29:45|INFO   |indicators:65|indicators 51/426 (11s)
04:29:49|INFO   |indicators:65|indicators 101/426 (15s)
04:29:53|INFO   |indicators:65|indicators 151/426 (19s)
04:29:56|INFO   |indicators:65|indicators 201/426 (22s)
04:30:00|INFO   |indicators:65|indicators 251/426 (26s)
04:30:03|INFO   |indicators:65|indicators 301/426 (29s)
04:30:06|INFO   |indicators:65|indicators 351/426 (33s)
04:30:10|INFO   |indicators:65|indicators 401/426 (36s)
04:30:13|INFO   |indicators:113|indicators: 6415 rows, 426 concepts
04:30:20|INFO   |indicators:65|indicators 1/145 (6s)
04:30:25|INFO   |indicators:65|indicators 51/145 (11s)
04:30:29|INFO   |indicators:65|indicators 101/145 (15s)
04:30:37|INFO   |indicators:163|REPRODUCTION: r(closure) DS5 0.99956 (gate PASS); DS1 code equality 1.000000; changed paper sets 6
04:30:37|INFO   |analysis_event:119|labels: E rate 0.020; emerging 7, never 161; reference E rate 0.027
04:30:37|INFO   |indicators:179|E_up onsets (screen, 2008..2015): 83
04:30:37|INFO   |__main__:106|=== stage indicators done in 64.6s (guard calls so far 0) ===
04:30:37|INFO   |__main__:66|=== stage openness ===
04:30:38|INFO   |openness:105|R1a fit: n=424 rows / 118 concepts, R2=0.058; beta={'const': 7.082, 'new_relation_rate': 0.954, 'novelty': -2.34, 'beta_sim_rar': -1.744, 'log_vol3': -0.072, 'age': -0.147, 'H_W1': 0.308}
04:30:38|INFO   |openness:132|row-count decision: {'created_before_outcomes': True, 'main_screen_eligible_rows': 530, 'main_screen_eligible_concepts': 138, 'closure_res_complete_rows': 351, 'closure_res_complete_concepts': 100, 'closure_res_imp_complete_rows': 515, 'F3_rule': 'if complete-case closure_res leaves < 150 screen MAIN concepts or < 500 rows -> closure_res_imp co-primary', 'F3_triggered': True, 'coprimary_rule': 'D1_SUPPORTED_SCREEN requires the pre-declared rule to hold for closure_res AND for closure_res_imp on the same outcome (conservative conjunction; no forking)'}
04:30:38|INFO   |__main__:106|=== stage openness done in 0.7s (guard calls so far 0) ===
04:30:38|INFO   |__main__:66|=== stage features ===
04:30:39|INFO   |features:166|features: 79 rows / 20 concepts; rows per concept {'min': 1.0, 'max': 6.0}; NA shares {'rafols_coh': 0.051, 'P_rar': 0.051, 'novelty': 0.025, 'beta_sim_rar': 0.354, 'closure_res': 0.354, 'closure_res_imp': 0.025, 'closure_res_H3': 0.354, 'closure_res_w1mean': 0.329, 'xcomm_exc': 0.051, 'closure_res_z': 0.354, 'closure_res_imp_z': 0.025, 'closure_res_H3_z': 0.354, 'closure_res_w1mean_z': 0.329, 'xcomm_exc_z': 0.051}
04:30:39|INFO   |__main__:106|=== stage features done in 1.0s (guard calls so far 79) ===
04:30:39|INFO   |__main__:66|=== stage outcomes ===
04:30:40|INFO   |outcomes:164|F4: share n*<20 among MAIN rows = 0.125 -> floor 20
04:30:42|INFO   |outcomes:46|author index: 462812 works, 828829 authors, nnz 2417416
04:30:42|INFO   |outcomes:180|outcomes 1/79
04:30:44|INFO   |outcomes:194|outcomes: 79 rows; Y1r finite (MAIN) 0.88; Y3 zeros 0.25; missing authors 0.002
04:30:44|INFO   |__main__:106|=== stage outcomes done in 5.0s (guard calls so far 395) ===
04:30:44|INFO   |__main__:66|=== stage models ===
04:30:54|INFO   |models:132|     closure_res_z       Y1r: coef -0.0018 [-0.1135, +0.0206] p_boot 0.3383 n=46/11 | dR2 -0.2416 [-1.3450, +0.1221]
04:30:54|INFO   |models:132|     closure_res_z        Y2: coef -0.0002 [-0.0311, +0.0101] p_boot 0.4776 n=47/11 | dR2 -0.3712 [-2.0240, -0.0380]
04:30:54|INFO   |models:132|     closure_res_z  log1p_Y3: coef -0.1518 [-0.4582, +0.1105] p_boot 0.2090 n=47/11 | dR2 +0.3166 [-0.0731, +1.3698]
04:30:55|INFO   |models:132| closure_res_imp_z       Y1r: coef +0.0031 [-0.0409, +0.0216] p_boot 0.5771 n=62/17 | dR2 -0.0835 [-0.4447, +0.0163]
04:30:55|INFO   |models:132| closure_res_imp_z        Y2: coef -0.0019 [-0.0232, +0.0072] p_boot 0.4577 n=70/18 | dR2 -0.1437 [-0.5679, +0.0190]
04:30:55|INFO   |models:132| closure_res_imp_z  log1p_Y3: coef -0.0251 [-0.2120, +0.0825] p_boot 0.5871 n=70/18 | dR2 -0.0302 [-0.0619, +0.0009]
04:30:55|INFO   |models:132|      constraint_z       Y1r: coef -0.0468 [-0.0987, +0.0917] p_boot 0.9950 n=63/17 | dR2 -0.0940 [-0.5002, +0.0205]
04:30:55|INFO   |models:132|      constraint_z        Y2: coef -0.0232 [-0.0325, +0.0193] p_boot 0.5473 n=72/18 | dR2 +0.0588 [-0.5592, +0.5299]
04:30:55|INFO   |models:132|      constraint_z  log1p_Y3: coef +0.4289 [-0.0261, +0.7566] p_boot 0.0697 n=72/18 | dR2 +0.2241 [+0.0091, +0.7156]
04:30:55|INFO   |models:132|      esize_norm_z       Y1r: coef -0.0807 [-0.1086, +0.1026] p_boot 0.8657 n=63/17 | dR2 +0.0803 [-0.4209, +0.3099]
04:30:55|INFO   |models:132|      esize_norm_z        Y2: coef -0.0094 [-0.0307, +0.0352] p_boot 0.7761 n=72/18 | dR2 -0.2274 [-0.6461, -0.0177]
04:30:55|INFO   |models:132|      esize_norm_z  log1p_Y3: coef +0.0983 [-0.3631, +0.5124] p_boot 0.9552 n=72/18 | dR2 -0.0470 [-0.1415, +0.0583]
04:30:55|INFO   |models:132|       xcomm_exc_z       Y1r: coef +0.0138 [-0.0269, +0.1201] p_boot 0.3483 n=59/17 | dR2 -0.0654 [-0.3054, -0.0052]
04:30:55|INFO   |models:132|       xcomm_exc_z        Y2: coef -0.0042 [-0.0145, +0.0165] p_boot 0.9552 n=68/18 | dR2 -0.0125 [-0.0508, +0.0359]
04:30:55|INFO   |models:132|       xcomm_exc_z  log1p_Y3: coef -0.0720 [-0.2411, +0.3104] p_boot 0.4975 n=68/18 | dR2 -0.0163 [-0.0599, +0.0093]
04:30:55|INFO   |models:396|VERDICT: D1_NOT_SUPPORTED_SCREEN (met: []; opposite: [])
04:30:56|INFO   |models:407|E_up subset: 11 concepts / 17 rows (UNDERPOWERED - descriptive only)
04:30:59|INFO   |models:410|robustness grid: 132 rows
04:31:00|INFO   |models:425|models done
04:31:00|INFO   |__main__:106|=== stage models done in 16.2s (guard calls so far 395) ===
