04:22:19|INFO   |__main__:64|=== stage models ===
04:22:32|INFO   |models:132|     closure_res_z       Y1r: coef +0.0194 [-0.0098, +0.0408] p_boot 0.1989 n=347/98 | dR2 +0.0067 [-0.0151, +0.0305]
04:22:33|INFO   |models:132|     closure_res_z        Y2: coef +0.0070 [-0.0024, +0.0133] p_boot 0.1349 n=351/100 | dR2 +0.0123 [-0.0129, +0.0426]
04:22:34|INFO   |models:132|     closure_res_z  log1p_Y3: coef -0.0650 [-0.1556, +0.0299] p_boot 0.1759 n=351/100 | dR2 +0.0011 [-0.0123, +0.0146]
04:22:34|INFO   |models:132| closure_res_imp_z       Y1r: coef +0.0209 [-0.0079, +0.0410] p_boot 0.1659 n=452/123 | dR2 +0.0079 [-0.0110, +0.0271]
04:22:35|INFO   |models:132| closure_res_imp_z        Y2: coef +0.0120 [+0.0017, +0.0207] p_boot 0.0200 n=512/136 | dR2 +0.0182 [-0.0032, +0.0390]
04:22:36|INFO   |models:132| closure_res_imp_z  log1p_Y3: coef -0.0262 [-0.1029, +0.0610] p_boot 0.5537 n=515/136 | dR2 -0.0022 [-0.0061, +0.0021]
04:22:37|INFO   |models:132|      constraint_z       Y1r: coef +0.0108 [-0.0162, +0.0341] p_boot 0.4348 n=453/123 | dR2 -0.0006 [-0.0087, +0.0088]
04:22:38|INFO   |models:132|      constraint_z        Y2: coef -0.0094 [-0.0208, +0.0036] p_boot 0.1789 n=523/137 | dR2 +0.0025 [-0.0219, +0.0165]
04:22:38|INFO   |models:132|      constraint_z  log1p_Y3: coef +0.0617 [-0.0290, +0.1440] p_boot 0.2049 n=528/138 | dR2 -0.0005 [-0.0105, +0.0093]
04:22:39|INFO   |models:132|      esize_norm_z       Y1r: coef -0.0086 [-0.0429, +0.0331] p_boot 0.7116 n=453/123 | dR2 -0.0056 [-0.0130, +0.0006]
04:22:40|INFO   |models:132|      esize_norm_z        Y2: coef +0.0006 [-0.0167, +0.0252] p_boot 0.8626 n=523/137 | dR2 -0.0150 [-0.0331, -0.0039]
04:22:41|INFO   |models:132|      esize_norm_z  log1p_Y3: coef +0.0433 [-0.0764, +0.1831] p_boot 0.4758 n=528/138 | dR2 -0.0067 [-0.0201, +0.0025]
04:22:42|INFO   |models:132|       xcomm_exc_z       Y1r: coef +0.0033 [-0.0204, +0.0381] p_boot 0.6587 n=429/122 | dR2 -0.0105 [-0.0205, -0.0031]
04:22:42|INFO   |models:132|       xcomm_exc_z        Y2: coef -0.0021 [-0.0144, +0.0110] p_boot 0.7846 n=497/136 | dR2 -0.0056 [-0.0114, -0.0018]
04:22:43|INFO   |models:132|       xcomm_exc_z  log1p_Y3: coef +0.0457 [-0.0443, +0.1344] p_boot 0.3438 n=502/137 | dR2 -0.0016 [-0.0072, +0.0038]
04:22:43|INFO   |models:387|VERDICT: D1_NOT_SUPPORTED_SCREEN (met: []; opposite: [])
04:22:47|INFO   |models:398|E_up subset: 68 concepts / 81 rows (secondary analysis)
04:23:20|INFO   |models:401|robustness grid: 132 rows
04:23:34|INFO   |models:416|models done
04:23:34|INFO   |__main__:104|=== stage models done in 74.5s (guard calls so far 0) ===
04:23:34|INFO   |__main__:64|=== stage power ===
04:24:29|INFO   |power:132|MDE closure_res_z Y1r: held-out n=49 -> 0.207 SD(Y) (boot-rule power at MDE 0.66); screen n=98 -> 0.140; transfer dR2 MDE 0.472
04:25:27|INFO   |power:132|MDE closure_res_z Y2: held-out n=49 -> 0.209 SD(Y) (boot-rule power at MDE 0.67); screen n=100 -> 0.141; transfer dR2 MDE nan
04:26:17|INFO   |power:132|MDE closure_res_z log1p_Y3: held-out n=49 -> 0.180 SD(Y) (boot-rule power at MDE 0.62); screen n=100 -> 0.128; transfer dR2 MDE 0.431
04:27:12|INFO   |power:132|MDE closure_res_imp_z Y1r: held-out n=63 -> 0.172 SD(Y) (boot-rule power at MDE 0.69); screen n=123 -> 0.123; transfer dR2 MDE 0.440
04:28:07|INFO   |power:132|MDE closure_res_imp_z Y2: held-out n=63 -> 0.181 SD(Y) (boot-rule power at MDE 0.72); screen n=136 -> 0.124; transfer dR2 MDE 0.424
04:29:03|INFO   |power:132|MDE closure_res_imp_z log1p_Y3: held-out n=63 -> 0.156 SD(Y) (boot-rule power at MDE 0.68); screen n=136 -> 0.108; transfer dR2 MDE 0.379
04:29:03|INFO   |__main__:104|=== stage power done in 329.3s (guard calls so far 0) ===
04:29:03|INFO   |__main__:64|=== stage freeze ===
04:29:03|INFO   |freeze:75|held-out spec frozen: sha256 6ff97a33b0a922e5833699daf1c0ef1b5f33e0f163c216dd342c60111b57277a; carried outcomes none (descriptive only)
04:29:03|INFO   |__main__:104|=== stage freeze done in 0.5s (guard calls so far 0) ===
