00:02:26|INFO   |[1] 'einstein podolsky rosen steering' route=A_openalex_native cand=353 links=286 t=42.7s credits=9 rem=None store=400517 s2calls=0/0
00:02:26|INFO   |[2] 'mirage mediation' route=A_openalex_native cand=122 links=110 t=23.0s credits=9 rem=None store=400517 s2calls=0/0
00:02:27|INFO   |[3] 'full duplex cellular' route=A_openalex_native cand=154 links=153 t=16.3s credits=9 rem=None store=400517 s2calls=0/0
00:02:27|INFO   |[4] 'deep metric learning' route=A_openalex_native cand=1473 links=1469 t=199.9s credits=9 rem=None store=400517 s2calls=0/0
00:02:28|INFO   |[5] 'graphene quantum dot' route=A_openalex_native cand=8308 links=8249 t=1461.2s credits=9 rem=None store=400517 s2calls=0/0
00:02:28|INFO   |[6] 'tensor complementarity' route=A_openalex_native cand=168 links=168 t=36.4s credits=9 rem=None store=400517 s2calls=0/0
00:02:28|INFO   |[7] 'proton radius puzzle' route=A_openalex_native cand=244 links=240 t=65.2s credits=9 rem=None store=400517 s2calls=0/0
00:02:29|INFO   |[8] 'massive mu mimo' route=A_openalex_native cand=344 links=336 t=82.6s credits=9 rem=None store=400517 s2calls=0/0
00:02:29|INFO   |[9] 'adenomyoma' route=A_openalex_native cand=1260 links=1260 t=264.9s credits=9 rem=None store=400517 s2calls=0/0
00:02:29|INFO   |[10] 'mmwave cellular network' route=A_openalex_native cand=314 links=270 t=93.1s credits=9 rem=None store=400517 s2calls=0/0
00:02:30|INFO   |[11] 'body area sensor network' route=A_openalex_native cand=540 links=488 t=156.4s credits=9 rem=None store=400517 s2calls=0/0
00:02:30|INFO   |[12] 'gaussian belief' route=A_openalex_native cand=325 links=324 t=92.4s credits=9 rem=None store=400517 s2calls=0/0
00:02:31|INFO   |[13] 'natural supersymmetry' route=A_openalex_native cand=188 links=186 t=50.0s credits=9 rem=None store=400517 s2calls=0/0
00:02:31|INFO   |[14] 'planar pixel sensor' route=A_openalex_native cand=110 links=109 t=42.0s credits=9 rem=None store=400517 s2calls=0/0
00:02:31|INFO   |[15] 'single layer mos2' route=A_openalex_native cand=656 links=611 t=131.6s credits=9 rem=None store=400517 s2calls=0/0
00:02:32|INFO   |[16] 'feas superconductor' route=A_openalex_native cand=143 links=134 t=62.9s credits=9 rem=None store=400517 s2calls=0/0
00:02:32|INFO   |[17] 'convolutional sparse coding' route=A_openalex_native cand=509 links=493 t=142.6s credits=9 rem=None store=400517 s2calls=0/0
00:02:32|INFO   |[18] 'photosynthetic complex' route=A_openalex_native cand=1060 links=1059 t=205.5s credits=9 rem=None store=400517 s2calls=0/0
00:02:33|INFO   |[19] 'ionization injection' route=A_openalex_native cand=231 links=229 t=62.7s credits=9 rem=None store=400517 s2calls=0/0
00:02:33|INFO   |[20] 'hom hopf algebras' route=A_openalex_native cand=100 links=79 t=67.1s credits=9 rem=None store=400517 s2calls=0/0
00:02:33|INFO   |[21] 'beam energy scan' route=A_openalex_native cand=806 links=798 t=151.0s credits=9 rem=None store=400517 s2calls=0/0
00:02:34|INFO   |[22] 'sparse recovery' route=A_openalex_native cand=3561 links=3469 t=893.4s credits=9 rem=None store=400517 s2calls=0/0
00:02:34|INFO   |[23] 'rf energy harvesting' route=A_openalex_native cand=2902 links=2604 t=745.6s credits=9 rem=None store=400517 s2calls=0/0
00:02:35|INFO   |[24] 'adversarial example' route=A_openalex_native cand=8824 links=8823 t=1586.3s credits=9 rem=None store=400517 s2calls=0/0
00:02:35|INFO   |[25] 'interfacial dzyaloshinskii moriya intera' route=A_openalex_native cand=651 links=499 t=159.9s credits=9 rem=None store=400517 s2calls=0/0
00:02:35|INFO   |[26] 'quark lepton complementarity' route=A_openalex_native cand=101 links=93 t=55.1s credits=9 rem=None store=400517 s2calls=0/0
00:02:36|INFO   |[27] 'calcium imaging' route=B_s2_index cand=8043 links=7229 t=2116.3s credits=9 rem=None store=400517 s2calls=0/0
00:02:36|INFO   |[28] 'maximum conformality' route=B_s2_index cand=149 links=104 t=42.9s credits=9 rem=None store=400517 s2calls=0/0
00:02:36|INFO   |[29] 'type iii seesaw' route=B_s2_index cand=189 links=150 t=229.2s credits=9 rem=None store=400517 s2calls=0/0
00:02:37|INFO   |[30] 'grand lebesgue space' route=B_s2_index cand=289 links=233 t=226.1s credits=9 rem=None store=400517 s2calls=0/0
00:02:37|INFO   |[31] 'eddington inspired born infeld gravity' route=B_s2_index cand=134 links=89 t=94.1s credits=9 rem=None store=400517 s2calls=0/0
00:02:37|INFO   |[32] 'polar code' route=B_s2_index cand=4058 links=3559 t=1023.0s credits=9 rem=None store=400517 s2calls=0/0
00:02:38|INFO   |[33] 'top forward backward asymmetry' route=B_s2_index cand=45 links=35 t=38.8s credits=9 rem=None store=400517 s2calls=0/0
00:02:38|INFO   |[34] 'fog computing' route=B_s2_index cand=9775 links=9189 t=431.7s credits=9 rem=None store=400517 s2calls=0/0
00:02:39|INFO   |[35] 'chern insulator' route=B_s2_index cand=1469 links=1244 t=442.1s credits=9 rem=None store=400517 s2calls=0/0
00:02:39|INFO   |[36] 'relay network' route=B_s2_index cand=10461 links=8535 t=1578.4s credits=9 rem=None store=400517 s2calls=0/0
00:02:39|INFO   |[37] 'symmetry fractionalization' route=B_s2_index cand=131 links=95 t=83.6s credits=9 rem=None store=400517 s2calls=0/0
00:02:40|INFO   |[38] 'redback millisecond pulsar' route=B_s2_index cand=52 links=39 t=58.8s credits=9 rem=None store=400517 s2calls=0/0
00:02:40|INFO   |[39] 'horava gravity' route=B_s2_index cand=248 links=66 t=89.7s credits=9 rem=None store=400517 s2calls=0/0
00:02:40|INFO   |[40] 'detector in pp collision' route=B_s2_index cand=198 links=74 t=80.0s credits=9 rem=None store=400517 s2calls=0/0
00:02:41|INFO   |[41] 'quantum machine learning' route=B_s2_index cand=2457 links=2121 t=767.2s credits=9 rem=None store=400517 s2calls=0/0
00:02:41|INFO   |[42] 'ising nanowire' route=B_s2_index cand=115 links=102 t=108.6s credits=9 rem=None store=400517 s2calls=0/0
00:02:41|INFO   |[43] 'monocular slam' route=B_s2_index cand=694 links=630 t=246.1s credits=9 rem=None store=400517 s2calls=0/0
00:02:42|INFO   |[44] 'mock modular' route=B_s2_index cand=354 links=246 t=64.7s credits=9 rem=None store=400517 s2calls=0/0
00:02:42|INFO   |[45] 'differential game' route=B_s2_index cand=6283 links=5554 t=1767.4s credits=9 rem=None store=400517 s2calls=0/0
00:02:43|INFO   |[46] 'spin liquid candidate' route=B_s2_index cand=327 links=263 t=126.7s credits=9 rem=None store=400517 s2calls=0/0
00:02:43|INFO   |[47] 'quantum anomalous hall' route=B_s2_index cand=1978 links=1689 t=563.4s credits=9 rem=None store=400517 s2calls=0/0
00:02:43|INFO   |[48] 'horndeski gravity' route=B_s2_index cand=227 links=182 t=104.0s credits=9 rem=None store=400517 s2calls=0/0
00:02:44|INFO   |[49] 'survey science verification data' route=B_s2_index cand=30 links=26 t=102.1s credits=9 rem=None store=400517 s2calls=0/0
00:02:44|INFO   |[50] 'group lasso' route=B_s2_index cand=2038 links=1738 t=545.6s credits=9 rem=None store=400517 s2calls=0/0
00:02:44|INFO   |[51] 'klein tunneling' route=B_s2_index cand=681 links=549 t=233.5s credits=9 rem=None store=400517 s2calls=0/0
00:02:45|INFO   |[52] 'deep face recognition' route=B_s2_index cand=297 links=282 t=123.0s credits=9 rem=None store=400517 s2calls=0/0
00:02:45|INFO   |[53] 'grammatical error correction' route=B_s2_index cand=608 links=533 t=234.9s credits=9 rem=None store=400517 s2calls=0/0
00:02:45|INFO   |[54] 'distributed storage' route=B_s2_index cand=7776 links=6468 t=2304.4s credits=9 rem=None store=400517 s2calls=0/0
00:02:46|INFO   |[55] 'poly ionic liquid' route=B_s2_index cand=1897 links=526 t=397.3s credits=9 rem=None store=400517 s2calls=0/0
00:02:46|INFO   |[56] 'conductivity in graphene' route=B_s2_index cand=2508 links=637 t=483.0s credits=9 rem=None store=400517 s2calls=0/0
00:02:46|INFO   |[57] 'monolayer wse2' route=B_s2_index cand=754 links=497 t=257.9s credits=9 rem=None store=400517 s2calls=0/0
00:02:47|INFO   |[58] 'state quantum key distribution' route=B_s2_index cand=300 links=260 t=127.9s credits=9 rem=None store=400517 s2calls=0/0
00:02:47|INFO   |[59] 'spin orbit coupled fermi gas' route=B_s2_index cand=91 links=77 t=65.9s credits=9 rem=None store=400517 s2calls=0/0
00:02:48|INFO   |[60] 'generalized proca' route=B_s2_index cand=107 links=94 t=44.2s credits=9 rem=None store=400517 s2calls=0/0
00:02:48|INFO   |[61] 'local differential privacy' route=B_s2_index cand=1219 links=1109 t=353.8s credits=9 rem=None store=400517 s2calls=0/0
00:02:48|INFO   |[62] 'monolayer mos' route=B_s2_index cand=534 links=328 t=214.9s credits=9 rem=None store=400517 s2calls=0/0
00:02:49|INFO   |[63] 'java bytecode' route=B_s2_index cand=1144 links=920 t=295.6s credits=9 rem=None store=400517 s2calls=0/0
00:02:49|INFO   |[64] 'unsupervised feature learning' route=B_s2_index cand=943 links=835 t=248.0s credits=9 rem=None store=400517 s2calls=0/0
00:02:49|INFO   |[65] 'orbital feshbach resonance' route=B_s2_index cand=44 links=34 t=72.9s credits=9 rem=None store=400517 s2calls=0/0
00:02:50|INFO   |[66] 'holographic thermalization' route=B_s2_index cand=141 links=68 t=39.3s credits=9 rem=None store=400517 s2calls=0/0
00:02:50|INFO   |[67] 'superconformal chern simons theory' route=B_s2_index cand=123 links=75 t=82.7s credits=9 rem=None store=400517 s2calls=0/0
00:02:50|INFO   |[68] 'graphene growth' route=B_s2_index cand=2008 links=1745 t=556.0s credits=9 rem=None store=400517 s2calls=0/0
00:02:51|INFO   |[69] 'monocular depth estimation' route=B_s2_index cand=1829 links=1700 t=651.1s credits=9 rem=None store=400517 s2calls=0/0
00:02:51|INFO   |[70] 'participatory sensing' route=B_s2_index cand=1540 links=1201 t=558.2s credits=9 rem=None store=400517 s2calls=0/0
00:02:51|INFO   |[71] 'density dependent viscosity' route=B_s2_index cand=375 links=298 t=126.0s credits=9 rem=None store=400517 s2calls=0/0
00:02:52|INFO   |[72] 'medicago truncatula' route=B_s2_index cand=5280 links=4709 t=1489.3s credits=9 rem=None store=400517 s2calls=0/0
00:02:52|INFO   |[73] 'audio tagging' route=B_s2_index cand=295 links=186 t=119.6s credits=9 rem=None store=400517 s2calls=0/0
00:02:53|INFO   |[74] 'fidelity susceptibility' route=B_s2_index cand=316 links=281 t=67.2s credits=9 rem=None store=400517 s2calls=0/0
00:02:53|INFO   |[75] 'sequence to sequence learning' route=B_s2_index cand=488 links=413 t=186.1s credits=9 rem=None store=400517 s2calls=0/0
00:02:53|INFO   |[76] 'graphical lasso' route=B_s2_index cand=657 links=587 t=195.6s credits=9 rem=None store=400517 s2calls=0/0
00:02:54|INFO   |[77] 'mathieu moonshine' route=B_s2_index cand=81 links=54 t=108.1s credits=9 rem=None store=400517 s2calls=0/0
00:02:54|INFO   |[78] 'anisotropic dark energy' route=B_s2_index cand=197 links=143 t=127.2s credits=9 rem=None store=400517 s2calls=0/0
00:02:54|INFO   |[79] 'stanley depth' route=B_s2_index cand=159 links=132 t=107.9s credits=9 rem=None store=400517 s2calls=0/0
00:02:55|INFO   |[80] 'diphoton rate' route=B_s2_index cand=84 links=58 t=76.8s credits=9 rem=None store=400517 s2calls=0/0
00:02:55|INFO   |[81] 'hénon map' route=B_s2_index cand=1571 links=835 t=299.7s credits=9 rem=None store=400517 s2calls=0/0
00:02:55|INFO   |[82] 'topological insulators and superconducto' route=B_s2_index cand=360 links=237 t=92.9s credits=9 rem=None store=400517 s2calls=0/0
00:02:56|INFO   |[83] 'codes for distributed storage' route=B_s2_index cand=343 links=162 t=42.5s credits=9 rem=None store=400517 s2calls=0/0
00:02:56|INFO   |[84] 'salient object detection' route=B_s2_index cand=2766 links=2554 t=715.4s credits=9 rem=None store=400517 s2calls=0/0
00:02:56|INFO   |[85] 'superluminous supernova' route=B_s2_index cand=169 links=153 t=68.3s credits=9 rem=None store=400517 s2calls=0/0
00:02:57|INFO   |[86] 'nonlinear massive gravity' route=B_s2_index cand=61 links=55 t=109.1s credits=9 rem=None store=400517 s2calls=0/0
00:02:57|INFO   |[87] 'hyperbolic metamaterial' route=B_s2_index cand=1752 links=1630 t=535.7s credits=9 rem=None store=400517 s2calls=0/0
00:02:58|INFO   |[88] 'brane tiling' route=B_s2_index cand=112 links=87 t=57.7s credits=9 rem=None store=400517 s2calls=0/0
00:02:58|INFO   |[89] 'electrons in graphene' route=B_s2_index cand=1061 links=629 t=339.5s credits=9 rem=None store=400517 s2calls=0/0
00:02:58|INFO   |[90] 'ipv6 address' route=B_s2_index cand=1818 links=1270 t=484.4s credits=9 rem=None store=400517 s2calls=0/0
00:02:59|INFO   |[91] 'quantum spin hall' route=B_s2_index cand=2626 links=2266 t=588.6s credits=9 rem=None store=400517 s2calls=0/0
00:02:59|INFO   |[92] 'ricci dark energy' route=B_s2_index cand=242 links=181 t=78.6s credits=9 rem=None store=400517 s2calls=0/0
00:02:59|INFO   |[93] 'lhc signature' route=B_s2_index cand=180 links=137 t=91.2s credits=9 rem=None store=400517 s2calls=0/0
00:03:00|INFO   |[94] 'graphene on sic' route=B_s2_index cand=1263 links=914 t=290.1s credits=9 rem=None store=400517 s2calls=0/0
00:03:00|INFO   |[95] 'semimetal state' route=B_s2_index cand=321 links=266 t=89.5s credits=9 rem=None store=400517 s2calls=0/0
00:03:01|INFO   |[96] 'zero forcing number' route=B_s2_index cand=226 links=191 t=79.8s credits=9 rem=None store=400517 s2calls=0/0
00:03:01|INFO   |[97] 'iron pnictide superconductor' route=B_s2_index cand=677 links=556 t=204.7s credits=9 rem=None store=400517 s2calls=0/0
00:03:01|INFO   |[98] 'interacting holographic dark energy' route=B_s2_index cand=156 links=113 t=99.3s credits=9 rem=None store=400517 s2calls=0/0
00:03:02|INFO   |[99] 'text classification' route=B_s2_index cand=19272 links=16590 t=4612.2s credits=9 rem=None store=400517 s2calls=0/0
00:03:02|INFO   |[100] 'cone metric space' route=B_s2_index cand=1247 links=973 t=350.4s credits=9 rem=None store=400517 s2calls=0/0
00:03:02|INFO   |[101] 'ba fe co' route=B_s2_index cand=77 links=26 t=89.1s credits=9 rem=None store=400517 s2calls=0/0
00:03:03|INFO   |[102] 'stochastic variational inference' route=B_s2_index cand=426 links=353 t=145.1s credits=9 rem=None store=400517 s2calls=0/0
00:03:03|INFO   |[103] 'galactic center gamma ray excess' route=B_s2_index cand=109 links=92 t=61.1s credits=9 rem=None store=400517 s2calls=0/0
00:03:04|INFO   |[104] 'cloud radio' route=B_s2_index cand=2370 links=2215 t=515.9s credits=9 rem=None store=400517 s2calls=0/0
00:03:04|INFO   |[105] 'conductivity of graphene' route=B_s2_index cand=2508 links=1903 t=297.6s credits=9 rem=None store=400517 s2calls=0/0
00:03:04|INFO   |[106] 'fine grained recognition' route=B_s2_index cand=552 links=503 t=297.0s credits=9 rem=None store=400517 s2calls=0/0
00:03:05|INFO   |[107] 'fractional p laplacian' route=B_s2_index cand=661 links=414 t=197.1s credits=9 rem=None store=400517 s2calls=0/0
00:03:05|INFO   |[108] 'thin film equation' route=B_s2_index cand=582 links=472 t=192.5s credits=9 rem=None store=400517 s2calls=0/0
00:03:05|INFO   |[109] 'soft theorem' route=B_s2_index cand=364 links=281 t=153.1s credits=9 rem=None store=400517 s2calls=0/0
00:03:06|INFO   |[110] 'on shell diagram' route=B_s2_index cand=106 links=69 t=80.3s credits=9 rem=None store=400517 s2calls=0/0
00:03:06|INFO   |[111] 'ultrastrong coupling regime' route=B_s2_index cand=432 links=348 t=156.4s credits=9 rem=None store=400517 s2calls=0/0
00:03:06|INFO   |[112] 'entanglement negativity' route=B_s2_index cand=259 links=212 t=81.7s credits=9 rem=None store=400517 s2calls=0/0
00:03:07|INFO   |[113] 'majorana edge' route=B_s2_index cand=441 links=372 t=44.7s credits=9 rem=None store=400517 s2calls=0/0
00:03:07|INFO   |[114] 'diagrammatic monte carlo' route=B_s2_index cand=222 links=193 t=63.7s credits=9 rem=None store=400517 s2calls=0/0
00:03:07|INFO   |[115] 'deep recurrent neural network' route=B_s2_index cand=1395 links=1280 t=452.3s credits=9 rem=None store=400517 s2calls=0/0
00:03:08|INFO   |[116] 'states in bilayer graphene' route=B_s2_index cand=133 links=99 t=78.5s credits=9 rem=None store=400517 s2calls=0/0
00:03:08|INFO   |[117] 'correlation filter' route=B_s2_index cand=3835 links=3269 t=956.5s credits=9 rem=None store=400517 s2calls=0/0
00:03:09|INFO   |[118] 'egret excess' route=B_s2_index cand=28 links=25 t=61.0s credits=9 rem=None store=400517 s2calls=0/0
00:03:09|INFO   |[119] 'tropical curve' route=B_s2_index cand=422 links=325 t=164.1s credits=9 rem=None store=400517 s2calls=0/0
00:03:09|INFO   |[120] 'dipolar bose einstein condensate' route=B_s2_index cand=507 links=346 t=208.9s credits=9 rem=None store=400517 s2calls=0/0
00:03:10|INFO   |[121] 'gated bilayer graphene' route=B_s2_index cand=190 links=150 t=125.2s credits=9 rem=None store=400517 s2calls=0/0
00:03:10|INFO   |[122] 'type iax' route=B_s2_index cand=97 links=91 t=39.0s credits=9 rem=None store=400517 s2calls=0/0
00:03:10|INFO   |[123] 'cu cu collision' route=B_s2_index cand=400 links=86 t=79.0s credits=9 rem=None store=400517 s2calls=0/0
00:03:11|INFO   |[124] 'mobile cloud computing' route=B_s2_index cand=4188 links=3544 t=1076.0s credits=9 rem=None store=400517 s2calls=0/0
00:03:11|INFO   |[125] 'd2d network' route=B_s2_index cand=1058 links=864 t=363.4s credits=9 rem=None store=400517 s2calls=0/0
00:03:11|INFO   |[126] 'loop of henle' route=B_s2_index cand=1284 links=925 t=406.4s credits=9 rem=None store=400517 s2calls=0/0
00:03:12|INFO   |[127] 'miso broadcast channel' route=B_s2_index cand=231 links=175 t=117.7s credits=9 rem=None store=400517 s2calls=0/0
00:03:12|INFO   |[128] 'light wimp' route=B_s2_index cand=152 links=116 t=89.0s credits=9 rem=None store=400517 s2calls=0/0
00:03:12|INFO   |[129] 'soft wall ads' route=B_s2_index cand=166 links=132 t=65.3s credits=9 rem=None store=400517 s2calls=0/0
00:03:13|INFO   |[130] 'full cdf data set' route=B_s2_index cand=36 links=23 t=9.7s credits=9 rem=None store=400517 s2calls=0/0
00:03:13|INFO   |[131] 'little rip' route=B_s2_index cand=136 links=110 t=108.5s credits=9 rem=None store=400517 s2calls=0/0
00:03:14|INFO   |[132] 'networks for action recognition' route=B_s2_index cand=335 links=139 t=88.2s credits=9 rem=None store=400517 s2calls=0/0
00:03:14|INFO   |[133] 'emergent gravity' route=B_s2_index cand=443 links=356 t=175.5s credits=9 rem=None store=400517 s2calls=0/0
00:03:14|INFO   |[134] 'modulo theory' route=B_s2_index cand=2254 links=1869 t=617.0s credits=9 rem=None store=400517 s2calls=0/0
00:03:15|INFO   |[135] 'optimal power flow' route=B_s2_index cand=10890 links=9708 t=2741.2s credits=9 rem=None store=400517 s2calls=0/0
00:03:15|INFO   |[136] 'multi label image' route=B_s2_index cand=698 links=627 t=231.7s credits=9 rem=None store=400517 s2calls=0/0
00:03:15|INFO   |[137] 'semimetal candidate' route=B_s2_index cand=248 links=213 t=104.3s credits=9 rem=None store=400517 s2calls=0/0
00:03:16|INFO   |[138] 'singlet triplet qubit' route=B_s2_index cand=216 links=178 t=94.5s credits=9 rem=None store=400517 s2calls=0/0
00:03:16|INFO   |[139] 'hidden charm pentaquark' route=B_s2_index cand=256 links=199 t=69.6s credits=9 rem=None store=400517 s2calls=0/0
00:03:16|INFO   |[140] 'wireless backhaul' route=B_s2_index cand=1466 links=1320 t=391.3s credits=9 rem=None store=400517 s2calls=0/0
00:03:17|INFO   |[141] 'doped topological insulator' route=B_s2_index cand=439 links=371 t=142.8s credits=9 rem=None store=400517 s2calls=0/0
00:03:17|INFO   |[142] 'photonic topological insulator' route=B_s2_index cand=384 links=352 t=68.1s credits=9 rem=None store=400517 s2calls=0/0
00:03:18|INFO   |[143] 'proton coupled folate transporter' route=B_s2_index cand=350 links=320 t=110.4s credits=9 rem=None store=400517 s2calls=0/0
00:03:18|INFO   |[144] 'split thickness skin graft' route=B_s2_index cand=4692 links=3516 t=1251.0s credits=9 rem=None store=400517 s2calls=0/0
00:03:18|INFO   |[145] 'instanton representation of plebanski' route=B_s2_index cand=38 links=29 t=34.9s credits=9 rem=None store=400517 s2calls=0/0
00:03:19|INFO   |[146] 'analog network coding' route=B_s2_index cand=419 links=376 t=122.7s credits=9 rem=None store=400517 s2calls=0/0
00:03:19|INFO   |[147] 'light front holography' route=B_s2_index cand=125 links=105 t=113.4s credits=9 rem=None store=400517 s2calls=0/0
00:03:19|INFO   |[148] 'graphene p n' route=B_s2_index cand=338 links=229 t=94.1s credits=9 rem=None store=400517 s2calls=0/0
00:03:20|INFO   |[149] 'science verification data' route=B_s2_index cand=123 links=99 t=79.3s credits=9 rem=None store=400517 s2calls=0/0
00:03:20|INFO   |[150] 'iron arsenide' route=B_s2_index cand=531 links=426 t=189.8s credits=9 rem=None store=400517 s2calls=0/0
00:03:21|INFO   |[151] 'f theory gut' route=B_s2_index cand=136 links=97 t=50.3s credits=9 rem=None store=400517 s2calls=0/0
00:03:21|INFO   |[152] 'integer additive set indexer' route=B_s2_index cand=50 links=44 t=80.6s credits=9 rem=None store=400517 s2calls=0/0
00:03:21|INFO   |[153] 'optical flow estimation' route=B_s2_index cand=2180 links=1947 t=655.7s credits=9 rem=None store=400517 s2calls=0/0
00:03:22|INFO   |[154] 'unsupervised representation learning' route=B_s2_index cand=786 links=680 t=230.4s credits=9 rem=None store=400517 s2calls=0/0
00:03:22|INFO   |[155] 'rainbow connection number' route=B_s2_index cand=304 links=254 t=98.2s credits=9 rem=None store=400517 s2calls=0/0
00:03:22|INFO   |[156] 'elliptic and triangular flow' route=B_s2_index cand=200 links=137 t=126.4s credits=9 rem=None store=400517 s2calls=0/0
00:03:23|INFO   |[157] 'q bernstein polynomial' route=B_s2_index cand=135 links=92 t=67.1s credits=9 rem=None store=400517 s2calls=0/0
00:03:23|INFO   |[158] 'cloud radio access network' route=B_s2_index cand=2304 links=2159 t=26.6s credits=9 rem=None store=400517 s2calls=0/0
00:03:24|INFO   |[159] 'dantzig selector' route=B_s2_index cand=321 links=266 t=102.1s credits=9 rem=None store=400517 s2calls=0/0
00:03:24|INFO   |[160] 'chiral three nucleon' route=B_s2_index cand=94 links=84 t=81.6s credits=9 rem=None store=400517 s2calls=0/0
00:03:24|INFO   |[161] 'weyl semimetal taas' route=B_s2_index cand=142 links=110 t=74.1s credits=9 rem=None store=400517 s2calls=0/0
00:03:25|INFO   |[162] 'split graph' route=B_s2_index cand=1083 links=917 t=320.7s credits=9 rem=None store=400517 s2calls=0/0
00:03:25|INFO   |[163] 'variational auto encoder' route=B_s2_index cand=2233 links=1956 t=683.9s credits=9 rem=None store=400517 s2calls=0/0
00:03:25|INFO   |[164] 'exoplanet host star' route=B_s2_index cand=479 links=391 t=164.7s credits=9 rem=None store=400517 s2calls=0/0
00:03:26|INFO   |[165] 'top quark forward backward asymmetry' route=B_s2_index cand=103 links=79 t=53.4s credits=9 rem=None store=400517 s2calls=0/0
00:03:26|INFO   |[166] 'agt relation' route=B_s2_index cand=79 links=56 t=92.7s credits=9 rem=None store=400517 s2calls=0/0
00:03:26|INFO   |[167] 'douglas rachford algorithm' route=B_s2_index cand=152 links=108 t=81.7s credits=9 rem=None store=400517 s2calls=0/0
00:03:27|INFO   |[168] 'graphene plasmon' route=B_s2_index cand=916 links=815 t=264.9s credits=9 rem=None store=400517 s2calls=0/0
00:03:27|INFO   |[169] 'inverse magnetic catalysis' route=B_s2_index cand=212 links=172 t=107.8s credits=9 rem=None store=400517 s2calls=0/0
00:03:27|INFO   |[170] 'zigzag graphene nanoribbon' route=B_s2_index cand=1103 links=1001 t=325.3s credits=9 rem=None store=400517 s2calls=0/0
00:03:28|INFO   |[171] 'stochastic gradient descent' route=B_s2_index cand=9614 links=8417 t=2334.4s credits=9 rem=None store=400517 s2calls=0/0
00:03:28|INFO   |[172] 'green cellular network' route=B_s2_index cand=237 links=197 t=67.0s credits=9 rem=None store=400517 s2calls=0/0
00:03:28|INFO   |[173] 'quantum spectral curve' route=B_s2_index cand=164 links=112 t=76.2s credits=9 rem=None store=400517 s2calls=0/0
00:03:29|INFO   |[174] 'phantom divide' route=B_s2_index cand=446 links=349 t=77.8s credits=9 rem=None store=400517 s2calls=0/0
00:03:29|INFO   |[175] 'object proposal' route=B_s2_index cand=1080 links=969 t=361.1s credits=9 rem=None store=400517 s2calls=0/0
00:03:30|INFO   |[176] 'decoy state' route=B_s2_index cand=970 links=823 t=271.4s credits=9 rem=None store=400517 s2calls=0/0
00:03:30|INFO   |[177] 'distributed chaos' route=B_s2_index cand=77 links=71 t=98.4s credits=9 rem=None store=400517 s2calls=0/0
00:03:30|INFO   |[178] 'tensor train' route=B_s2_index cand=1062 links=926 t=279.6s credits=9 rem=None store=400517 s2calls=0/0
00:03:31|INFO   |[179] 'superluminal neutrino' route=B_s2_index cand=209 links=178 t=96.4s credits=9 rem=None store=400517 s2calls=0/0
00:03:31|INFO   |[180] 'benjamin ono equation' route=B_s2_index cand=491 links=336 t=223.5s credits=9 rem=None store=400517 s2calls=0/0
00:03:31|INFO   |[181] 'topological edge state' route=B_s2_index cand=1501 links=1317 t=275.7s credits=9 rem=None store=400517 s2calls=0/0
00:03:32|INFO   |[182] 'restricted isometry' route=B_s2_index cand=1640 links=1433 t=306.8s credits=9 rem=None store=400517 s2calls=0/0
00:03:32|INFO   |[183] 'few layer black phosphorus' route=B_s2_index cand=492 links=370 t=127.3s credits=9 rem=None store=400517 s2calls=0/0
00:03:33|INFO   |[184] 'cognitive interference channel' route=B_s2_index cand=141 links=135 t=65.0s credits=9 rem=None store=400517 s2calls=0/0
00:03:33|INFO   |[185] 'gaussian mimo' route=B_s2_index cand=243 links=228 t=82.8s credits=9 rem=None store=400517 s2calls=0/0
00:03:33|INFO   |[186] 'instantly decodable network' route=B_s2_index cand=142 links=128 t=80.6s credits=9 rem=None store=400517 s2calls=0/0
00:03:34|INFO   |[187] 'maximum correntropy' route=B_s2_index cand=943 links=915 t=167.8s credits=9 rem=None store=400517 s2calls=0/0
00:03:34|INFO   |[188] 'community question answering' route=B_s2_index cand=1046 links=881 t=201.2s credits=9 rem=None store=400517 s2calls=0/0
00:03:34|INFO   |[189] 'learning neural network' route=B_s2_index cand=5517 links=4334 t=1010.5s credits=9 rem=None store=400517 s2calls=0/0
00:03:35|INFO   |[190] 'generalized forchheimer' route=B_s2_index cand=45 links=39 t=80.3s credits=9 rem=None store=400517 s2calls=0/0
00:03:35|INFO   |[191] 'noncommutative motive' route=B_s2_index cand=77 links=58 t=68.1s credits=9 rem=None store=400517 s2calls=0/0
00:03:35|INFO   |[192] 'topological insulator bi2se3' route=B_s2_index cand=650 links=393 t=87.2s credits=9 rem=None store=400517 s2calls=0/0
00:03:36|INFO   |[193] 'direct collapse black hole' route=B_s2_index cand=135 links=118 t=56.6s credits=9 rem=None store=400517 s2calls=0/0
00:03:36|INFO   |[194] 'spin orbit coupled fermi' route=B_s2_index cand=120 links=102 t=53.6s credits=9 rem=None store=400517 s2calls=0/0
00:03:37|INFO   |[195] 'dirac fermions in graphene' route=B_s2_index cand=315 links=244 t=61.4s credits=9 rem=None store=400517 s2calls=0/0
00:03:37|INFO   |[196] 'high dimensional gaussian' route=B_s2_index cand=414 links=339 t=142.6s credits=9 rem=None store=400517 s2calls=0/0
00:03:37|INFO   |[197] 'posterior contraction' route=B_s2_index cand=257 links=206 t=122.5s credits=9 rem=None store=400517 s2calls=0/0
00:03:38|INFO   |[198] 'microwave digestion' route=B_s2_index cand=4699 links=4030 t=1049.3s credits=9 rem=None store=400517 s2calls=0/0
00:03:38|INFO   |[199] 'chern simons modified gravity' route=B_s2_index cand=149 links=96 t=71.1s credits=9 rem=None store=400517 s2calls=0/0
00:03:38|INFO   |[200] 'critical gravity' route=B_s2_index cand=91 links=80 t=71.1s credits=9 rem=None store=400517 s2calls=0/0
00:03:39|INFO   |[201] 'twist bend nematic' route=B_s2_index cand=352 links=288 t=58.0s credits=9 rem=None store=400517 s2calls=0/0
00:03:39|INFO   |[202] 'regenerating code' route=B_s2_index cand=658 links=530 t=116.6s credits=9 rem=None store=400517 s2calls=0/0
00:03:39|INFO   |[203] 'quantum reading' route=B_s2_index cand=94 links=83 t=80.0s credits=9 rem=None store=400517 s2calls=0/0
00:03:40|INFO   |[204] 'signless laplacian' route=B_s2_index cand=1177 links=1023 t=315.6s credits=9 rem=None store=400517 s2calls=0/0
00:03:40|INFO   |[205] 'cnn feature' route=B_s2_index cand=2535 links=2056 t=505.5s credits=9 rem=None store=400517 s2calls=0/0
00:03:40|INFO   |[206] 'relative locality' route=B_s2_index cand=100 links=83 t=45.4s credits=9 rem=None store=400517 s2calls=0/0
00:03:41|INFO   |[207] 'surface plasmon polariton' route=B_s2_index cand=13030 links=11839 t=1750.9s credits=9 rem=None store=400517 s2calls=0/0
00:03:41|INFO   |[208] 'higher spin gravity' route=B_s2_index cand=345 links=252 t=75.3s credits=9 rem=None store=400517 s2calls=0/0
00:03:42|INFO   |[209] 'higgs model with t parity' route=B_s2_index cand=311 links=207 t=99.0s credits=9 rem=None store=400517 s2calls=0/0
00:03:42|INFO   |[210] 'holographic qcd' route=B_s2_index cand=825 links=688 t=229.4s credits=9 rem=None store=400517 s2calls=0/0
00:03:42|INFO   |[211] 'superconducting dome' route=B_s2_index cand=663 links=536 t=222.8s credits=9 rem=None store=400517 s2calls=0/0
00:03:43|INFO   |[212] 'magnetic particle imaging' route=B_s2_index cand=1634 links=1483 t=92.4s credits=9 rem=None store=400517 s2calls=0/0
00:03:43|INFO   |[213] 'topological insulator thin film' route=B_s2_index cand=385 links=336 t=62.8s credits=9 rem=None store=400517 s2calls=0/0
00:03:43|INFO   |[214] 'weyl semimetal nbp' route=B_s2_index cand=48 links=39 t=65.9s credits=9 rem=None store=400517 s2calls=0/0
00:03:44|INFO   |[215] 'two way relay network' route=B_s2_index cand=1052 links=824 t=16.6s credits=9 rem=None store=400517 s2calls=0/0
00:03:44|INFO   |[216] 'coronal magnetic field' route=B_s2_index cand=1863 links=1594 t=405.9s credits=9 rem=None store=400517 s2calls=0/0
00:03:44|INFO   |[217] 'superconductivity in iron' route=B_s2_index cand=416 links=303 t=53.5s credits=9 rem=None store=400517 s2calls=0/0
00:03:45|INFO   |[218] 'compositional distributional semantic' route=B_s2_index cand=136 links=111 t=119.6s credits=9 rem=None store=400517 s2calls=0/0
00:03:45|INFO   |[219] 'galactic conformity' route=B_s2_index cand=50 links=45 t=54.6s credits=9 rem=None store=400517 s2calls=0/0
00:03:45|INFO   |[220] 'topological nodal line' route=B_s2_index cand=376 links=322 t=44.1s credits=9 rem=None store=400517 s2calls=0/0
00:03:46|INFO   |[221] 'graphene antidot lattice' route=B_s2_index cand=109 links=86 t=70.5s credits=9 rem=None store=400517 s2calls=0/0
00:03:46|INFO   |[222] 'rainbow connection' route=B_s2_index cand=413 links=344 t=56.6s credits=9 rem=None store=400517 s2calls=0/0
00:03:46|INFO   |[223] 'fe based superconductor' route=B_s2_index cand=1211 links=960 t=305.8s credits=9 rem=None store=400517 s2calls=0/0
00:03:47|INFO   |[224] 'dirac nodal' route=B_s2_index cand=345 links=302 t=60.8s credits=9 rem=None store=400517 s2calls=0/0
00:03:47|INFO   |[225] 'full waveform inversion' route=B_s2_index cand=5831 links=5244 t=1349.3s credits=9 rem=None store=400517 s2calls=0/0
00:03:48|INFO   |[226] 'data injection attack' route=B_s2_index cand=2542 links=2433 t=641.3s credits=9 rem=None store=400517 s2calls=0/0
00:03:48|INFO   |[227] 'epitaxial graphene' route=B_s2_index cand=3010 links=2664 t=625.2s credits=9 rem=None store=400517 s2calls=0/0
00:03:48|INFO   |[228] 'topological semimetal' route=B_s2_index cand=1690 links=1445 t=380.1s credits=9 rem=None store=400517 s2calls=0/0
00:03:49|INFO   |[229] 'ch nh pbi' route=B_s2_index cand=46 links=8 t=47.6s credits=9 rem=None store=400517 s2calls=0/0
00:03:49|INFO   |[230] 'topological superconductor' route=B_s2_index cand=2908 links=2069 t=489.9s credits=9 rem=None store=400517 s2calls=0/0
00:03:49|INFO   |[231] 'aspect based sentiment' route=B_s2_index cand=2570 links=2312 t=373.4s credits=9 rem=None store=400517 s2calls=0/0
00:03:50|INFO   |[232] 'finite temperature casimir' route=B_s2_index cand=60 links=54 t=47.2s credits=9 rem=None store=400517 s2calls=0/0
00:03:50|INFO   |[233] 'gev diphoton resonance' route=B_s2_index cand=100 links=72 t=32.5s credits=9 rem=None store=400517 s2calls=0/0
00:03:50|INFO   |[234] 'laser safety' route=B_s2_index cand=1211 links=1051 t=233.5s credits=9 rem=None store=400517 s2calls=0/0
00:03:51|INFO   |[235] 'supergiant fast x ray transient' route=B_s2_index cand=305 links=251 t=106.5s credits=9 rem=None store=400517 s2calls=0/0
00:03:51|INFO   |[236] 'subspace code' route=B_s2_index cand=378 links=284 t=88.2s credits=9 rem=None store=400517 s2calls=0/0
00:03:51|INFO   |[237] 'egocentric videos' route=B_s2_index cand=729 links=404 t=130.7s credits=9 rem=None store=400517 s2calls=0/0
00:03:52|INFO   |[238] 'sparse domination' route=B_s2_index cand=139 links=101 t=52.8s credits=9 rem=None store=400517 s2calls=0/0
00:03:52|INFO   |[239] 'multiwavelength campaign on mrk' route=B_s2_index cand=24 links=19 t=53.9s credits=9 rem=None store=400517 s2calls=0/0
00:03:52|INFO   |[240] 'nodal line semimetal' route=B_s2_index cand=727 links=618 t=71.7s credits=9 rem=None store=400517 s2calls=0/0
00:03:53|INFO   |[241] 'monolayer transition metal dichalcogenid' route=B_s2_index cand=1473 links=1285 t=260.9s credits=9 rem=None store=400517 s2calls=0/0
00:03:53|INFO   |[242] 'di photon resonance' route=B_s2_index cand=37 links=25 t=12.2s credits=9 rem=None store=400517 s2calls=0/0
00:03:53|INFO   |[243] '22q11 deletion syndrome' route=B_s2_index cand=608 links=536 t=148.7s credits=9 rem=None store=400517 s2calls=0/0
00:03:54|INFO   |[244] 'representation of plebanski gravity' route=B_s2_index cand=38 links=29 t=1.1s credits=9 rem=None store=400517 s2calls=0/0
00:03:54|INFO   |[245] 'simplified dark matter' route=B_s2_index cand=105 links=77 t=103.0s credits=9 rem=None store=400517 s2calls=0/0
00:03:55|INFO   |[246] 'measurement device independent quantum k' route=B_s2_index cand=466 links=417 t=76.2s credits=9 rem=None store=400517 s2calls=0/0
00:03:55|INFO   |[247] 'spin orbit torque' route=B_s2_index cand=3546 links=2500 t=583.1s credits=9 rem=None store=400517 s2calls=0/0
00:03:55|INFO   |[248] 'gamma ray binary' route=B_s2_index cand=437 links=364 t=181.2s credits=9 rem=None store=400517 s2calls=0/0
00:03:56|INFO   |[249] 'higgs portal' route=B_s2_index cand=877 links=691 t=189.7s credits=9 rem=None store=400517 s2calls=0/0
00:03:56|INFO   |[250] 'circumgalactic medium' route=B_s2_index cand=1129 links=1031 t=234.7s credits=9 rem=None store=400517 s2calls=0/0
00:03:56|INFO   |[251] 'cross modal retrieval' route=B_s2_index cand=1656 links=1508 t=338.1s credits=9 rem=None store=400517 s2calls=0/0
00:03:57|INFO   |[252] 'brain computer interface' route=B_s2_index cand=26907 links=22735 t=4996.3s credits=9 rem=None store=400517 s2calls=0/0
00:03:57|INFO   |[253] 'norden metric' route=B_s2_index cand=92 links=66 t=119.0s credits=9 rem=None store=400517 s2calls=0/0
00:03:57|INFO   |[254] 'colored homfly' route=B_s2_index cand=132 links=94 t=77.1s credits=9 rem=None store=400517 s2calls=0/0
00:03:58|INFO   |[255] 'dirac semimetal' route=B_s2_index cand=2381 links=2072 t=370.7s credits=9 rem=None store=400517 s2calls=0/0
00:03:58|INFO   |[256] 'graphene transistor' route=B_s2_index cand=1154 links=1004 t=200.4s credits=9 rem=None store=400517 s2calls=0/0
00:03:58|INFO   |[257] 'millimeter wave cellular network' route=B_s2_index cand=156 links=151 t=115.3s credits=9 rem=None store=400517 s2calls=0/0
00:03:59|INFO   |[258] 'explosive percolation' route=B_s2_index cand=164 links=145 t=112.0s credits=9 rem=None store=400517 s2calls=0/0
00:03:59|INFO   |[259] 'truncated toeplitz' route=B_s2_index cand=174 links=152 t=62.6s credits=9 rem=None store=400517 s2calls=0/0
00:03:59|INFO   |[260] 'wireless powered communication' route=B_s2_index cand=922 links=831 t=200.6s credits=9 rem=None store=400517 s2calls=0/0
00:04:00|INFO   |[261] 'second order asymptotic' route=B_s2_index cand=652 links=521 t=211.4s credits=9 rem=None store=400517 s2calls=0/0
00:04:00|INFO   |[262] 'thompson sampling' route=B_s2_index cand=1411 links=1228 t=310.1s credits=9 rem=None store=400517 s2calls=0/0
00:04:01|INFO   |[263] 'mimo interference channel' route=B_s2_index cand=677 links=574 t=175.2s credits=9 rem=None store=400517 s2calls=0/0
00:04:01|INFO   |[264] 'gapped graphene' route=B_s2_index cand=517 links=389 t=97.6s credits=9 rem=None store=400517 s2calls=0/0
00:04:01|INFO   |[265] 'synthetic spin orbit coupling' route=B_s2_index cand=133 links=100 t=64.6s credits=9 rem=None store=400517 s2calls=0/0
00:04:02|INFO   |[266] 'ads4 cft3' route=B_s2_index cand=152 links=10 t=38.6s credits=9 rem=None store=400517 s2calls=0/0
00:04:02|INFO   |[267] 'methylammonium lead' route=B_s2_index cand=3108 links=2758 t=699.7s credits=9 rem=None store=400517 s2calls=0/0
00:04:02|INFO   |[268] 'weyl semimetal candidate' route=B_s2_index cand=127 links=109 t=4.1s credits=9 rem=None store=400517 s2calls=0/0
00:04:03|INFO   |[269] 'higgs like boson' route=B_s2_index cand=232 links=166 t=105.5s credits=9 rem=None store=400517 s2calls=0/0
00:04:03|INFO   |[270] 'optical turbulence' route=B_s2_index cand=1470 links=1351 t=358.8s credits=9 rem=None store=400517 s2calls=0/0
00:04:03|INFO   |[271] 'topological magnon' route=B_s2_index cand=247 links=215 t=80.6s credits=9 rem=None store=400517 s2calls=0/0
00:04:04|INFO   |[272] 'android malware' route=B_s2_index cand=2929 links=2618 t=712.1s credits=9 rem=None store=400517 s2calls=0/0
00:04:04|INFO   |[273] 'bilayer graphene nanoribbon' route=B_s2_index cand=217 links=200 t=79.2s credits=9 rem=None store=400517 s2calls=0/0
00:04:04|INFO   |[274] 'weyl node' route=B_s2_index cand=993 links=864 t=217.3s credits=9 rem=None store=400517 s2calls=0/0
00:04:05|INFO   |[275] 'diboson resonance' route=B_s2_index cand=132 links=85 t=60.5s credits=9 rem=None store=400517 s2calls=0/0
00:04:05|INFO   |[276] 'gev gamma ray line' route=B_s2_index cand=33 links=25 t=33.5s credits=9 rem=None store=400517 s2calls=0/0
00:04:06|INFO   |[277] 'rogue wave solution' route=B_s2_index cand=933 links=790 t=233.1s credits=9 rem=None store=400517 s2calls=0/0
00:04:06|INFO   |[278] 'tensor factorization' route=B_s2_index cand=2138 links=1883 t=603.3s credits=9 rem=None store=400517 s2calls=0/0
00:04:06|INFO   |[279] 'limb darkening' route=B_s2_index cand=1041 links=736 t=262.4s credits=9 rem=None store=400517 s2calls=0/0
00:04:07|INFO   |[280] 'knowledge graph embedding' route=B_s2_index cand=1947 links=1724 t=461.3s credits=9 rem=None store=400517 s2calls=0/0
00:04:07|INFO   |[281] 'interior transmission eigenvalue' route=B_s2_index cand=122 links=106 t=72.8s credits=9 rem=None store=400517 s2calls=0/0
00:04:07|INFO   |[282] 'audio event detection' route=B_s2_index cand=238 links=197 t=58.8s credits=9 rem=None store=400517 s2calls=0/0
00:04:08|INFO   |[283] 'dirac material' route=B_s2_index cand=1030 links=895 t=168.4s credits=9 rem=None store=400517 s2calls=0/0
00:04:08|INFO   |[284] 'pairs in proton proton collision' route=B_s2_index cand=195 links=84 t=114.5s credits=9 rem=None store=400517 s2calls=0/0
00:04:08|INFO   |[285] 'wireless powered communication network' route=B_s2_index cand=696 links=650 t=2.6s credits=9 rem=None store=400517 s2calls=0/0
00:04:09|INFO   |[286] 'agegraphic dark energy' route=B_s2_index cand=230 links=181 t=44.5s credits=9 rem=None store=400517 s2calls=0/0
00:04:09|INFO   |[287] 'bidirectional lstm' route=B_s2_index cand=3171 links=2966 t=623.3s credits=9 rem=None store=400517 s2calls=0/0
00:04:10|INFO   |[288] 'arcanobacterium' route=B_s2_index cand=803 links=701 t=227.9s credits=9 rem=None store=400517 s2calls=0/0
00:04:10|INFO   |[289] 'acylindrical hyperbolicity' route=B_s2_index cand=178 links=48 t=50.1s credits=9 rem=None store=400517 s2calls=0/0
00:04:10|INFO   |[290] 'deep hashing' route=B_s2_index cand=822 links=713 t=108.2s credits=9 rem=None store=400517 s2calls=0/0
00:04:11|INFO   |[291] 'superluminal neutrinos' route=B_s2_index cand=209 links=130 t=1.8s credits=9 rem=None store=400517 s2calls=0/0
00:04:11|INFO   |[292] 'distributed deep learning' route=B_s2_index cand=943 links=844 t=244.8s credits=9 rem=None store=400517 s2calls=0/0
00:04:11|INFO   |[293] 'single pixel imaging' route=B_s2_index cand=655 links=583 t=103.7s credits=9 rem=None store=400517 s2calls=0/0
00:04:12|INFO   |[294] 'dirac semimetal cd3as2' route=B_s2_index cand=186 links=141 t=3.5s credits=9 rem=None store=400517 s2calls=0/0
00:04:12|INFO   |[295] 'malware classification' route=B_s2_index cand=1524 links=1399 t=292.4s credits=9 rem=None store=400517 s2calls=0/0
00:04:12|INFO   |[296] 'batch normalization' route=B_s2_index cand=4213 links=3830 t=1000.4s credits=9 rem=None store=400517 s2calls=0/0
00:04:13|INFO   |[297] 'ethyl carbamate' route=B_s2_index cand=518 links=429 t=215.0s credits=9 rem=None store=400517 s2calls=0/0
00:04:13|INFO   |[298] 'cell free massive mimo' route=B_s2_index cand=231 links=221 t=83.1s credits=9 rem=None store=400517 s2calls=0/0
00:04:13|INFO   |[299] 'fractional boundary value' route=B_s2_index cand=1186 links=976 t=171.6s credits=9 rem=None store=400517 s2calls=0/0
00:04:14|INFO   |[300] 'approximate bayesian inference' route=B_s2_index cand=735 links=579 t=170.7s credits=9 rem=None store=400517 s2calls=0/0
00:04:14|INFO   |[301] 'dbi inflation' route=B_s2_index cand=127 links=96 t=51.2s credits=9 rem=None store=400517 s2calls=0/0
00:04:14|INFO   |[302] 'delayed csit' route=B_s2_index cand=213 links=202 t=96.3s credits=9 rem=None store=400517 s2calls=0/0
00:04:15|INFO   |[303] 'bulk locality' route=B_s2_index cand=89 links=63 t=53.3s credits=9 rem=None store=400517 s2calls=0/0
00:04:15|INFO   |[304] 'thermal rectification' route=B_s2_index cand=702 links=653 t=143.0s credits=9 rem=None store=400517 s2calls=0/0
00:04:16|INFO   |[305] 'unitary bose' route=B_s2_index cand=64 links=55 t=51.8s credits=9 rem=None store=400517 s2calls=0/0
00:04:16|INFO   |[306] 'defoamer' route=B_s2_index cand=1745 links=566 t=314.0s credits=9 rem=None store=400517 s2calls=0/0
00:04:16|INFO   |[307] 'hermite hadamard type inequality' route=B_s2_index cand=1083 links=733 t=326.6s credits=9 rem=None store=400517 s2calls=0/0
00:04:17|INFO   |[308] 'fountain code' route=B_s2_index cand=1275 links=1040 t=237.6s credits=9 rem=None store=400517 s2calls=0/0
00:04:17|INFO   |[309] 'regularized optimal transport' route=B_s2_index cand=218 links=173 t=73.0s credits=9 rem=None store=400517 s2calls=0/0
00:04:17|INFO   |[310] 'topological kondo insulator' route=B_s2_index cand=335 links=288 t=117.8s credits=9 rem=None store=400517 s2calls=0/0
00:04:18|INFO   |[311] 'random interlacement' route=B_s2_index cand=181 links=135 t=70.8s credits=9 rem=None store=400517 s2calls=0/0
00:04:18|INFO   |[312] 'horava lifshitz gravity' route=B_s2_index cand=602 links=206 t=144.2s credits=9 rem=None store=400517 s2calls=0/0
00:04:18|INFO   |[313] 'pomeron loop' route=B_s2_index cand=120 links=96 t=88.1s credits=9 rem=None store=400517 s2calls=0/0
00:04:19|INFO   |[314] 'pp and pb pb collision' route=B_s2_index cand=287 links=126 t=75.5s credits=9 rem=None store=400517 s2calls=0/0
00:04:19|INFO   |[315] 'calponin' route=B_s2_index cand=3059 links=2779 t=763.6s credits=9 rem=None store=400517 s2calls=0/0
00:04:20|INFO   |[316] 'fermionic polar molecule' route=B_s2_index cand=47 links=41 t=47.6s credits=9 rem=None store=400517 s2calls=0/0
00:04:20|INFO   |[317] 'graph learning' route=B_s2_index cand=4045 links=3584 t=849.8s credits=9 rem=None store=400517 s2calls=0/0
00:04:20|INFO   |[318] 'ultra diffuse galaxy' route=B_s2_index cand=356 links=303 t=65.3s credits=9 rem=None store=400517 s2calls=0/0
00:04:21|INFO   |[319] 'metastable supersymmetry breaking' route=B_s2_index cand=74 links=59 t=48.4s credits=9 rem=None store=400517 s2calls=0/0
00:04:21|INFO   |[320] 'transport in graphene' route=B_s2_index cand=1818 links=1228 t=209.8s credits=9 rem=None store=400517 s2calls=0/0
00:04:21|INFO   |[321] 'fe se te' route=B_s2_index cand=259 links=87 t=52.6s credits=9 rem=None store=400517 s2calls=0/0
00:04:22|INFO   |[322] 'variational autoencoder' route=B_s2_index cand=9501 links=8548 t=2036.3s credits=9 rem=None store=400517 s2calls=0/0
00:04:22|INFO   |[323] 'millimeter wave massive mimo' route=B_s2_index cand=444 links=407 t=174.4s credits=9 rem=None store=400517 s2calls=0/0
00:04:22|INFO   |[324] 'renal elimination' route=B_s2_index cand=964 links=728 t=126.1s credits=9 rem=None store=400517 s2calls=0/0
00:04:23|INFO   |[325] 'congested clique' route=B_s2_index cand=152 links=116 t=101.2s credits=9 rem=None store=400517 s2calls=0/0
00:04:23|INFO   |[326] 'holographic complexity' route=B_s2_index cand=260 links=213 t=60.3s credits=9 rem=None store=400517 s2calls=0/0
00:04:23|INFO   |[327] 'tev pb pb collision' route=B_s2_index cand=208 links=61 t=27.7s credits=9 rem=None store=400517 s2calls=0/0
00:04:24|INFO   |[328] 'sutured floer homology' route=B_s2_index cand=70 links=62 t=39.2s credits=9 rem=None store=400517 s2calls=0/0
00:04:24|INFO   |[329] 'indoor localization' route=B_s2_index cand=8522 links=7777 t=1495.3s credits=9 rem=None store=400517 s2calls=0/0
00:04:24|INFO   |[330] 'weak gravity conjecture' route=B_s2_index cand=434 links=336 t=111.9s credits=9 rem=None store=400517 s2calls=0/0
00:04:25|INFO   |[331] 'nematic liquid crystal flow' route=B_s2_index cand=315 links=260 t=61.3s credits=9 rem=None store=400517 s2calls=0/0
00:04:25|INFO   |[332] 'information causality' route=B_s2_index cand=205 links=167 t=80.0s credits=9 rem=None store=400517 s2calls=0/0
00:04:26|INFO   |[333] 'duty to warn' route=B_s2_index cand=563 links=462 t=87.3s credits=9 rem=None store=400517 s2calls=0/0
00:04:26|INFO   |[334] 'monolayer fese' route=B_s2_index cand=173 links=150 t=40.7s credits=9 rem=None store=400517 s2calls=0/0
00:04:26|INFO   |[335] 'virtual network embedding' route=B_s2_index cand=1128 links=1055 t=358.3s credits=9 rem=None store=400517 s2calls=0/0
00:04:27|INFO   |[336] 'three dimensional dirac semimetal' route=B_s2_index cand=248 links=217 t=1.7s credits=9 rem=None store=400517 s2calls=0/0
00:04:27|INFO   |[337] 'compact binary coalescence' route=B_s2_index cand=590 links=490 t=120.1s credits=9 rem=None store=400517 s2calls=0/0
00:04:27|INFO   |[338] 'gev diphoton excess' route=B_s2_index cand=159 links=126 t=95.7s credits=9 rem=None store=400517 s2calls=0/0
00:04:28|INFO   |[339] 'deep convolutional feature' route=B_s2_index cand=390 links=329 t=79.0s credits=9 rem=None store=400517 s2calls=0/0
00:04:28|INFO   |[340] 'z2 spin' route=B_s2_index cand=91 links=34 t=50.0s credits=9 rem=None store=400517 s2calls=0/0
00:04:28|INFO   |[341] 'uplink massive mimo' route=B_s2_index cand=274 links=270 t=62.7s credits=9 rem=None store=400517 s2calls=0/0
00:04:29|INFO   |[342] 'psychiatric rehabilitation' route=B_s2_index cand=1845 links=1587 t=346.9s credits=9 rem=None store=400517 s2calls=0/0
00:04:29|INFO   |[343] 'entropic gravity' route=B_s2_index cand=195 links=133 t=56.6s credits=9 rem=None store=400517 s2calls=0/0
00:04:30|INFO   |[344] 'massive mimo uplink' route=B_s2_index cand=205 links=196 t=56.6s credits=9 rem=None store=400517 s2calls=0/0
00:04:30|INFO   |[345] 'three dimensional topological insulator' route=B_s2_index cand=1211 links=1040 t=227.7s credits=9 rem=None store=400517 s2calls=0/0
00:04:30|INFO   |[346] 'twisted tori' route=B_s2_index cand=75 links=55 t=53.9s credits=9 rem=None store=400517 s2calls=0/0
00:04:31|INFO   |[347] 'holographic superconductor' route=B_s2_index cand=635 links=498 t=153.0s credits=9 rem=None store=400517 s2calls=0/0
00:04:31|INFO   |[348] 'inflationary magnetogenesis' route=B_s2_index cand=92 links=85 t=107.1s credits=9 rem=None store=400517 s2calls=0/0
00:04:31|INFO   |[349] 'galaxy halo connection' route=B_s2_index cand=195 links=43 t=54.8s credits=9 rem=None store=400517 s2calls=0/0
00:04:32|INFO   |[350] 'layer graphene' route=B_s2_index cand=12829 links=10010 t=1787.0s credits=9 rem=None store=400517 s2calls=0/0
00:04:32|INFO   |[351] 'rupicapra' route=B_s2_index cand=775 links=664 t=178.7s credits=9 rem=None store=400517 s2calls=0/0
00:04:32|INFO   |[352] 'full cdf' route=B_s2_index cand=100 links=54 t=94.4s credits=9 rem=None store=400517 s2calls=0/0
00:04:33|INFO   |[353] 'minimal massive gravity' route=B_s2_index cand=82 links=67 t=58.7s credits=9 rem=None store=400517 s2calls=0/0
00:04:33|INFO   |[354] 'tropical optimization' route=B_s2_index cand=63 links=52 t=35.9s credits=9 rem=None store=400517 s2calls=0/0
00:04:33|INFO   |[355] 'false data injection attack' route=B_s2_index cand=2291 links=2192 t=8.4s credits=9 rem=None store=400517 s2calls=0/0
00:04:34|INFO   |[356] 'mock modular form' route=B_s2_index cand=292 links=203 t=1.7s credits=9 rem=None store=400517 s2calls=0/0
00:04:34|INFO   |[357] 'spin hall magnetoresistance' route=B_s2_index cand=489 links=439 t=115.8s credits=9 rem=None store=400517 s2calls=0/0
00:04:34|INFO   |[358] 'tensor completion' route=B_s2_index cand=1295 links=1189 t=257.9s credits=9 rem=None store=400517 s2calls=0/0
00:04:35|INFO   |[359] 'di photon excess' route=B_s2_index cand=46 links=31 t=68.3s credits=9 rem=None store=400517 s2calls=0/0
00:04:35|INFO   |[360] 'hyperbolic conservation law' route=B_s2_index cand=2574 links=2153 t=457.9s credits=9 rem=None store=400517 s2calls=0/0
00:04:35|INFO   |[361] 'states in topological insulator' route=B_s2_index cand=466 links=210 t=76.0s credits=9 rem=None store=400517 s2calls=0/0
00:04:36|INFO   |[362] 'quantum supremacy' route=B_s2_index cand=525 links=440 t=185.3s credits=9 rem=None store=400517 s2calls=0/0
00:04:36|INFO   |[363] 'energy of vanishing flow' route=B_s2_index cand=38 links=32 t=75.4s credits=9 rem=None store=400517 s2calls=0/0
00:04:37|INFO   |[364] 'energy disaggregation' route=B_s2_index cand=671 links=621 t=163.6s credits=9 rem=None store=400517 s2calls=0/0
00:04:37|INFO   |[365] 'silicene and germanene' route=B_s2_index cand=263 links=202 t=137.4s credits=9 rem=None store=400517 s2calls=0/0
00:04:37|INFO   |[366] 'locally repairable code' route=B_s2_index cand=352 links=322 t=126.0s credits=9 rem=None store=400517 s2calls=0/0
00:04:38|INFO   |[367] 'active asteroid' route=B_s2_index cand=228 links=208 t=55.9s credits=9 rem=None store=400517 s2calls=0/0
00:04:38|INFO   |[368] 'suspended graphene' route=B_s2_index cand=1294 links=1137 t=221.3s credits=9 rem=None store=400517 s2calls=0/0
00:04:38|INFO   |[369] 'linear unit' route=B_s2_index cand=836 links=743 t=226.0s credits=9 rem=None store=400517 s2calls=0/0
00:04:39|INFO   |[370] 'epitaxial graphene on sic' route=B_s2_index cand=504 links=421 t=3.5s credits=9 rem=None store=400517 s2calls=0/0
00:04:39|INFO   |[371] 'fractional boundary' route=B_s2_index cand=1402 links=1158 t=58.7s credits=9 rem=None store=400517 s2calls=0/0
00:04:39|INFO   |[372] 'triple higgs coupling' route=B_s2_index cand=90 links=70 t=92.2s credits=9 rem=None store=400517 s2calls=0/0
00:04:40|INFO   |[373] 'galactic center excess' route=B_s2_index cand=136 links=119 t=35.8s credits=9 rem=None store=400517 s2calls=0/0
00:04:40|INFO   |[374] 'graphene superlattice' route=B_s2_index cand=588 links=519 t=136.1s credits=9 rem=None store=400517 s2calls=0/0
00:04:40|INFO   |[375] 'multi label classification' route=B_s2_index cand=5718 links=5045 t=1151.6s credits=9 rem=None store=400517 s2calls=0/0
00:04:41|INFO   |[376] 'spoofing detection' route=B_s2_index cand=1758 links=1323 t=398.1s credits=9 rem=None store=400517 s2calls=0/0
00:04:41|INFO   |[377] 'higher spin black hole' route=B_s2_index cand=93 links=57 t=73.8s credits=9 rem=None store=400517 s2calls=0/0
00:04:42|INFO   |[378] 'dermorphin' route=B_s2_index cand=326 links=255 t=89.8s credits=9 rem=None store=400517 s2calls=0/0
00:04:42|INFO   |[379] 'giant magnon' route=B_s2_index cand=226 links=177 t=61.8s credits=9 rem=None store=400517 s2calls=0/0
00:04:42|INFO   |[380] 'wireless small cell network' route=B_s2_index cand=22 links=20 t=49.5s credits=9 rem=None store=400517 s2calls=0/0
00:04:43|INFO   |[381] 'instance segmentation' route=B_s2_index cand=1829 links=1704 t=451.1s credits=9 rem=None store=400517 s2calls=0/0
00:04:43|INFO   |[382] 'armchair graphene' route=B_s2_index cand=949 links=888 t=221.8s credits=9 rem=None store=400517 s2calls=0/0
00:04:43|INFO   |[383] 'review of ads cft' route=B_s2_index cand=61 links=22 t=30.5s credits=9 rem=None store=400517 s2calls=0/0
00:04:44|INFO   |[384] 'phosphorene nanoribbon' route=B_s2_index cand=348 links=329 t=79.9s credits=9 rem=None store=400517 s2calls=0/0
00:04:44|INFO   |[385] 'snowmass white paper' route=B_s2_index cand=102 links=96 t=77.8s credits=9 rem=None store=400517 s2calls=0/0
00:04:44|INFO   |[386] 'minimal conductivity' route=B_s2_index cand=108 links=94 t=33.1s credits=9 rem=None store=400517 s2calls=0/0
00:04:45|INFO   |[387] 'channels with memory' route=B_s2_index cand=1081 links=506 t=247.7s credits=9 rem=None store=400517 s2calls=0/0
00:04:45|INFO   |[388] 'sensor attack' route=B_s2_index cand=486 links=440 t=136.1s credits=9 rem=None store=400517 s2calls=0/0
00:04:46|INFO   |[389] 'spin orbit coupled bose einstein condens' route=B_s2_index cand=392 links=278 t=98.4s credits=9 rem=None store=400517 s2calls=0/0
00:04:46|INFO   |[390] 'binarized neural network' route=B_s2_index cand=471 links=447 t=120.8s credits=9 rem=None store=400517 s2calls=0/0
00:04:46|INFO   |[391] 'monolayer phosphorene' route=B_s2_index cand=174 links=156 t=41.3s credits=9 rem=None store=400517 s2calls=0/0
00:04:47|INFO   |[392] 'low rank matrix completion' route=B_s2_index cand=88 links=78 t=66.5s credits=9 rem=None store=400517 s2calls=0/0
00:04:47|INFO   |[393] 'ultra faint dwarf galaxy' route=B_s2_index cand=233 links=193 t=52.7s credits=9 rem=None store=400517 s2calls=0/0
00:04:47|INFO   |[394] 'microscale thermophoresis' route=B_s2_index cand=1423 links=1323 t=306.4s credits=9 rem=None store=400517 s2calls=0/0
00:04:48|INFO   |[395] 'training deep neural network' route=B_s2_index cand=1484 links=1288 t=338.8s credits=9 rem=None store=400517 s2calls=0/0
00:04:48|INFO   |[396] 'covariance estimation' route=B_s2_index cand=1903 links=1655 t=426.6s credits=9 rem=None store=400517 s2calls=0/0
00:04:49|INFO   |[397] 'fractional elliptic equation' route=B_s2_index cand=173 links=146 t=95.8s credits=9 rem=None store=400517 s2calls=0/0
00:04:49|INFO   |[398] 'ghost free bigravity' route=B_s2_index cand=33 links=29 t=49.6s credits=9 rem=None store=400517 s2calls=0/0
00:04:49|INFO   |[399] 'distant supervision' route=B_s2_index cand=1414 links=1153 t=296.4s credits=9 rem=None store=400517 s2calls=0/0
00:04:50|INFO   |[400] 'agt conjecture' route=B_s2_index cand=78 links=57 t=56.0s credits=9 rem=None store=400517 s2calls=0/0
00:04:50|INFO   |[401] 'ghost free massive gravity' route=B_s2_index cand=94 links=74 t=50.5s credits=9 rem=None store=400517 s2calls=0/0
00:04:50|INFO   |[402] 'kondo insulator smb6' route=B_s2_index cand=133 links=83 t=32.9s credits=9 rem=None store=400517 s2calls=0/0
00:04:51|INFO   |[403] 'physical layer network coding' route=B_s2_index cand=662 links=602 t=132.0s credits=9 rem=None store=400517 s2calls=0/0
00:05:03|INFO   |[404] 'artificial gauge' route=A_openalex_native cand=447 links=443 t=11.4s credits=34 rem=9886 store=401718 s2calls=0/0
00:05:04|INFO   |[405] 'mimetic gravity' route=A_openalex_native cand=168 links=168 t=13.0s credits=38 rem=9864 store=401873 s2calls=0/0
00:05:07|INFO   |[406] 'palmitoylethanolamide' route=B_s2_index cand=1234 links=1137 t=16.2s credits=45 rem=9853 store=402263 s2calls=0/0
00:05:17|INFO   |[407] 'multi person pose estimation' route=A_openalex_native cand=424 links=420 t=12.5s credits=69 rem=9827 store=403062 s2calls=0/0
00:05:17|INFO   |[408] 'majorana wire' route=B_s2_index cand=103 links=87 t=31.0s credits=69 rem=9827 store=403062 s2calls=0/0
00:05:21|INFO   |[409] 'hydrogenated graphene' route=A_openalex_native cand=662 links=657 t=13.2s credits=81 rem=9811 store=403648 s2calls=0/0
00:05:42|INFO   |[410] 'nitrogen vacancy center' route=B_s2_index cand=2894 links=2441 t=51.0s credits=144 rem=9679 store=405627 s2calls=0/0
00:05:48|INFO   |[411] 'interference alignment' route=A_openalex_native cand=2997 links=2997 t=45.3s credits=165 rem=9652 store=406507 s2calls=0/0
00:06:03|INFO   |[keywide] calls={'singleton': 292, 'list': 208, 'cache': 0} remaining_keywide=9569 spent_today(artifact,this proc)=217
00:06:32|INFO   |[412] 'degree of coherence' route=A_openalex_native cand=2662 links=2493 t=43.0s credits=296 rem=9436 store=412351 s2calls=0/0
00:06:40|INFO   |[413] 'bayesian belief network' route=A_openalex_native cand=3235 links=3226 t=57.1s credits=318 rem=9395 store=413979 s2calls=0/0
00:07:19|INFO   |[414] 'gaussian interference' route=A_openalex_native cand=1294 links=1289 t=39.2s credits=421 rem=9215 store=423108 s2calls=0/0
00:07:41|INFO   |[415] 'whispering gallery mode' route=A_openalex_native cand=8284 links=8129 t=139.9s credits=480 rem=9117 store=428068 s2calls=0/0
00:08:03|INFO   |[416] 'degree sequence' route=A_openalex_native cand=2812 links=2787 t=90.4s credits=535 rem=9015 store=432691 s2calls=0/0
00:08:16|INFO   |[417] 'catenation' route=A_openalex_native cand=867 links=864 t=34.3s credits=564 rem=8962 store=435029 s2calls=0/0
00:08:21|INFO   |[418] 'training of neural network' route=A_openalex_native cand=10298 links=3148 t=182.7s credits=574 rem=8943 store=435030 s2calls=0/0
00:08:22|INFO   |[419] 'observing run' route=A_openalex_native cand=1278 links=1278 t=62.2s credits=576 rem=8937 store=435160 s2calls=0/0
00:08:25|INFO   |[keywide] calls={'singleton': 423, 'list': 577, 'cache': 0} remaining_keywide=8920 spent_today(artifact,this proc)=586
00:08:44|INFO   |[420] 'networks for speech' route=A_openalex_native cand=1573 links=556 t=21.2s credits=642 rem=8833 store=437468 s2calls=0/0
00:09:00|INFO   |[421] 'generalized solution' route=A_openalex_native cand=3986 links=3730 t=57.5s credits=695 rem=8748 store=440595 s2calls=0/0
00:09:14|INFO   |[422] 'spoken language understanding' route=A_openalex_native cand=1634 links=1624 t=29.7s credits=736 rem=8677 store=442201 s2calls=0/0
00:10:01|INFO   |[423] 'rate maximization' route=A_openalex_native cand=4497 links=4020 t=59.7s credits=885 rem=8435 store=447862 s2calls=0/0
00:11:31|INFO   |[keywide] calls={'singleton': 423, 'list': 1077, 'cache': 0} remaining_keywide=8065 spent_today(artifact,this proc)=1086
00:11:50|INFO   |[424] 'geometry modeling' route=A_openalex_native cand=6221 links=2020 t=155.3s credits=1123 rem=7986 store=462830 s2calls=0/0
00:11:58|INFO   |[425] 'authentication protocol' route=A_openalex_native cand=11195 links=11105 t=221.0s credits=1132 rem=7973 store=463521 s2calls=0/0
00:14:56|INFO   |[426] 'exoplanet' route=A_openalex_native cand=28606 links=28594 t=394.8s credits=1420 rem=7326 store=491536 s2calls=0/0
00:14:56|INFO   |hydration finished: {'ok': 426} store=491536
