04:12:30|INFO   |__mp_main__:291|[repro_code] y=2024 concepts=145 active=141 btw graph 12621/118909 in 5.3s
04:12:30|INFO   |__main__:313|attach ('repro_code', 2024) ok (20s elapsed, 1/75)
04:12:30|INFO   |__mp_main__:291|[repro_data] y=2024 concepts=145 active=141 btw graph 12621/118909 in 5.5s
04:12:30|INFO   |__main__:313|attach ('repro_data', 2024) ok (20s elapsed, 2/75)
04:12:33|INFO   |__mp_main__:291|[full] y=2024 concepts=307 active=296 btw graph 12776/157332 in 8.4s
04:12:33|INFO   |__main__:313|attach ('full', 2024) ok (23s elapsed, 3/75)
04:12:34|INFO   |__mp_main__:291|[full] y=2023 concepts=307 active=295 btw graph 13584/170183 in 9.4s
04:12:34|INFO   |__main__:313|attach ('full', 2023) ok (24s elapsed, 4/75)
04:12:35|INFO   |__mp_main__:291|[repro_code] y=2023 concepts=145 active=140 btw graph 13429/130068 in 5.7s
04:12:36|INFO   |__main__:313|attach ('repro_code', 2023) ok (26s elapsed, 5/75)
04:12:36|INFO   |__mp_main__:291|[repro_data] y=2023 concepts=145 active=140 btw graph 13429/130068 in 5.6s
04:12:36|INFO   |__main__:313|attach ('repro_data', 2023) ok (26s elapsed, 6/75)
04:12:40|INFO   |__mp_main__:291|[repro_code] y=2022 concepts=145 active=142 btw graph 13464/129750 in 5.6s
04:12:40|INFO   |__main__:313|attach ('repro_code', 2022) ok (30s elapsed, 7/75)
04:12:41|INFO   |__mp_main__:291|[repro_data] y=2022 concepts=145 active=142 btw graph 13464/129751 in 5.8s
04:12:42|INFO   |__main__:313|attach ('repro_data', 2022) ok (32s elapsed, 8/75)
04:12:42|INFO   |__mp_main__:291|[full] y=2022 concepts=307 active=295 btw graph 13617/170081 in 9.0s
04:12:42|INFO   |__main__:313|attach ('full', 2022) ok (32s elapsed, 9/75)
04:12:45|INFO   |__mp_main__:291|[full] y=2021 concepts=307 active=295 btw graph 13707/168207 in 8.9s
04:12:45|INFO   |__main__:313|attach ('full', 2021) ok (35s elapsed, 10/75)
04:12:46|INFO   |__mp_main__:291|[repro_code] y=2021 concepts=145 active=141 btw graph 13553/128462 in 5.7s
04:12:46|INFO   |__main__:313|attach ('repro_code', 2021) ok (36s elapsed, 11/75)
04:12:48|INFO   |__mp_main__:291|[repro_data] y=2021 concepts=145 active=141 btw graph 13553/128464 in 5.9s
04:12:48|INFO   |__main__:313|attach ('repro_data', 2021) ok (38s elapsed, 12/75)
04:12:50|INFO   |__mp_main__:291|[full] y=2020 concepts=307 active=297 btw graph 13408/159831 in 8.4s
04:12:50|INFO   |__mp_main__:291|[repro_code] y=2020 concepts=145 active=142 btw graph 13254/122191 in 5.3s
04:12:50|INFO   |__main__:313|attach ('full', 2020) ok (40s elapsed, 13/75)
04:12:51|INFO   |__main__:313|attach ('repro_code', 2020) ok (40s elapsed, 14/75)
04:12:52|INFO   |__mp_main__:291|[repro_data] y=2020 concepts=145 active=142 btw graph 13254/122194 in 5.7s
04:12:52|INFO   |__main__:313|attach ('repro_data', 2020) ok (42s elapsed, 15/75)
04:12:56|INFO   |__mp_main__:291|[repro_code] y=2019 concepts=145 active=142 btw graph 12840/114957 in 5.1s
04:12:56|INFO   |__main__:313|attach ('repro_code', 2019) ok (46s elapsed, 16/75)
04:12:56|INFO   |__mp_main__:291|[repro_data] y=2019 concepts=145 active=142 btw graph 12840/114962 in 5.2s
04:12:56|INFO   |__main__:313|attach ('repro_data', 2019) ok (46s elapsed, 17/75)
04:12:57|INFO   |__mp_main__:291|[full] y=2019 concepts=307 active=301 btw graph 12998/149825 in 9.1s
04:12:57|INFO   |__main__:313|attach ('full', 2019) ok (47s elapsed, 18/75)
04:13:00|INFO   |__mp_main__:291|[full] y=2018 concepts=307 active=302 btw graph 12574/138614 in 8.6s
04:13:00|INFO   |__main__:313|attach ('full', 2018) ok (50s elapsed, 19/75)
04:13:01|INFO   |__mp_main__:291|[repro_code] y=2018 concepts=145 active=142 btw graph 12415/106262 in 5.2s
04:13:01|INFO   |__main__:313|attach ('repro_code', 2018) ok (51s elapsed, 20/75)
04:13:01|INFO   |__mp_main__:291|[repro_data] y=2018 concepts=145 active=142 btw graph 12415/106265 in 5.2s
04:13:01|INFO   |__main__:313|attach ('repro_data', 2018) ok (51s elapsed, 21/75)
04:13:05|INFO   |__mp_main__:291|[full] y=2017 concepts=307 active=304 btw graph 12593/133170 in 8.4s
04:13:05|INFO   |__main__:313|attach ('full', 2017) ok (55s elapsed, 22/75)
04:13:06|INFO   |__mp_main__:291|[repro_code] y=2017 concepts=145 active=144 btw graph 12433/102860 in 5.3s
04:13:06|INFO   |__main__:313|attach ('repro_code', 2017) ok (56s elapsed, 23/75)
04:13:06|INFO   |__mp_main__:291|[repro_data] y=2017 concepts=145 active=144 btw graph 12433/102863 in 5.0s
04:13:06|INFO   |__main__:313|attach ('repro_data', 2017) ok (56s elapsed, 24/75)
04:13:09|INFO   |__mp_main__:291|[full] y=2016 concepts=307 active=305 btw graph 13122/134916 in 7.9s
04:13:09|INFO   |__main__:313|attach ('full', 2016) ok (59s elapsed, 25/75)
04:13:11|INFO   |__mp_main__:291|[repro_code] y=2016 concepts=145 active=145 btw graph 12962/106132 in 5.6s
04:13:11|INFO   |__main__:313|attach ('repro_code', 2016) ok (61s elapsed, 26/75)
04:13:11|INFO   |__mp_main__:291|[repro_data] y=2016 concepts=145 active=145 btw graph 12962/106132 in 5.6s
04:13:12|INFO   |__main__:313|attach ('repro_data', 2016) ok (62s elapsed, 27/75)
04:13:14|INFO   |__mp_main__:291|[full] y=2015 concepts=307 active=306 btw graph 13366/135189 in 7.8s
04:13:14|INFO   |__main__:313|attach ('full', 2015) ok (64s elapsed, 28/75)
04:13:14|INFO   |__mp_main__:291|[repro_code] y=2015 concepts=145 active=145 btw graph 13206/108254 in 4.9s
04:13:14|INFO   |__main__:313|attach ('repro_code', 2015) ok (64s elapsed, 29/75)
04:13:16|INFO   |__mp_main__:291|[repro_data] y=2015 concepts=145 active=145 btw graph 13206/108254 in 5.0s
04:13:16|INFO   |__main__:313|attach ('repro_data', 2015) ok (66s elapsed, 30/75)
04:13:19|INFO   |__mp_main__:291|[full] y=2014 concepts=307 active=293 btw graph 13633/133897 in 7.4s
04:13:19|INFO   |__mp_main__:291|[repro_code] y=2014 concepts=145 active=141 btw graph 13486/109187 in 4.9s
04:13:19|INFO   |__main__:313|attach ('full', 2014) ok (69s elapsed, 31/75)
04:13:19|INFO   |__main__:313|attach ('repro_code', 2014) ok (69s elapsed, 32/75)
04:13:19|INFO   |__mp_main__:291|[repro_data] y=2014 concepts=145 active=141 btw graph 13486/109187 in 5.0s
04:13:19|INFO   |__main__:313|attach ('repro_data', 2014) ok (69s elapsed, 33/75)
04:13:23|INFO   |__mp_main__:291|[full] y=2013 concepts=307 active=279 btw graph 13284/126262 in 7.0s
04:13:23|INFO   |__main__:313|attach ('full', 2013) ok (73s elapsed, 34/75)
04:13:24|INFO   |__mp_main__:291|[repro_code] y=2013 concepts=145 active=137 btw graph 13145/103403 in 4.7s
04:13:24|INFO   |__mp_main__:291|[repro_data] y=2013 concepts=145 active=137 btw graph 13145/103408 in 4.7s
04:13:24|INFO   |__main__:313|attach ('repro_data', 2013) ok (74s elapsed, 35/75)
04:13:24|INFO   |__main__:313|attach ('repro_code', 2013) ok (74s elapsed, 36/75)
04:13:26|INFO   |__mp_main__:291|[full] y=2012 concepts=307 active=264 btw graph 12773/115942 in 6.7s
04:13:26|INFO   |__main__:313|attach ('full', 2012) ok (76s elapsed, 37/75)
04:13:28|INFO   |__mp_main__:291|[repro_code] y=2012 concepts=145 active=126 btw graph 12639/95465 in 4.3s
04:13:28|INFO   |__main__:313|attach ('repro_code', 2012) ok (78s elapsed, 38/75)
04:13:28|INFO   |__mp_main__:291|[repro_data] y=2012 concepts=145 active=126 btw graph 12639/95472 in 4.3s
04:13:28|INFO   |__main__:313|attach ('repro_data', 2012) ok (78s elapsed, 39/75)
04:13:30|INFO   |__mp_main__:291|[repro_code] y=2011 concepts=145 active=123 btw graph 12989/96433 in 4.1s
04:13:31|INFO   |__mp_main__:291|[full] y=2011 concepts=307 active=254 btw graph 13117/114783 in 6.5s
04:13:31|INFO   |__main__:313|attach ('repro_code', 2011) ok (81s elapsed, 40/75)
04:13:31|INFO   |__main__:313|attach ('full', 2011) ok (81s elapsed, 41/75)
04:13:32|INFO   |__mp_main__:291|[repro_data] y=2011 concepts=145 active=123 btw graph 12989/96440 in 4.3s
04:13:32|INFO   |__main__:313|attach ('repro_data', 2011) ok (82s elapsed, 42/75)
04:13:34|INFO   |__mp_main__:291|[full] y=2010 concepts=307 active=230 btw graph 13448/112716 in 5.8s
04:13:34|INFO   |__main__:313|attach ('full', 2010) ok (84s elapsed, 43/75)
04:13:35|INFO   |__mp_main__:291|[repro_code] y=2010 concepts=145 active=114 btw graph 13338/96852 in 4.4s
04:13:35|INFO   |__main__:313|attach ('repro_code', 2010) ok (85s elapsed, 44/75)
04:13:35|INFO   |__mp_main__:291|[repro_data] y=2010 concepts=145 active=114 btw graph 13338/96852 in 4.6s
04:13:35|INFO   |__main__:313|attach ('repro_data', 2010) ok (85s elapsed, 45/75)
04:13:38|INFO   |__mp_main__:291|[full] y=2009 concepts=307 active=214 btw graph 13624/111146 in 5.9s
04:13:38|INFO   |__main__:313|attach ('full', 2009) ok (88s elapsed, 46/75)
04:13:39|INFO   |__mp_main__:291|[repro_code] y=2009 concepts=145 active=108 btw graph 13522/97224 in 4.2s
04:13:39|INFO   |__main__:313|attach ('repro_code', 2009) ok (89s elapsed, 47/75)
04:13:39|INFO   |__mp_main__:291|[repro_data] y=2009 concepts=145 active=108 btw graph 13522/97224 in 4.0s
04:13:39|INFO   |__main__:313|attach ('repro_data', 2009) ok (89s elapsed, 48/75)
04:13:40|INFO   |__mp_main__:291|[full] y=2008 concepts=307 active=191 btw graph 12915/100012 in 4.9s
04:13:40|INFO   |__main__:313|attach ('full', 2008) ok (90s elapsed, 49/75)
04:13:42|INFO   |__mp_main__:291|[repro_code] y=2008 concepts=145 active=94 btw graph 12821/88130 in 3.6s
04:13:42|INFO   |__main__:313|attach ('repro_code', 2008) ok (92s elapsed, 50/75)
04:13:43|INFO   |__mp_main__:291|[repro_data] y=2008 concepts=145 active=94 btw graph 12821/88130 in 3.8s
04:13:43|INFO   |__main__:313|attach ('repro_data', 2008) ok (93s elapsed, 51/75)
04:13:44|INFO   |__mp_main__:291|[full] y=2007 concepts=307 active=168 btw graph 12061/89328 in 4.4s
04:13:44|INFO   |__mp_main__:291|[repro_code] y=2007 concepts=145 active=80 btw graph 11975/79358 in 3.2s
04:13:44|INFO   |__main__:313|attach ('full', 2007) ok (94s elapsed, 52/75)
04:13:44|INFO   |__main__:313|attach ('repro_code', 2007) ok (94s elapsed, 53/75)
04:13:46|INFO   |__mp_main__:291|[repro_data] y=2007 concepts=145 active=80 btw graph 11975/79358 in 3.5s
04:13:46|INFO   |__main__:313|attach ('repro_data', 2007) ok (96s elapsed, 54/75)
04:13:47|INFO   |__mp_main__:291|[repro_code] y=2006 concepts=145 active=71 btw graph 12362/81973 in 3.2s
04:13:47|INFO   |__main__:313|attach ('repro_code', 2006) ok (97s elapsed, 55/75)
04:13:47|INFO   |__mp_main__:291|[repro_data] y=2006 concepts=145 active=71 btw graph 12362/81973 in 3.4s
04:13:47|INFO   |__main__:313|attach ('repro_data', 2006) ok (97s elapsed, 56/75)
04:13:47|INFO   |__mp_main__:291|[full] y=2006 concepts=307 active=153 btw graph 12441/90598 in 4.6s
04:13:47|INFO   |__main__:313|attach ('full', 2006) ok (97s elapsed, 57/75)
04:13:50|INFO   |__mp_main__:291|[full] y=2005 concepts=307 active=142 btw graph 12824/93424 in 4.4s
04:13:50|INFO   |__mp_main__:291|[repro_code] y=2005 concepts=145 active=66 btw graph 12751/85540 in 3.2s
04:13:50|INFO   |__main__:313|attach ('full', 2005) ok (100s elapsed, 58/75)
04:13:50|INFO   |__main__:313|attach ('repro_code', 2005) ok (100s elapsed, 59/75)
04:13:50|INFO   |__mp_main__:291|[repro_data] y=2005 concepts=145 active=66 btw graph 12751/85540 in 3.2s
04:13:51|INFO   |__main__:313|attach ('repro_data', 2005) ok (101s elapsed, 60/75)
04:13:52|INFO   |__mp_main__:291|[full] y=2004 concepts=307 active=122 btw graph 13167/95695 in 4.7s
04:13:52|INFO   |__main__:313|attach ('full', 2004) ok (102s elapsed, 61/75)
04:13:54|INFO   |__mp_main__:291|[repro_data] y=2004 concepts=145 active=54 btw graph 13104/88580 in 3.2s
04:13:54|INFO   |__main__:313|attach ('repro_data', 2004) ok (104s elapsed, 62/75)
04:13:54|INFO   |__mp_main__:291|[repro_code] y=2004 concepts=145 active=54 btw graph 13104/88580 in 3.6s
04:13:54|INFO   |__main__:313|attach ('repro_code', 2004) ok (104s elapsed, 63/75)
04:13:54|INFO   |__mp_main__:291|[full] y=2003 concepts=307 active=105 btw graph 12402/87523 in 3.9s
04:13:55|INFO   |__main__:313|attach ('full', 2003) ok (105s elapsed, 64/75)
04:13:55|INFO   |__mp_main__:291|[repro_code] y=2003 concepts=145 active=44 btw graph 12346/81092 in 3.2s
04:13:56|INFO   |__main__:313|attach ('repro_code', 2003) ok (106s elapsed, 65/75)
04:13:57|INFO   |__mp_main__:291|[repro_data] y=2003 concepts=145 active=44 btw graph 12346/81092 in 2.9s
04:13:57|INFO   |__main__:313|attach ('repro_data', 2003) ok (107s elapsed, 66/75)
04:13:57|INFO   |__mp_main__:291|[repro_code] y=2002 concepts=145 active=39 btw graph 11642/74456 in 2.7s
04:13:57|INFO   |__main__:313|attach ('repro_code', 2002) ok (107s elapsed, 67/75)
04:13:58|INFO   |__mp_main__:291|[full] y=2002 concepts=307 active=102 btw graph 11701/80299 in 3.8s
04:13:58|INFO   |__main__:313|attach ('full', 2002) ok (108s elapsed, 68/75)
04:13:59|INFO   |__mp_main__:291|[repro_data] y=2002 concepts=145 active=39 btw graph 11642/74456 in 3.3s
04:13:59|INFO   |__main__:313|attach ('repro_data', 2002) ok (109s elapsed, 69/75)
04:13:59|INFO   |__mp_main__:291|[repro_code] y=2001 concepts=145 active=36 btw graph 8242/45051 in 1.9s
04:13:59|INFO   |__mp_main__:291|[full] y=2001 concepts=307 active=93 btw graph 8295/49007 in 2.7s
04:13:59|INFO   |__main__:313|attach ('repro_code', 2001) ok (109s elapsed, 70/75)
04:14:00|INFO   |__main__:313|attach ('full', 2001) ok (110s elapsed, 71/75)
04:14:00|INFO   |__mp_main__:291|[repro_data] y=2001 concepts=145 active=36 btw graph 8242/45051 in 2.1s
04:14:00|INFO   |__main__:313|attach ('repro_data', 2001) ok (110s elapsed, 72/75)
04:14:01|INFO   |__mp_main__:291|[repro_code] y=2000 concepts=145 active=27 btw graph 4637/18973 in 1.1s
04:14:01|INFO   |__mp_main__:291|[full] y=2000 concepts=307 active=76 btw graph 4683/20954 in 1.6s
04:14:01|INFO   |__main__:313|attach ('repro_code', 2000) ok (111s elapsed, 73/75)
04:14:01|INFO   |__main__:313|attach ('full', 2000) ok (111s elapsed, 74/75)
04:14:01|INFO   |__mp_main__:291|[repro_data] y=2000 concepts=145 active=27 btw graph 4637/18973 in 1.2s
04:14:01|INFO   |__main__:313|attach ('repro_data', 2000) ok (111s elapsed, 75/75)
