04:14:34|INFO   |__main__:98|[repro_code] indicators 1/145 (5s)
04:14:36|INFO   |__main__:98|[repro_code] indicators 51/145 (7s)
04:14:39|INFO   |__main__:98|[repro_code] indicators 101/145 (10s)
04:14:42|INFO   |__main__:220|[repro_code] 2618 rows, 145 concepts
04:14:42|INFO   |__main__:299|indicators repro_code done in 15s
04:14:48|INFO   |__main__:98|[repro_data] indicators 1/145 (5s)
04:14:51|INFO   |__main__:98|[repro_data] indicators 51/145 (8s)
04:14:53|INFO   |__main__:98|[repro_data] indicators 101/145 (10s)
04:14:56|INFO   |__main__:220|[repro_data] 2618 rows, 145 concepts
04:14:56|INFO   |__main__:299|indicators repro_data done in 14s
04:15:02|INFO   |__main__:98|[full] indicators 1/307 (4s)
04:15:05|INFO   |__main__:98|[full] indicators 51/307 (7s)
04:15:08|INFO   |__main__:98|[full] indicators 101/307 (10s)
04:15:11|INFO   |__main__:98|[full] indicators 151/307 (13s)
04:15:13|INFO   |__main__:98|[full] indicators 201/307 (15s)
04:15:16|INFO   |__main__:98|[full] indicators 251/307 (18s)
04:15:19|INFO   |__main__:98|[full] indicators 301/307 (21s)
04:15:19|INFO   |__main__:250|[full] 5549 rows; R1a n_fit 3708; NA shares {'closure': 0.00975975975975976, 'closure_persist': 0.1066066066066066, 'constraint': 0.00975975975975976, 'xc_excess': 0.04504504504504504, 'closure_resT': 0.00975975975975976, 'closure_resT_cc': 0.5472972972972973, 'beta_sim_rar': 0.5472972972972973, 'H': 0.0015015015015015015}
04:15:19|INFO   |__main__:299|indicators full done in 23s
04:15:43|INFO   |__mp_main__:289|[sealed] y=2015 rows=119 written in 5.5s (no values logged)
04:15:43|INFO   |__main__:313|attach ('sealed', 2015) ok (19s elapsed, 1/16)
04:15:43|INFO   |__mp_main__:289|[sealed] y=2013 rows=119 written in 5.2s (no values logged)
04:15:43|INFO   |__main__:313|attach ('sealed', 2013) ok (19s elapsed, 2/16)
04:15:43|INFO   |__mp_main__:289|[sealed] y=2012 rows=119 written in 5.2s (no values logged)
04:15:43|INFO   |__main__:313|attach ('sealed', 2012) ok (19s elapsed, 3/16)
04:15:43|INFO   |__mp_main__:289|[sealed] y=2014 rows=119 written in 5.7s (no values logged)
04:15:43|INFO   |__main__:313|attach ('sealed', 2014) ok (20s elapsed, 4/16)
04:15:47|INFO   |__mp_main__:289|[sealed] y=2011 rows=119 written in 4.5s (no values logged)
04:15:47|INFO   |__mp_main__:289|[sealed] y=2010 rows=119 written in 4.3s (no values logged)
04:15:47|INFO   |__main__:313|attach ('sealed', 2011) ok (24s elapsed, 5/16)
04:15:47|INFO   |__main__:313|attach ('sealed', 2010) ok (24s elapsed, 6/16)
04:15:47|INFO   |__mp_main__:289|[sealed] y=2009 rows=119 written in 4.4s (no values logged)
04:15:47|INFO   |__mp_main__:289|[sealed] y=2008 rows=119 written in 4.0s (no values logged)
04:15:48|INFO   |__main__:313|attach ('sealed', 2008) ok (24s elapsed, 7/16)
04:15:48|INFO   |__main__:313|attach ('sealed', 2009) ok (24s elapsed, 8/16)
04:15:51|INFO   |__mp_main__:289|[sealed] y=2007 rows=119 written in 3.5s (no values logged)
04:15:51|INFO   |__mp_main__:289|[sealed] y=2006 rows=119 written in 3.5s (no values logged)
04:15:51|INFO   |__main__:313|attach ('sealed', 2007) ok (27s elapsed, 9/16)
04:15:51|INFO   |__main__:313|attach ('sealed', 2006) ok (27s elapsed, 10/16)
04:15:51|INFO   |__mp_main__:289|[sealed] y=2005 rows=119 written in 3.5s (no values logged)
04:15:51|INFO   |__mp_main__:289|[sealed] y=2004 rows=119 written in 3.6s (no values logged)
04:15:51|INFO   |__main__:313|attach ('sealed', 2005) ok (28s elapsed, 11/16)
04:15:51|INFO   |__main__:313|attach ('sealed', 2004) ok (28s elapsed, 12/16)
04:15:53|INFO   |__mp_main__:289|[sealed] y=2000 rows=119 written in 1.2s (no values logged)
04:15:53|INFO   |__main__:313|attach ('sealed', 2000) ok (29s elapsed, 13/16)
04:15:53|INFO   |__mp_main__:289|[sealed] y=2001 rows=119 written in 1.8s (no values logged)
04:15:53|INFO   |__main__:313|attach ('sealed', 2001) ok (29s elapsed, 14/16)
04:15:54|INFO   |__mp_main__:289|[sealed] y=2002 rows=119 written in 2.9s (no values logged)
04:15:54|INFO   |__mp_main__:289|[sealed] y=2003 rows=119 written in 3.0s (no values logged)
04:15:54|INFO   |__main__:313|attach ('sealed', 2002) ok (30s elapsed, 15/16)
04:15:54|INFO   |__main__:313|attach ('sealed', 2003) ok (30s elapsed, 16/16)
04:16:05|INFO   |__main__:98|[sealed] indicators 1/119 (5s)
04:16:06|INFO   |__main__:98|[sealed] indicators 51/119 (6s)
04:16:07|INFO   |__main__:98|[sealed] indicators 101/119 (7s)
04:16:08|INFO   |__main__:280|[sealed] held-out indicators written: 866 rows, 119 concepts (no values logged)
04:16:08|INFO   |__main__:299|indicators sealed done in 10s
