11:31:19|INFO   |Pre-screening 3430 descriptors
11:31:19|INFO   |Step A: 20 cached, 3410 to query
11:32:49|INFO   |Step A progress 200/3410 calls=200 retries=0
11:32:49|WARNING|esearch HTTP 502: 
<html><head>
<meta http-equiv="content-type" content="text/html;charset=utf-8">
<title>502 Server Error</title>
</head>
<body text=#000000 bgcolor=#f
11:34:19|INFO   |Step A progress 400/3410 calls=401 retries=1
11:34:31|WARNING|esearch HTTP 429: {"error":"API rate limit exceeded","api-key":"213.173.105.102","count":"4","limit":"3"}

11:35:16|WARNING|esearch HTTP 502: 
<html><head>
<meta http-equiv="content-type" content="text/html;charset=utf-8">
<title>502 Server Error</title>
</head>
<body text=#000000 bgcolor=#f
11:35:51|INFO   |Step A progress 600/3410 calls=603 retries=3
11:36:07|WARNING|esearch HTTP 502: 
<html><head>
<meta http-equiv="content-type" content="text/html;charset=utf-8">
<title>502 Server Error</title>
</head>
<body text=#000000 bgcolor=#f
11:37:21|INFO   |Step A progress 800/3410 calls=804 retries=4
11:37:52|WARNING|esearch HTTP 502: 
<html><head>
<meta http-equiv="content-type" content="text/html;charset=utf-8">
<title>502 Server Error</title>
</head>
<body text=#000000 bgcolor=#f
11:38:52|INFO   |Step A progress 1000/3410 calls=1005 retries=5
11:39:23|WARNING|esearch HTTP 502: 
<html><head>
<meta http-equiv="content-type" content="text/html;charset=utf-8">
<title>502 Server Error</title>
</head>
<body text=#000000 bgcolor=#f
11:40:03|WARNING|esearch HTTP 502: 
<html><head>
<meta http-equiv="content-type" content="text/html;charset=utf-8">
<title>502 Server Error</title>
</head>
<body text=#000000 bgcolor=#f
11:40:23|INFO   |Step A progress 1200/3410 calls=1207 retries=7
11:41:54|INFO   |Step A progress 1400/3410 calls=1407 retries=7
11:42:23|WARNING|esearch HTTP 429: {"error":"API rate limit exceeded","api-key":"213.173.105.102","count":"4","limit":"3"}

11:42:37|WARNING|esearch HTTP 429: {"error":"API rate limit exceeded","api-key":"213.173.105.102","count":"4","limit":"3"}

11:43:25|INFO   |Step A progress 1600/3410 calls=1609 retries=9
11:43:44|WARNING|esearch HTTP 429: {"error":"API rate limit exceeded","api-key":"213.173.105.102","count":"4","limit":"3"}

11:44:01|WARNING|esearch HTTP 429: {"error":"API rate limit exceeded","api-key":"213.173.105.102","count":"4","limit":"3"}

11:44:57|INFO   |Step A progress 1800/3410 calls=1811 retries=11
11:45:09|WARNING|esearch bad payload: {"header":{"type":"esearch","version":"0.3"},"esearchresult":{"ERROR":"Search Backend failed: Pubmed 2.0 search API: HTTP request returned 502 status."}}

11:46:28|INFO   |Step A progress 2000/3410 calls=2012 retries=12
11:47:58|INFO   |Step A progress 2200/3410 calls=2212 retries=12
11:49:28|INFO   |Step A progress 2400/3410 calls=2412 retries=12
11:50:30|WARNING|esearch HTTP 502: 
<html><head>
<meta http-equiv="content-type" content="text/html;charset=utf-8">
<title>502 Server Error</title>
</head>
<body text=#000000 bgcolor=#f
11:50:59|INFO   |Step A progress 2600/3410 calls=2613 retries=13
11:51:50|WARNING|esearch HTTP 502: 
<html><head>
<meta http-equiv="content-type" content="text/html;charset=utf-8">
<title>502 Server Error</title>
</head>
<body text=#000000 bgcolor=#f
11:52:24|WARNING|esearch HTTP 502: 
<html><head>
<meta http-equiv="content-type" content="text/html;charset=utf-8">
<title>502 Server Error</title>
</head>
<body text=#000000 bgcolor=#f
11:52:30|INFO   |Step A progress 2800/3410 calls=2815 retries=15
11:54:00|INFO   |Step A progress 3000/3410 calls=3015 retries=15
11:54:44|WARNING|esearch HTTP 502: 
<html><head>
<meta http-equiv="content-type" content="text/html;charset=utf-8">
<title>502 Server Error</title>
</head>
<body text=#000000 bgcolor=#f
11:55:31|INFO   |Step A progress 3200/3410 calls=3216 retries=16
11:55:58|WARNING|esearch HTTP 502: 
<html><head>
<meta http-equiv="content-type" content="text/html;charset=utf-8">
<title>502 Server Error</title>
</head>
<body text=#000000 bgcolor=#f
11:57:02|INFO   |Step A progress 3400/3410 calls=3417 retries=17
11:57:06|INFO   |Step A progress 3410/3410 calls=3427 retries=17
11:57:06|INFO   |PMID-date prune dropped 1447; 1354 go to exact yearly counts
11:57:06|INFO   |After totals: keep 1354 (big 236, small 393)
11:57:06|INFO   |Step B: 1354 descriptors in 83 chunks x 24 years = 1992 calls
11:57:06|INFO   |Step B: 1992 calls remaining
11:57:51|WARNING|esearch HTTP 502: 
<html><head>
<meta http-equiv="content-type" content="text/html;charset=utf-8">
<title>502 Server Error</title>
</head>
<body text=#000000 bgcolor=#f
11:58:14|INFO   |Step B progress 150/1992 calls=3578 retries=18
11:59:22|INFO   |Step B progress 300/1992 calls=3728 retries=18
11:59:45|WARNING|esearch HTTP 429: {"error":"API rate limit exceeded","api-key":"213.173.105.102","count":"4","limit":"3"}

12:00:03|WARNING|esearch HTTP 429: {"error":"API rate limit exceeded","api-key":"213.173.105.102","count":"4","limit":"3"}

12:00:03|WARNING|esearch HTTP 429: {"error":"API rate limit exceeded","api-key":"213.173.105.102","count":"4","limit":"3"}

12:00:31|INFO   |Step B progress 450/1992 calls=3881 retries=21
12:00:38|WARNING|esearch HTTP 502: 
<html><head>
<meta http-equiv="content-type" content="text/html;charset=utf-8">
<title>502 Server Error</title>
</head>
<body text=#000000 bgcolor=#f
12:01:39|INFO   |Step B progress 600/1992 calls=4032 retries=22
12:01:53|WARNING|esearch HTTP 502: 
<html><head>
<meta http-equiv="content-type" content="text/html;charset=utf-8">
<title>502 Server Error</title>
</head>
<body text=#000000 bgcolor=#f
12:02:20|WARNING|esearch HTTP 502: 
<html><head>
<meta http-equiv="content-type" content="text/html;charset=utf-8">
<title>502 Server Error</title>
</head>
<body text=#000000 bgcolor=#f
12:02:21|WARNING|esearch HTTP 502: 
<html><head>
<meta http-equiv="content-type" content="text/html;charset=utf-8">
<title>502 Server Error</title>
</head>
<body text=#000000 bgcolor=#f
12:02:49|INFO   |Step B progress 750/1992 calls=4185 retries=25
12:03:56|INFO   |Step B progress 900/1992 calls=4335 retries=25
12:05:04|INFO   |Step B progress 1050/1992 calls=4485 retries=25
12:05:29|WARNING|esearch HTTP 502: 
<html><head>
<meta http-equiv="content-type" content="text/html;charset=utf-8">
<title>502 Server Error</title>
</head>
<body text=#000000 bgcolor=#f
12:06:12|INFO   |Step B progress 1200/1992 calls=4636 retries=26
12:06:42|WARNING|esearch HTTP 502: 
<html><head>
<meta http-equiv="content-type" content="text/html;charset=utf-8">
<title>502 Server Error</title>
</head>
<body text=#000000 bgcolor=#f
12:07:20|INFO   |Step B progress 1350/1992 calls=4787 retries=27
12:08:28|INFO   |Step B progress 1500/1992 calls=4937 retries=27
12:09:35|INFO   |Step B progress 1650/1992 calls=5087 retries=27
12:10:43|INFO   |Step B progress 1800/1992 calls=5237 retries=27
12:10:52|WARNING|esearch HTTP 502: 
<html><head>
<meta http-equiv="content-type" content="text/html;charset=utf-8">
<title>502 Server Error</title>
</head>
<body text=#000000 bgcolor=#f
12:11:51|INFO   |Step B progress 1950/1992 calls=5388 retries=28
12:12:10|INFO   |Step B progress 1992/1992 calls=5430 retries=28
12:12:10|INFO   |E-utilities calls: 5430, retries 28
12:12:10|INFO   |Pre-screen outcomes: {'fail_F_window': 892, 'fail_F_window_pmid_prune': 1447, 'fail_total_gt_9999': 236, 'fail_early_volume': 176, 'pass': 283, 'fail_total_lt_15': 393, 'fail_total_cap': 3}
