12:38:29|INFO   |Pre-screening 714 descriptors
12:38:30|INFO   |Step A: 3430 cached, 714 to query
12:38:56|WARNING|esearch HTTP 429: {"error":"API rate limit exceeded","api-key":"213.173.105.102","count":"4","limit":"3"}

12:40:00|INFO   |Step A progress 200/714 calls=201 retries=1
12:41:18|WARNING|esearch HTTP 429: {"error":"API rate limit exceeded","api-key":"213.173.105.102","count":"4","limit":"3"}

12:41:31|INFO   |Step A progress 400/714 calls=402 retries=2
12:41:40|WARNING|esearch HTTP 429: {"error":"API rate limit exceeded","api-key":"213.173.105.102","count":"4","limit":"3"}

12:41:58|WARNING|esearch HTTP 502: 
<html><head>
<meta http-equiv="content-type" content="text/html;charset=utf-8">
<title>502 Server Error</title>
</head>
<body text=#000000 bgcolor=#f
12:43:02|INFO   |Step A progress 600/714 calls=604 retries=4
12:43:54|INFO   |Step A progress 714/714 calls=718 retries=4
12:43:54|INFO   |PMID-date prune dropped 331; 298 go to exact yearly counts
12:43:54|INFO   |After totals: keep 298 (big 29, small 56)
12:43:54|INFO   |Step B: 0 descriptors covered by 0 cached chunks; 298 need new chunks
12:43:54|INFO   |Step B: 298 descriptors in 7 chunks x 24 years
12:43:54|INFO   |Step B: 168 calls remaining
12:44:29|WARNING|esearch HTTP 502: 
<html><head>
<meta http-equiv="content-type" content="text/html;charset=utf-8">
<title>502 Server Error</title>
</head>
<body text=#000000 bgcolor=#f
12:45:02|INFO   |Step B progress 150/168 calls=869 retries=5
12:45:10|INFO   |Step B progress 168/168 calls=887 retries=5
12:45:10|INFO   |E-utilities calls: 887, retries 5
12:45:10|INFO   |Pre-screen outcomes: {'fail_total_gt_9999': 29, 'fail_F_window': 214, 'pass': 40, 'fail_F_window_pmid_prune': 331, 'fail_total_lt_15': 56, 'fail_early_volume': 44}
