12:18:47|INFO   |Pre-screen passers: 283
12:18:47|INFO   |Branch-group sizes {'D': 59, 'C': 30, 'F+H-N': 52, 'G': 21, 'E': 63, 'A+B': 58} -> allocation {'D': 59, 'C': 30, 'F+H-N': 52, 'G': 21, 'E': 63, 'A+B': 58}
12:18:47|INFO   |Working list: 283; groups Counter({'E': 63, 'D': 59, 'A+B': 58, 'F+H-N': 52, 'C': 30, 'G': 21})
12:18:47|INFO   |working list written; fetching MeSH-indexed PMID sets
12:19:16|WARNING|esearch HTTP 502: 
<html><head>
<meta http-equiv="content-type" content="text/html;charset=utf-8">
<title>502 Server Error</title>
</head>
<body text=#000000 bgcolor=#f
12:20:55|INFO   |indexed sets fetched: 283; calls 284
12:20:55|INFO   |indexed yearly: 58 chunks x 25 years = 1450 calls
12:21:09|WARNING|esearch HTTP 502: 
<html><head>
<meta http-equiv="content-type" content="text/html;charset=utf-8">
<title>502 Server Error</title>
</head>
<body text=#000000 bgcolor=#f
12:22:56|WARNING|esearch HTTP 429: {"error":"API rate limit exceeded","api-key":"213.173.105.102","count":"4","limit":"3"}

12:23:31|WARNING|esearch HTTP 502: 
<html><head>
<meta http-equiv="content-type" content="text/html;charset=utf-8">
<title>502 Server Error</title>
</head>
<body text=#000000 bgcolor=#f
12:25:38|WARNING|esearch HTTP 502: 
<html><head>
<meta http-equiv="content-type" content="text/html;charset=utf-8">
<title>502 Server Error</title>
</head>
<body text=#000000 bgcolor=#f
12:27:01|WARNING|esearch HTTP 502: 
<html><head>
<meta http-equiv="content-type" content="text/html;charset=utf-8">
<title>502 Server Error</title>
</head>
<body text=#000000 bgcolor=#f
12:27:47|WARNING|esearch HTTP 502: 
<html><head>
<meta http-equiv="content-type" content="text/html;charset=utf-8">
<title>502 Server Error</title>
</head>
<body text=#000000 bgcolor=#f
12:28:44|WARNING|esearch HTTP 502: 
<html><head>
<meta http-equiv="content-type" content="text/html;charset=utf-8">
<title>502 Server Error</title>
</head>
<body text=#000000 bgcolor=#f
12:28:58|WARNING|esearch HTTP 502: 
<html><head>
<meta http-equiv="content-type" content="text/html;charset=utf-8">
<title>502 Server Error</title>
</head>
<body text=#000000 bgcolor=#f
12:29:51|WARNING|esearch HTTP 502: 
<html><head>
<meta http-equiv="content-type" content="text/html;charset=utf-8">
<title>502 Server Error</title>
</head>
<body text=#000000 bgcolor=#f
12:31:53|INFO   |E-utilities calls total 1743, retries 10
