07:09:07|INFO   |method:56|===== stage freeze (mini=False) =====
07:09:15|INFO   |freeze:96|controls: primary ['prox_od', 'RD', 'log_n_partner_tags', 'cov', 'demic', 'mean_topic_score', 'boundary_share', 'abstract_share']; secondary ['prox_od', 'RD', 'log_n_partner_tags', 'cov', 'demic', 'mean_topic_score', 'boundary_share', 'abstract_share', 'mom_d', 'log_centrality', 'log_W1']; {'topic_controls_kept': True, 'hydrated_event_share': 1.0}
07:09:16|INFO   |models_mesh:288|model sample: {'n_events_outcomes': 2249, 'n_sample': 2249, 'n_concepts': 187, 'dropped_missing_controls': 0}
07:09:16|INFO   |models_mesh:304|R1: (983, 136, 1.527, 0.0007)
07:09:16|INFO   |models_mesh:304|R2: (2166, 168, 1.249, 0.0)
07:09:16|INFO   |models_mesh:304|R3: (1901, 168, 1.237, 0.0001)
07:09:16|INFO   |models_mesh:304|R4: (1387, 148, 1.398, 0.0)
07:09:16|INFO   |models_mesh:304|R2_A_only: (2166, 168, 1.25, 0.0)
07:09:16|INFO   |models_mesh:304|S1: (790, 112, 1.202, 0.0058)
07:09:16|INFO   |models_mesh:304|S1_primary: (119, 35, 0.628, 0.2782)
07:09:16|INFO   |models_mesh:304|S2: (2166, 168, 1.197, 0.0)
07:09:16|INFO   |models_mesh:304|S2_primary: (983, 136, 1.345, 0.0035)
07:09:17|INFO   |models_mesh:304|S3: (2166, 168, 0.995, 0.8575)
07:09:17|INFO   |models_mesh:304|S4: (2166, 168, 1.256, 0.0)
07:09:17|INFO   |models_mesh:304|S5: (2166, 168, 1.89, 0.0)
07:09:17|INFO   |models_mesh:304|S6: (120, 39, 1.438, 0.0489)
07:09:17|INFO   |models_mesh:304|S7: None
07:09:17|INFO   |models_mesh:304|S8: (1900, 151, 1.229, 0.0)
07:09:17|INFO   |models_mesh:304|S9: (1990, 156, 1.259, 0.0)
07:09:17|INFO   |models_mesh:304|S10: (2191, 170, 1.245, 0.0)
07:09:17|INFO   |models_mesh:304|S11: (2207, 172, 1.248, 0.0)
07:09:17|INFO   |models_mesh:304|S12: (2598, 184, 0.983, 0.3477)
07:09:17|INFO   |models_mesh:304|S13: (2166, 168, 1.25, 0.0)
07:09:17|INFO   |models_mesh:304|S14_health: (1400, 151, 1.225, 0.0)
07:09:17|INFO   |models_mesh:304|S14_life: (689, 128, 1.233, 0.0019)
07:09:17|INFO   |models_mesh:304|S16: (2166, 168, 1.249, 0.0)
07:09:17|INFO   |models_mesh:304|S17: (2090, 165, 1.24, 0.0)
07:09:17|INFO   |models_mesh:304|S18: (1915, 164, 1.251, 0.0)
07:09:27|INFO   |io_load:94|profiles: 5488 (node, block) over 1372 nodes
07:09:47|INFO   |models_mesh:412|G4 VERDICT: {'verdict': 'REPLICATED', 'irr_sd': 1.249155189598934, 'ci95': [1.171480368509078, 1.3319802274517216], 'holm_p': 2.834847033634594e-10, 'p_wild': 0.001, 'MDE80_R2': 1.1, 'tag_weighted_coverage': 0.8330433002354386, 'ceiling_applied': None, 'rule': "REPLICATED if IRR/SD > 1, 95% CI excludes 1, Holm p < .05 and p_wild < .05; REVERSED if significantly < 1; else UNDERPOWERED if MDE80(R2) > 1.29, else NOT_REPLICATED ('claim restricted to the physical/CS pool'); coverage < 0.5 caps REPLICATED at COVERAGE_LIMITED", 'reading_R2': 'GRAFTING', 'reading_R1': 'GRAFTING', 'prediction': 'dry run', 'prediction_consistent': True, 'mechanism': {'G1_multi_team': {'irr_sd': 1.2024944949946366, 'ci': [1.055948610123728, 1.3693782032848885], 'p_crv1': 0.005829079419763131, 'p_wild': 0.007, 'N': 790, 'G': 112, 'MDE80': 1.4}, 'G2': {'NATIVE': {'irr_sd': 1.1968747136231814, 'ci': [1.1209899162222616, 1.2778964907535755], 'p_crv1': 2.0872169194647273e-07, 'p_wild': 0.002}, 'ADJACENT': {'irr_sd': 1.0753401454721625, 'ci': [0.9938457123026101, 1.1635170471128413], 'p_crv1': 0.07060707907892143, 'p_wild': 0.078}}, 'G2_carrier': 'NATIVE'}}
07:09:47|INFO   |freeze:118|dry run: {'seconds': 31.6, 'R2_irr_sd_true_1.30': 1.249155189598934, 'verdict_on_synthetic': 'REPLICATED', 'n_rows': 26, 'crosscheck': {'pass_coef_1e-4': True, 'pass_se_rel_1e-3': True}}
07:09:47|INFO   |power_mesh:113|power baseline: theta 5.595; main N 1544 G 140
07:11:10|INFO   |power_mesh:149|power: MDE {'R2': 1.2, 'R1': 1.4, 'S1': 1.3}; T3 {'1.0': {'mean_lnirr_sd_R2': 0.003716286090675781, 'true': 0.0, 'bias': 0.003716286090675781, 'n': 200}, '1.3': {'mean_lnirr_sd_R2': 0.25746365577331803, 'true': 0.26236426446749106, 'bias': -0.004900608694173025, 'n': 200}, 'size_at_1.00_R2': {'crv1_two_sided_0.05': 0.105, 'wild_0.05': 0.1, 'n_wild': 50}, 'pass_bias': True, 'pass_size': False}
07:11:10|INFO   |freeze:121|power done in 83s
07:11:10|INFO   |freeze:204|FROZEN mesh_spec.json sha256 b7cdabf8144581ab7903ea29c3a8e9d03e047e45e7f343c0dec1cb4a05a47c91 at 2026-09-29T07:11:10Z
07:11:10|INFO   |method:88|stage freeze done in 123.2 s
