07:12:22|INFO   |method:56|===== stage models (mini=False) =====
07:12:30|INFO   |models_mesh:288|model sample: {'n_events_outcomes': 2267, 'n_sample': 2249, 'n_concepts': 187, 'dropped_missing_controls': 18}
07:12:30|INFO   |models_mesh:304|R1: (1004, 122, 1.324, 0.0037)
07:12:30|INFO   |models_mesh:304|R2: (2171, 160, 1.233, 0.0)
07:12:30|INFO   |models_mesh:304|R3: (1852, 158, 1.251, 0.0)
07:12:30|INFO   |models_mesh:304|R4: (1320, 138, 1.383, 0.0)
07:12:30|INFO   |models_mesh:304|R2_A_only: (2171, 160, 1.219, 0.0002)
07:12:30|INFO   |models_mesh:304|S1: (830, 119, 1.079, 0.2161)
07:12:30|INFO   |models_mesh:304|S1_primary: (164, 43, 1.657, 0.0381)
07:12:30|INFO   |models_mesh:304|S2: (2171, 160, 1.171, 0.0002)
07:12:31|INFO   |models_mesh:304|S2_primary: (1004, 122, 1.157, 0.0893)
07:12:31|INFO   |models_mesh:304|S3: (2171, 160, 1.031, 0.3829)
07:12:31|INFO   |models_mesh:304|S4: (2171, 160, 1.217, 0.0001)
07:12:31|INFO   |models_mesh:304|S5: (2171, 160, 1.722, 0.0001)
07:12:31|INFO   |models_mesh:304|S6: (123, 39, 1.007, 0.972)
07:12:31|INFO   |models_mesh:304|S7: None
07:12:31|INFO   |models_mesh:304|S8: (1901, 144, 1.19, 0.0004)
07:12:31|INFO   |models_mesh:304|S9: (1976, 148, 1.292, 0.0)
07:12:31|INFO   |models_mesh:304|S10: (2201, 166, 1.23, 0.0)
07:12:31|INFO   |models_mesh:304|S11: (2208, 168, 1.23, 0.0)
07:12:31|INFO   |models_mesh:304|S12: (2531, 170, 1.162, 0.0009)
07:12:31|INFO   |models_mesh:304|S13: (2171, 160, 1.233, 0.0001)
07:12:31|INFO   |models_mesh:304|S14_health: (1381, 140, 1.212, 0.0006)
07:12:31|INFO   |models_mesh:304|S14_life: (695, 122, 1.22, 0.0146)
07:12:31|INFO   |models_mesh:304|S16: (2171, 160, 1.243, 0.0)
07:12:31|INFO   |models_mesh:304|S17: (2101, 159, 1.239, 0.0)
07:12:31|INFO   |models_mesh:304|S18: (1922, 157, 1.242, 0.0)
07:12:40|INFO   |io_load:94|profiles: 5488 (node, block) over 1372 nodes
07:13:22|INFO   |models_mesh:412|G4 VERDICT: {'verdict': 'REPLICATED', 'irr_sd': 1.2329838323526203, 'ci95': [1.1167392468870916, 1.3613286495308963], 'holm_p': 9.707811581090235e-05, 'p_wild': 0.001, 'MDE80_R2': 1.2, 'tag_weighted_coverage': 0.8330433002354386, 'ceiling_applied': None, 'rule': "REPLICATED if IRR/SD > 1, 95% CI excludes 1, Holm p < .05 and p_wild < .05; REVERSED if significantly < 1; else UNDERPOWERED if MDE80(R2) > 1.29, else NOT_REPLICATED ('claim restricted to the physical/CS pool'); coverage < 0.5 caps REPLICATED at COVERAGE_LIMITED", 'reading_R2': 'GRAFTING', 'reading_R1': 'GRAFTING', 'prediction': 'IRR/SD > 1 in biomedicine, consistent with the main non-physics stratum 1.29', 'prediction_consistent': True, 'mechanism': {'G1_multi_team': {'irr_sd': 1.079315864842692, 'ci': [0.9557976304121785, 1.2187964261836122], 'p_crv1': 0.21609289540983243, 'p_wild': 0.203, 'N': 830, 'G': 119, 'MDE80': 1.3}, 'G2': {'NATIVE': {'irr_sd': 1.1710194970238488, 'ci': [1.0778641600373233, 1.2722258641223438], 'p_crv1': 0.00023703930156265468, 'p_wild': 0.002}, 'ADJACENT': {'irr_sd': 1.1145871903365472, 'ci': [1.0266855635067063, 1.2100146812419885], 'p_crv1': 0.009970627532528314, 'p_wild': 0.02}}, 'G2_carrier': 'both'}}
07:13:22|INFO   |method:88|stage models done in 59.8 s
